Archive member included to satisfy reference by file (symbol)

c:/st/stm32cubeide_1.6.1/stm32cubeide/plugins/com.st.stm32cube.ide.mcu.externaltools.gnu-tools-for-stm32.9-2020-q2-update.win32_1.5.0.202011040924/tools/bin/../lib/gcc/arm-none-eabi/9.3.1/../../../../arm-none-eabi/lib/thumb/v7-m/nofp\libc_nano.a(lib_a-errno.o)
                              Core/Src/syscalls.o (__errno)
c:/st/stm32cubeide_1.6.1/stm32cubeide/plugins/com.st.stm32cube.ide.mcu.externaltools.gnu-tools-for-stm32.9-2020-q2-update.win32_1.5.0.202011040924/tools/bin/../lib/gcc/arm-none-eabi/9.3.1/../../../../arm-none-eabi/lib/thumb/v7-m/nofp\libc_nano.a(lib_a-exit.o)
                              c:/st/stm32cubeide_1.6.1/stm32cubeide/plugins/com.st.stm32cube.ide.mcu.externaltools.gnu-tools-for-stm32.9-2020-q2-update.win32_1.5.0.202011040924/tools/bin/../lib/gcc/arm-none-eabi/9.3.1/../../../../arm-none-eabi/lib/thumb/v7-m/nofp/crt0.o (exit)
c:/st/stm32cubeide_1.6.1/stm32cubeide/plugins/com.st.stm32cube.ide.mcu.externaltools.gnu-tools-for-stm32.9-2020-q2-update.win32_1.5.0.202011040924/tools/bin/../lib/gcc/arm-none-eabi/9.3.1/../../../../arm-none-eabi/lib/thumb/v7-m/nofp\libc_nano.a(lib_a-impure.o)
                              c:/st/stm32cubeide_1.6.1/stm32cubeide/plugins/com.st.stm32cube.ide.mcu.externaltools.gnu-tools-for-stm32.9-2020-q2-update.win32_1.5.0.202011040924/tools/bin/../lib/gcc/arm-none-eabi/9.3.1/../../../../arm-none-eabi/lib/thumb/v7-m/nofp\libc_nano.a(lib_a-exit.o) (_global_impure_ptr)
c:/st/stm32cubeide_1.6.1/stm32cubeide/plugins/com.st.stm32cube.ide.mcu.externaltools.gnu-tools-for-stm32.9-2020-q2-update.win32_1.5.0.202011040924/tools/bin/../lib/gcc/arm-none-eabi/9.3.1/../../../../arm-none-eabi/lib/thumb/v7-m/nofp\libc_nano.a(lib_a-init.o)
                              c:/st/stm32cubeide_1.6.1/stm32cubeide/plugins/com.st.stm32cube.ide.mcu.externaltools.gnu-tools-for-stm32.9-2020-q2-update.win32_1.5.0.202011040924/tools/bin/../lib/gcc/arm-none-eabi/9.3.1/../../../../arm-none-eabi/lib/thumb/v7-m/nofp/crt0.o (__libc_init_array)
c:/st/stm32cubeide_1.6.1/stm32cubeide/plugins/com.st.stm32cube.ide.mcu.externaltools.gnu-tools-for-stm32.9-2020-q2-update.win32_1.5.0.202011040924/tools/bin/../lib/gcc/arm-none-eabi/9.3.1/../../../../arm-none-eabi/lib/thumb/v7-m/nofp\libc_nano.a(lib_a-malloc.o)
                              Core/Src/heap_3.o (malloc)
c:/st/stm32cubeide_1.6.1/stm32cubeide/plugins/com.st.stm32cube.ide.mcu.externaltools.gnu-tools-for-stm32.9-2020-q2-update.win32_1.5.0.202011040924/tools/bin/../lib/gcc/arm-none-eabi/9.3.1/../../../../arm-none-eabi/lib/thumb/v7-m/nofp\libc_nano.a(lib_a-memcpy-stub.o)
                              Core/Src/queue.o (memcpy)
c:/st/stm32cubeide_1.6.1/stm32cubeide/plugins/com.st.stm32cube.ide.mcu.externaltools.gnu-tools-for-stm32.9-2020-q2-update.win32_1.5.0.202011040924/tools/bin/../lib/gcc/arm-none-eabi/9.3.1/../../../../arm-none-eabi/lib/thumb/v7-m/nofp\libc_nano.a(lib_a-memset.o)
                              c:/st/stm32cubeide_1.6.1/stm32cubeide/plugins/com.st.stm32cube.ide.mcu.externaltools.gnu-tools-for-stm32.9-2020-q2-update.win32_1.5.0.202011040924/tools/bin/../lib/gcc/arm-none-eabi/9.3.1/../../../../arm-none-eabi/lib/thumb/v7-m/nofp/crt0.o (memset)
c:/st/stm32cubeide_1.6.1/stm32cubeide/plugins/com.st.stm32cube.ide.mcu.externaltools.gnu-tools-for-stm32.9-2020-q2-update.win32_1.5.0.202011040924/tools/bin/../lib/gcc/arm-none-eabi/9.3.1/../../../../arm-none-eabi/lib/thumb/v7-m/nofp\libc_nano.a(lib_a-nano-freer.o)
                              c:/st/stm32cubeide_1.6.1/stm32cubeide/plugins/com.st.stm32cube.ide.mcu.externaltools.gnu-tools-for-stm32.9-2020-q2-update.win32_1.5.0.202011040924/tools/bin/../lib/gcc/arm-none-eabi/9.3.1/../../../../arm-none-eabi/lib/thumb/v7-m/nofp\libc_nano.a(lib_a-malloc.o) (_free_r)
c:/st/stm32cubeide_1.6.1/stm32cubeide/plugins/com.st.stm32cube.ide.mcu.externaltools.gnu-tools-for-stm32.9-2020-q2-update.win32_1.5.0.202011040924/tools/bin/../lib/gcc/arm-none-eabi/9.3.1/../../../../arm-none-eabi/lib/thumb/v7-m/nofp\libc_nano.a(lib_a-nano-mallocr.o)
                              c:/st/stm32cubeide_1.6.1/stm32cubeide/plugins/com.st.stm32cube.ide.mcu.externaltools.gnu-tools-for-stm32.9-2020-q2-update.win32_1.5.0.202011040924/tools/bin/../lib/gcc/arm-none-eabi/9.3.1/../../../../arm-none-eabi/lib/thumb/v7-m/nofp\libc_nano.a(lib_a-malloc.o) (_malloc_r)
c:/st/stm32cubeide_1.6.1/stm32cubeide/plugins/com.st.stm32cube.ide.mcu.externaltools.gnu-tools-for-stm32.9-2020-q2-update.win32_1.5.0.202011040924/tools/bin/../lib/gcc/arm-none-eabi/9.3.1/../../../../arm-none-eabi/lib/thumb/v7-m/nofp\libc_nano.a(lib_a-nano-vfprintf_float.o)
                              (_printf_float)
c:/st/stm32cubeide_1.6.1/stm32cubeide/plugins/com.st.stm32cube.ide.mcu.externaltools.gnu-tools-for-stm32.9-2020-q2-update.win32_1.5.0.202011040924/tools/bin/../lib/gcc/arm-none-eabi/9.3.1/../../../../arm-none-eabi/lib/thumb/v7-m/nofp\libc_nano.a(lib_a-nano-vfprintf_i.o)
[...]
Memory Configuration

Name             Origin             Length             Attributes
RAM              0x0000000020000000 0x0000000000005000 xrw
FLASH            0x0000000008000000 0x0000000000010000 xr
*default*        0x0000000000000000 0xffffffffffffffff

Linker script and memory map

LOAD c:/st/stm32cubeide_1.6.1/stm32cubeide/plugins/com.st.stm32cube.ide.mcu.externaltools.gnu-tools-for-stm32.9-2020-q2-update.win32_1.5.0.202011040924/tools/bin/../lib/gcc/arm-none-eabi/9.3.1/thumb/v7-m/nofp/crti.o
LOAD c:/st/stm32cubeide_1.6.1/stm32cubeide/plugins/com.st.stm32cube.ide.mcu.externaltools.gnu-tools-for-stm32.9-2020-q2-update.win32_1.5.0.202011040924/tools/bin/../lib/gcc/arm-none-eabi/9.3.1/thumb/v7-m/nofp/crtbegin.o
LOAD c:/st/stm32cubeide_1.6.1/stm32cubeide/plugins/com.st.stm32cube.ide.mcu.externaltools.gnu-tools-for-stm32.9-2020-q2-update.win32_1.5.0.202011040924/tools/bin/../lib/gcc/arm-none-eabi/9.3.1/../../../../arm-none-eabi/lib/thumb/v7-m/nofp/crt0.o
LOAD Core/Src/croutine.o
LOAD Core/Src/event_groups.o
LOAD Core/Src/heap_3.o
LOAD Core/Src/lcd_i2c.o
LOAD Core/Src/list.o
LOAD Core/Src/main.o
LOAD Core/Src/port.o
LOAD Core/Src/queue.o
LOAD Core/Src/stm32f1xx_hal_msp.o
LOAD Core/Src/stm32f1xx_hal_timebase_tim.o
LOAD Core/Src/stm32f1xx_it.o
LOAD Core/Src/stream_buffer.o
LOAD Core/Src/syscalls.o
LOAD Core/Src/sysmem.o
LOAD Core/Src/system_stm32f1xx.o
LOAD Core/Src/tasks.o
LOAD Core/Src/timers.o
LOAD Core/Startup/startup_stm32f103c8tx.o
LOAD Drivers/STM32F1xx_HAL_Driver/Src/stm32f1xx_hal.o
LOAD Drivers/STM32F1xx_HAL_Driver/Src/stm32f1xx_hal_cortex.o
LOAD Drivers/STM32F1xx_HAL_Driver/Src/stm32f1xx_hal_dma.o
LOAD Drivers/STM32F1xx_HAL_Driver/Src/stm32f1xx_hal_exti.o
LOAD Drivers/STM32F1xx_HAL_Driver/Src/stm32f1xx_hal_flash.o
LOAD Drivers/STM32F1xx_HAL_Driver/Src/stm32f1xx_hal_flash_ex.o
LOAD Drivers/STM32F1xx_HAL_Driver/Src/stm32f1xx_hal_gpio.o
LOAD Drivers/STM32F1xx_HAL_Driver/Src/stm32f1xx_hal_gpio_ex.o
LOAD Drivers/STM32F1xx_HAL_Driver/Src/stm32f1xx_hal_i2c.o
LOAD Drivers/STM32F1xx_HAL_Driver/Src/stm32f1xx_hal_pwr.o
LOAD Drivers/STM32F1xx_HAL_Driver/Src/stm32f1xx_hal_rcc.o
LOAD Drivers/STM32F1xx_HAL_Driver/Src/stm32f1xx_hal_rcc_ex.o
LOAD Drivers/STM32F1xx_HAL_Driver/Src/stm32f1xx_hal_tim.o
LOAD Drivers/STM32F1xx_HAL_Driver/Src/stm32f1xx_hal_tim_ex.o
START GROUP
LOAD c:/st/stm32cubeide_1.6.1/stm32cubeide/plugins/com.st.stm32cube.ide.mcu.externaltools.gnu-tools-for-stm32.9-2020-q2-update.win32_1.5.0.202011040924/tools/bin/../lib/gcc/arm-none-eabi/9.3.1/../../../../arm-none-eabi/lib/thumb/v7-m/nofp\libc_nano.a
LOAD c:/st/stm32cubeide_1.6.1/stm32cubeide/plugins/com.st.stm32cube.ide.mcu.externaltools.gnu-tools-for-stm32.9-2020-q2-update.win32_1.5.0.202011040924/tools/bin/../lib/gcc/arm-none-eabi/9.3.1/../../../../arm-none-eabi/lib/thumb/v7-m/nofp\libm.a
END GROUP
START GROUP
LOAD c:/st/stm32cubeide_1.6.1/stm32cubeide/plugins/com.st.stm32cube.ide.mcu.externaltools.gnu-tools-for-stm32.9-2020-q2-update.win32_1.5.0.202011040924/tools/bin/../lib/gcc/arm-none-eabi/9.3.1/thumb/v7-m/nofp\libgcc.a
LOAD c:/st/stm32cubeide_1.6.1/stm32cubeide/plugins/com.st.stm32cube.ide.mcu.externaltools.gnu-tools-for-stm32.9-2020-q2-update.win32_1.5.0.202011040924/tools/bin/../lib/gcc/arm-none-eabi/9.3.1/../../../../arm-none-eabi/lib/thumb/v7-m/nofp\libc_nano.a
END GROUP
START GROUP
LOAD c:/st/stm32cubeide_1.6.1/stm32cubeide/plugins/com.st.stm32cube.ide.mcu.externaltools.gnu-tools-for-stm32.9-2020-q2-update.win32_1.5.0.202011040924/tools/bin/../lib/gcc/arm-none-eabi/9.3.1/thumb/v7-m/nofp\libgcc.a
LOAD c:/st/stm32cubeide_1.6.1/stm32cubeide/plugins/com.st.stm32cube.ide.mcu.externaltools.gnu-tools-for-stm32.9-2020-q2-update.win32_1.5.0.202011040924/tools/bin/../lib/gcc/arm-none-eabi/9.3.1/../../../../arm-none-eabi/lib/thumb/v7-m/nofp\libc_nano.a
LOAD c:/st/stm32cubeide_1.6.1/stm32cubeide/plugins/com.st.stm32cube.ide.mcu.externaltools.gnu-tools-for-stm32.9-2020-q2-update.win32_1.5.0.202011040924/tools/bin/../lib/gcc/arm-none-eabi/9.3.1/../../../../arm-none-eabi/lib/thumb/v7-m/nofp\libnosys.a
END GROUP
START GROUP
LOAD c:/st/stm32cubeide_1.6.1/stm32cubeide/plugins/com.st.stm32cube.ide.mcu.externaltools.gnu-tools-for-stm32.9-2020-q2-update.win32_1.5.0.202011040924/tools/bin/../lib/gcc/arm-none-eabi/9.3.1/thumb/v7-m/nofp\libgcc.a
LOAD c:/st/stm32cubeide_1.6.1/stm32cubeide/plugins/com.st.stm32cube.ide.mcu.externaltools.gnu-tools-for-stm32.9-2020-q2-update.win32_1.5.0.202011040924/tools/bin/../lib/gcc/arm-none-eabi/9.3.1/../../../../arm-none-eabi/lib/thumb/v7-m/nofp\libc_nano.a
LOAD c:/st/stm32cubeide_1.6.1/stm32cubeide/plugins/com.st.stm32cube.ide.mcu.externaltools.gnu-tools-for-stm32.9-2020-q2-update.win32_1.5.0.202011040924/tools/bin/../lib/gcc/arm-none-eabi/9.3.1/../../../../arm-none-eabi/lib/thumb/v7-m/nofp\libnosys.a
END GROUP
LOAD c:/st/stm32cubeide_1.6.1/stm32cubeide/plugins/com.st.stm32cube.ide.mcu.externaltools.gnu-tools-for-stm32.9-2020-q2-update.win32_1.5.0.202011040924/tools/bin/../lib/gcc/arm-none-eabi/9.3.1/thumb/v7-m/nofp/crtend.o
LOAD c:/st/stm32cubeide_1.6.1/stm32cubeide/plugins/com.st.stm32cube.ide.mcu.externaltools.gnu-tools-for-stm32.9-2020-q2-update.win32_1.5.0.202011040924/tools/bin/../lib/gcc/arm-none-eabi/9.3.1/thumb/v7-m/nofp/crtn.o
                0x0000000020005000                _estack = (ORIGIN (RAM) + LENGTH (RAM))
                0x0000000000000200                _Min_Heap_Size = 0x200
                0x0000000000000400                _Min_Stack_Size = 0x400

.isr_vector     0x0000000008000000      0x10c
                0x0000000008000000                . = ALIGN (0x4)
 *(.isr_vector)
 .isr_vector    0x0000000008000000      0x10c Core/Startup/startup_stm32f103c8tx.o
                0x0000000008000000                g_pfnVectors
                0x000000000800010c                . = ALIGN (0x4)

.text           0x0000000008000110     0xb3dc
                0x0000000008000110                . = ALIGN (0x4)
 *(.text)
 .text          0x0000000008000110       0x40 c:/st/stm32cubeide_1.6.1/stm32cubeide/plugins/com.st.stm32cube.ide.mcu.externaltools.gnu-tools-for-stm32.9-2020-q2-update.win32_1.5.0.202011040924/tools/bin/../lib/gcc/arm-none-eabi/9.3.1/thumb/v7-m/nofp/crtbegin.o
 .text          0x0000000008000150       0x10 c:/st/stm32cubeide_1.6.1/stm32cubeide/plugins/com.st.stm32cube.ide.mcu.externaltools.gnu-tools-for-stm32.9-2020-q2-update.win32_1.5.0.202011040924/tools/bin/../lib/gcc/arm-none-eabi/9.3.1/../../../../arm-none-eabi/lib/thumb/v7-m/nofp\libc_nano.a(lib_a-strlen.o)
                0x0000000008000150                strlen
 .text          0x0000000008000160      0x378 c:/st/stm32cubeide_1.6.1/stm32cubeide/plugins/com.st.stm32cube.ide.mcu.externaltools.gnu-tools-for-stm32.9-2020-q2-update.win32_1.5.0.202011040924/tools/bin/../lib/gcc/arm-none-eabi/9.3.1/thumb/v7-m/nofp\libgcc.a(_arm_addsubdf3.o)
                0x0000000008000160                __aeabi_drsub
                0x0000000008000168                __aeabi_dsub
                0x0000000008000168                __subdf3
                0x000000000800016c                __aeabi_dadd
                0x000000000800016c                __adddf3
                0x00000000080003e4                __floatunsidf
                0x00000000080003e4                __aeabi_ui2d
                0x0000000008000404                __floatsidf
                0x0000000008000404                __aeabi_i2d
                0x0000000008000428                __aeabi_f2d
                0x0000000008000428                __extendsfdf2
                0x000000000800046c                __floatundidf
                0x000000000800046c                __aeabi_ul2d
                0x000000000800047c                __floatdidf
                0x000000000800047c                __aeabi_l2d
 .text          0x00000000080004d8      0x424 c:/st/stm32cubeide_1.6.1/stm32cubeide/plugins/com.st.stm32cube.ide.mcu.externaltools.gnu-tools-for-stm32.9-2020-q2-update.win32_1.5.0.202011040924/tools/bin/../lib/gcc/arm-none-eabi/9.3.1/thumb/v7-m/nofp\libgcc.a(_arm_muldivdf3.o)
                0x00000000080004d8                __aeabi_dmul
                0x00000000080004d8                __muldf3
                0x000000000800072c                __divdf3
                0x000000000800072c                __aeabi_ddiv
 .text          0x00000000080008fc      0x110 c:/st/stm32cubeide_1.6.1/stm32cubeide/plugins/com.st.stm32cube.ide.mcu.externaltools.gnu-tools-for-stm32.9-2020-q2-update.win32_1.5.0.202011040924/tools/bin/../lib/gcc/arm-none-eabi/9.3.1/thumb/v7-m/nofp\libgcc.a(_arm_cmpdf2.o)
                0x00000000080008fc                __gtdf2
                0x00000000080008fc                __gedf2
                0x0000000008000904                __ltdf2
                0x0000000008000904                __ledf2
                0x000000000800090c                __nedf2
                0x000000000800090c                __eqdf2
                0x000000000800090c                __cmpdf2
                0x0000000008000988                __aeabi_cdrcmple
                0x0000000008000998                __aeabi_cdcmpeq
                0x0000000008000998                __aeabi_cdcmple
                0x00000000080009a8                __aeabi_dcmpeq
                0x00000000080009bc                __aeabi_dcmplt
                0x00000000080009d0                __aeabi_dcmple
                0x00000000080009e4                __aeabi_dcmpge
                0x00000000080009f8                __aeabi_dcmpgt
 .text          0x0000000008000a0c       0x2c c:/st/stm32cubeide_1.6.1/stm32cubeide/plugins/com.st.stm32cube.ide.mcu.externaltools.gnu-tools-for-stm32.9-2020-q2-update.win32_1.5.0.202011040924/tools/bin/../lib/gcc/arm-none-eabi/9.3.1/thumb/v7-m/nofp\libgcc.a(_arm_unorddf2.o)
                0x0000000008000a0c                __unorddf2
                0x0000000008000a0c                __aeabi_dcmpun
 .text          0x0000000008000a38       0x50 c:/st/stm32cubeide_1.6.1/stm32cubeide/plugins/com.st.stm32cube.ide.mcu.externaltools.gnu-tools-for-stm32.9-2020-q2-update.win32_1.5.0.202011040924/tools/bin/../lib/gcc/arm-none-eabi/9.3.1/thumb/v7-m/nofp\libgcc.a(_arm_fixdfsi.o)
                0x0000000008000a38                __aeabi_d2iz
                0x0000000008000a38                __fixdfsi
 .text          0x0000000008000a88       0x40 c:/st/stm32cubeide_1.6.1/stm32cubeide/plugins/com.st.stm32cube.ide.mcu.externaltools.gnu-tools-for-stm32.9-2020-q2-update.win32_1.5.0.202011040924/tools/bin/../lib/gcc/arm-none-eabi/9.3.1/thumb/v7-m/nofp\libgcc.a(_arm_fixunsdfsi.o)
                0x0000000008000a88                __aeabi_d2uiz
                0x0000000008000a88                __fixunsdfsi
 .text          0x0000000008000ac8      0x21c c:/st/stm32cubeide_1.6.1/stm32cubeide/plugins/com.st.stm32cube.ide.mcu.externaltools.gnu-tools-for-stm32.9-2020-q2-update.win32_1.5.0.202011040924/tools/bin/../lib/gcc/arm-none-eabi/9.3.1/thumb/v7-m/nofp\libgcc.a(_arm_addsubsf3.o)
                0x0000000008000ac8                __aeabi_frsub
                0x0000000008000ad0                __subsf3
                0x0000000008000ad0                __aeabi_fsub
                0x0000000008000ad4                __aeabi_fadd
                0x0000000008000ad4                __addsf3
                0x0000000008000c34                __aeabi_ui2f
                0x0000000008000c34                __floatunsisf
                0x0000000008000c3c                __aeabi_i2f
                0x0000000008000c3c                __floatsisf
                0x0000000008000c58                __aeabi_ul2f
                0x0000000008000c58                __floatundisf
                0x0000000008000c68                __aeabi_l2f
                0x0000000008000c68                __floatdisf
 .text          0x0000000008000ce4      0x2a0 c:/st/stm32cubeide_1.6.1/stm32cubeide/plugins/com.st.stm32cube.ide.mcu.externaltools.gnu-tools-for-stm32.9-2020-q2-update.win32_1.5.0.202011040924/tools/bin/../lib/gcc/arm-none-eabi/9.3.1/thumb/v7-m/nofp\libgcc.a(_arm_muldivsf3.o)
                0x0000000008000ce4                __mulsf3
                0x0000000008000ce4                __aeabi_fmul
                0x0000000008000e4c                __aeabi_fdiv
                0x0000000008000e4c                __divsf3
 .text          0x0000000008000f84       0xec c:/st/stm32cubeide_1.6.1/stm32cubeide/plugins/com.st.stm32cube.ide.mcu.externaltools.gnu-tools-for-stm32.9-2020-q2-update.win32_1.5.0.202011040924/tools/bin/../lib/gcc/arm-none-eabi/9.3.1/thumb/v7-m/nofp\libgcc.a(_arm_cmpsf2.o)
                0x0000000008000f84                __gesf2
                0x0000000008000f84                __gtsf2
                0x0000000008000f8c                __lesf2
                0x0000000008000f8c                __ltsf2
                0x0000000008000f94                __nesf2
                0x0000000008000f94                __eqsf2
                0x0000000008000f94                __cmpsf2
                0x0000000008000ff4                __aeabi_cfrcmple
                0x0000000008000ffc                __aeabi_cfcmpeq
                0x0000000008000ffc                __aeabi_cfcmple
                0x000000000800100c                __aeabi_fcmpeq
                0x0000000008001020                __aeabi_fcmplt
                0x0000000008001034                __aeabi_fcmple
                0x0000000008001048                __aeabi_fcmpge
                0x000000000800105c                __aeabi_fcmpgt
 .text          0x0000000008001070       0x40 c:/st/stm32cubeide_1.6.1/stm32cubeide/plugins/com.st.stm32cube.ide.mcu.externaltools.gnu-tools-for-stm32.9-2020-q2-update.win32_1.5.0.202011040924/tools/bin/../lib/gcc/arm-none-eabi/9.3.1/thumb/v7-m/nofp\libgcc.a(_arm_fixunssfsi.o)
                0x0000000008001070                __fixunssfsi
                0x0000000008001070                __aeabi_f2uiz
 *(.text*)
 .text.pvPortMalloc
                0x00000000080010b0       0x24 Core/Src/heap_3.o
                0x00000000080010b0                pvPortMalloc
 .text.vPortFree
                0x00000000080010d4       0x24 Core/Src/heap_3.o
                0x00000000080010d4                vPortFree
 .text.lcd_i2c_send
                0x00000000080010f8       0x3c Core/Src/lcd_i2c.o
 .text.lcd_write_4bits
                0x0000000008001134       0x2e Core/Src/lcd_i2c.o
 .text.lcd_send
                0x0000000008001162       0x62 Core/Src/lcd_i2c.o
 .text.lcd_send_command
                0x00000000080011c4       0x1c Core/Src/lcd_i2c.o
                0x00000000080011c4                lcd_send_command
 .text.lcd_send_data
                0x00000000080011e0       0x1c Core/Src/lcd_i2c.o
                0x00000000080011e0                lcd_send_data
 .text.lcd_send_string
                0x00000000080011fc       0x2a Core/Src/lcd_i2c.o
                0x00000000080011fc                lcd_send_string
 *fill*         0x0000000008001226        0x2 
 .text.lcd_goto_XY
                0x0000000008001228       0x4c Core/Src/lcd_i2c.o
                0x0000000008001228                lcd_goto_XY
 .text.lcd_clear
                0x0000000008001274       0x14 Core/Src/lcd_i2c.o
                0x0000000008001274                lcd_clear
 .text.lcd_init
                0x0000000008001288       0x5c Core/Src/lcd_i2c.o
                0x0000000008001288                lcd_init
 .text.vListInitialise
                0x00000000080012e4       0x3e Core/Src/list.o
                0x00000000080012e4                vListInitialise
 .text.vListInitialiseItem
                0x0000000008001322       0x18 Core/Src/list.o
                0x0000000008001322                vListInitialiseItem
 .text.vListInsert
                0x000000000800133a       0x70 Core/Src/list.o
                0x000000000800133a                vListInsert
 .text.uxListRemove
                0x00000000080013aa       0x52 Core/Src/list.o
                0x00000000080013aa                uxListRemove
 .text.PWM_SetSpeed
                0x00000000080013fc       0x40 Core/Src/main.o
                0x00000000080013fc                PWM_SetSpeed
 .text.PWM_Stop
                0x000000000800143c       0x14 Core/Src/main.o
                0x000000000800143c                PWM_Stop
 .text.PWM_Start
                0x0000000008001450       0x14 Core/Src/main.o
                0x0000000008001450                PWM_Start
 .text.sentido  0x0000000008001464       0x74 Core/Src/main.o
                0x0000000008001464                sentido
 .text.speed    0x00000000080014d8       0x7c Core/Src/main.o
                0x00000000080014d8                speed
 .text.I2C_controllerTask
                0x0000000008001554       0xb0 Core/Src/main.o
                0x0000000008001554                I2C_controllerTask
 .text.buttonHandlerTask
                0x0000000008001604      0x5fc Core/Src/main.o
                0x0000000008001604                buttonHandlerTask
 .text.menuTask
                0x0000000008001c00      0x394 Core/Src/main.o
                0x0000000008001c00                menuTask
 *fill*         0x0000000008001f94        0x4 
 .text.PID_Task
                0x0000000008001f98      0x300 Core/Src/main.o
                0x0000000008001f98                PID_Task
 .text.as5600_readerTask
                0x0000000008002298       0xac Core/Src/main.o
                0x0000000008002298                as5600_readerTask
 .text.EXTI3_IRQHandler
                0x0000000008002344       0x44 Core/Src/main.o
                0x0000000008002344                EXTI3_IRQHandler
 .text.EXTI4_IRQHandler
                0x0000000008002388       0x44 Core/Src/main.o
                0x0000000008002388                EXTI4_IRQHandler
 .text.EXTI9_5_IRQHandler
                0x00000000080023cc       0x44 Core/Src/main.o
                0x00000000080023cc                EXTI9_5_IRQHandler
 .text.EXTI15_10_IRQHandler
                0x0000000008002410       0x48 Core/Src/main.o
                0x0000000008002410                EXTI15_10_IRQHandler
 .text.main     0x0000000008002458      0x18c Core/Src/main.o
                0x0000000008002458                main
 .text.SystemClock_Config
                0x00000000080025e4       0x8a Core/Src/main.o
                0x00000000080025e4                SystemClock_Config
 *fill*         0x000000000800266e        0x2 
 .text.MX_I2C2_Init
                0x0000000008002670       0x5c Core/Src/main.o
 .text.MX_TIM1_Init
                0x00000000080026cc      0x108 Core/Src/main.o
 .text.MX_GPIO_Init
                0x00000000080027d4      0x138 Core/Src/main.o
 .text.HAL_TIM_PeriodElapsedCallback
                0x000000000800290c       0x1e Core/Src/main.o
                0x000000000800290c                HAL_TIM_PeriodElapsedCallback
 .text.Error_Handler
                0x000000000800292a        0xa Core/Src/main.o
                0x000000000800292a                Error_Handler
 .text.pxPortInitialiseStack
                0x0000000008002934       0x58 Core/Src/port.o
                0x0000000008002934                pxPortInitialiseStack
 .text.prvTaskExitError
                0x000000000800298c       0x58 Core/Src/port.o
 *fill*         0x00000000080029e4        0xc 
 .text.SVC_Handler
                0x00000000080029f0       0x28 Core/Src/port.o
                0x00000000080029f0                SVC_Handler
 .text.prvPortStartFirstTask
                0x0000000008002a18       0x24 Core/Src/port.o
 .text.xPortStartScheduler
                0x0000000008002a3c       0xe4 Core/Src/port.o
                0x0000000008002a3c                xPortStartScheduler
 .text.vPortEnterCritical
                0x0000000008002b20       0x60 Core/Src/port.o
                0x0000000008002b20                vPortEnterCritical
 .text.vPortExitCritical
                0x0000000008002b80       0x50 Core/Src/port.o
                0x0000000008002b80                vPortExitCritical
 .text.PendSV_Handler
                0x0000000008002bd0       0x48 Core/Src/port.o
                0x0000000008002bd0                PendSV_Handler
 .text.SysTick_Handler
                0x0000000008002c18       0x44 Core/Src/port.o
                0x0000000008002c18                SysTick_Handler
 .text.vPortSuppressTicksAndSleep
                0x0000000008002c5c      0x194 Core/Src/port.o
                0x0000000008002c5c                vPortSuppressTicksAndSleep
 .text.vPortSetupTimerInterrupt
                0x0000000008002df0       0x78 Core/Src/port.o
                0x0000000008002df0                vPortSetupTimerInterrupt
 .text.vPortValidateInterruptPriority
                0x0000000008002e68       0x7c Core/Src/port.o
                0x0000000008002e68                vPortValidateInterruptPriority
 .text.xQueueGenericReset
                0x0000000008002ee4      0x120 Core/Src/queue.o
                0x0000000008002ee4                xQueueGenericReset
 .text.xQueueGenericCreate
                0x0000000008003004       0x9c Core/Src/queue.o
                0x0000000008003004                xQueueGenericCreate
 .text.prvInitialiseNewQueue
                0x00000000080030a0       0x46 Core/Src/queue.o
 *fill*         0x00000000080030e6        0x2 
 .text.xQueueGenericSend
                0x00000000080030e8      0x1fc Core/Src/queue.o
                0x00000000080030e8                xQueueGenericSend
 .text.xQueueGiveFromISR
                0x00000000080032e4      0x148 Core/Src/queue.o
                0x00000000080032e4                xQueueGiveFromISR
 .text.xQueueReceive
                0x000000000800342c      0x1c0 Core/Src/queue.o
                0x000000000800342c                xQueueReceive
 .text.xQueueSemaphoreTake
                0x00000000080035ec      0x1fc Core/Src/queue.o
                0x00000000080035ec                xQueueSemaphoreTake
 .text.xQueuePeek
                0x00000000080037e8      0x1c4 Core/Src/queue.o
                0x00000000080037e8                xQueuePeek
 .text.prvGetDisinheritPriorityAfterTimeout
                0x00000000080039ac       0x2e Core/Src/queue.o
 .text.prvCopyDataToQueue
                0x00000000080039da       0xd4 Core/Src/queue.o
 .text.prvCopyDataFromQueue
                0x0000000008003aae       0x4c Core/Src/queue.o
 .text.prvUnlockQueue
                0x0000000008003afa       0xa4 Core/Src/queue.o
 .text.prvIsQueueEmpty
                0x0000000008003b9e       0x2c Core/Src/queue.o
 .text.prvIsQueueFull
                0x0000000008003bca       0x30 Core/Src/queue.o
 *fill*         0x0000000008003bfa        0x2 
 .text.vQueueAddToRegistry
                0x0000000008003bfc       0x9c Core/Src/queue.o
                0x0000000008003bfc                vQueueAddToRegistry
 .text.vQueueWaitForMessageRestricted
                0x0000000008003c98       0x68 Core/Src/queue.o
                0x0000000008003c98                vQueueWaitForMessageRestricted
 .text.HAL_MspInit
                0x0000000008003d00       0x64 Core/Src/stm32f1xx_hal_msp.o
                0x0000000008003d00                HAL_MspInit
 .text.HAL_I2C_MspInit
                0x0000000008003d64       0x80 Core/Src/stm32f1xx_hal_msp.o
                0x0000000008003d64                HAL_I2C_MspInit
 .text.HAL_TIM_PWM_MspInit
                0x0000000008003de4       0x3c Core/Src/stm32f1xx_hal_msp.o
                0x0000000008003de4                HAL_TIM_PWM_MspInit
 .text.HAL_TIM_MspPostInit
                0x0000000008003e20       0x68 Core/Src/stm32f1xx_hal_msp.o
                0x0000000008003e20                HAL_TIM_MspPostInit
 .text.HAL_InitTick
                0x0000000008003e88       0xb0 Core/Src/stm32f1xx_hal_timebase_tim.o
                0x0000000008003e88                HAL_InitTick
 .text.NMI_Handler
                0x0000000008003f38        0x6 Core/Src/stm32f1xx_it.o
                0x0000000008003f38                NMI_Handler
 .text.HardFault_Handler
                0x0000000008003f3e        0x6 Core/Src/stm32f1xx_it.o
                0x0000000008003f3e                HardFault_Handler
 .text.MemManage_Handler
                0x0000000008003f44        0x6 Core/Src/stm32f1xx_it.o
                0x0000000008003f44                MemManage_Handler
 .text.BusFault_Handler
                0x0000000008003f4a        0x6 Core/Src/stm32f1xx_it.o
                0x0000000008003f4a                BusFault_Handler
 .text.UsageFault_Handler
                0x0000000008003f50        0x6 Core/Src/stm32f1xx_it.o
                0x0000000008003f50                UsageFault_Handler
 .text.DebugMon_Handler
                0x0000000008003f56        0xc Core/Src/stm32f1xx_it.o
                0x0000000008003f56                DebugMon_Handler
 *fill*         0x0000000008003f62        0x2 
 .text.TIM2_IRQHandler
                0x0000000008003f64       0x14 Core/Src/stm32f1xx_it.o
                0x0000000008003f64                TIM2_IRQHandler
 .text._getpid  0x0000000008003f78        0xe Core/Src/syscalls.o
                0x0000000008003f78                _getpid
 .text._kill    0x0000000008003f86       0x20 Core/Src/syscalls.o
                0x0000000008003f86                _kill
 .text._exit    0x0000000008003fa6       0x14 Core/Src/syscalls.o
                0x0000000008003fa6                _exit
 .text._read    0x0000000008003fba       0x3a Core/Src/syscalls.o
                0x0000000008003fba                _read
 .text._write   0x0000000008003ff4       0x38 Core/Src/syscalls.o
                0x0000000008003ff4                _write
 .text._close   0x000000000800402c       0x16 Core/Src/syscalls.o
                0x000000000800402c                _close
 .text._fstat   0x0000000008004042       0x1e Core/Src/syscalls.o
                0x0000000008004042                _fstat
 .text._isatty  0x0000000008004060       0x14 Core/Src/syscalls.o
                0x0000000008004060                _isatty
 .text._lseek   0x0000000008004074       0x18 Core/Src/syscalls.o
                0x0000000008004074                _lseek
 .text._sbrk    0x000000000800408c       0x6c Core/Src/sysmem.o
                0x000000000800408c                _sbrk
 .text.SystemInit
                0x00000000080040f8        0xc Core/Src/system_stm32f1xx.o
                0x00000000080040f8                SystemInit
 .text.xTaskCreate
                0x0000000008004104       0x8a Core/Src/tasks.o
                0x0000000008004104                xTaskCreate
 .text.prvInitialiseNewTask
                0x000000000800418e      0x11c Core/Src/tasks.o
 *fill*         0x00000000080042aa        0x2 
 .text.prvAddNewTaskToReadyList
                0x00000000080042ac      0x130 Core/Src/tasks.o
 .text.vTaskDelay
                0x00000000080043dc       0x68 Core/Src/tasks.o
                0x00000000080043dc                vTaskDelay
 .text.vTaskStartScheduler
                0x0000000008004444       0xa4 Core/Src/tasks.o
                0x0000000008004444                vTaskStartScheduler
 .text.vTaskSuspendAll
                0x00000000080044e8       0x1c Core/Src/tasks.o
                0x00000000080044e8                vTaskSuspendAll
 .text.prvGetExpectedIdleTime
                0x0000000008004504       0x6c Core/Src/tasks.o
 .text.xTaskResumeAll
                0x0000000008004570      0x1f8 Core/Src/tasks.o
                0x0000000008004570                xTaskResumeAll
 .text.xTaskGetTickCount
                0x0000000008004768       0x1c Core/Src/tasks.o
                0x0000000008004768                xTaskGetTickCount
 .text.uxTaskGetNumberOfTasks
                0x0000000008004784       0x14 Core/Src/tasks.o
                0x0000000008004784                uxTaskGetNumberOfTasks
 .text.vTaskStepTick
                0x0000000008004798       0xb4 Core/Src/tasks.o
                0x0000000008004798                vTaskStepTick
 .text.xTaskIncrementTick
                0x000000000800484c      0x230 Core/Src/tasks.o
                0x000000000800484c                xTaskIncrementTick
 .text.vTaskSwitchContext
                0x0000000008004a7c       0xb8 Core/Src/tasks.o
                0x0000000008004a7c                vTaskSwitchContext
 .text.vTaskPlaceOnEventList
                0x0000000008004b34       0x48 Core/Src/tasks.o
                0x0000000008004b34                vTaskPlaceOnEventList
 .text.vTaskPlaceOnEventListRestricted
                0x0000000008004b7c       0x8c Core/Src/tasks.o
                0x0000000008004b7c                vTaskPlaceOnEventListRestricted
 .text.xTaskRemoveFromEventList
                0x0000000008004c08      0x1b0 Core/Src/tasks.o
                0x0000000008004c08                xTaskRemoveFromEventList
 .text.vTaskInternalSetTimeOutState
                0x0000000008004db8       0x2c Core/Src/tasks.o
                0x0000000008004db8                vTaskInternalSetTimeOutState
 .text.xTaskCheckForTimeOut
                0x0000000008004de4       0xcc Core/Src/tasks.o
                0x0000000008004de4                xTaskCheckForTimeOut
 .text.vTaskMissedYield
                0x0000000008004eb0       0x18 Core/Src/tasks.o
                0x0000000008004eb0                vTaskMissedYield
 .text.prvIdleTask
                0x0000000008004ec8       0x80 Core/Src/tasks.o
 .text.eTaskConfirmSleepModeStatus
                0x0000000008004f48       0x6c Core/Src/tasks.o
                0x0000000008004f48                eTaskConfirmSleepModeStatus
 .text.prvInitialiseTaskLists
                0x0000000008004fb4       0x80 Core/Src/tasks.o
 .text.prvCheckTasksWaitingTermination
                0x0000000008005034       0x5c Core/Src/tasks.o
 .text.prvDeleteTCB
                0x0000000008005090       0x20 Core/Src/tasks.o
 .text.prvResetNextTaskUnblockTime
                0x00000000080050b0       0x34 Core/Src/tasks.o
 .text.xTaskGetSchedulerState
                0x00000000080050e4       0x3c Core/Src/tasks.o
                0x00000000080050e4                xTaskGetSchedulerState
 .text.xTaskPriorityInherit
                0x0000000008005120      0x120 Core/Src/tasks.o
                0x0000000008005120                xTaskPriorityInherit
 .text.xTaskPriorityDisinherit
                0x0000000008005240      0x12c Core/Src/tasks.o
                0x0000000008005240                xTaskPriorityDisinherit
 .text.vTaskPriorityDisinheritAfterTimeout
                0x000000000800536c      0x154 Core/Src/tasks.o
                0x000000000800536c                vTaskPriorityDisinheritAfterTimeout
 .text.pvTaskIncrementMutexHeldCount
                0x00000000080054c0       0x28 Core/Src/tasks.o
                0x00000000080054c0                pvTaskIncrementMutexHeldCount
 .text.prvAddCurrentTaskToDelayedList
                0x00000000080054e8       0xdc Core/Src/tasks.o
 .text.xTimerCreateTimerTask
                0x00000000080055c4       0x64 Core/Src/timers.o
                0x00000000080055c4                xTimerCreateTimerTask
 .text.prvReloadTimer
                0x0000000008005628       0x42 Core/Src/timers.o
 *fill*         0x000000000800566a        0x2 
 .text.prvProcessExpiredTimer
                0x000000000800566c       0x60 Core/Src/timers.o
 .text.prvTimerTask
                0x00000000080056cc       0x24 Core/Src/timers.o
 .text.prvProcessTimerOrBlockTask
                0x00000000080056f0       0x9c Core/Src/timers.o
 .text.prvGetNextExpireTime
                0x000000000800578c       0x44 Core/Src/timers.o
 .text.prvSampleTimeNow
                0x00000000080057d0       0x40 Core/Src/timers.o
 .text.prvInsertTimerInActiveList
                0x0000000008005810       0x84 Core/Src/timers.o
 .text.prvProcessReceivedCommands
                0x0000000008005894      0x17c Core/Src/timers.o
 .text.prvSwitchTimerLists
                0x0000000008005a10       0x4c Core/Src/timers.o
 .text.prvCheckForValidListAndQueue
                0x0000000008005a5c       0x6c Core/Src/timers.o
 .text.Reset_Handler
                0x0000000008005ac8       0x48 Core/Startup/startup_stm32f103c8tx.o
                0x0000000008005ac8                Reset_Handler
 .text.Default_Handler
                0x0000000008005b10        0x2 Core/Startup/startup_stm32f103c8tx.o
                0x0000000008005b10                RTC_Alarm_IRQHandler
                0x0000000008005b10                EXTI2_IRQHandler
                0x0000000008005b10                TIM1_CC_IRQHandler
                0x0000000008005b10                PVD_IRQHandler
                0x0000000008005b10                EXTI0_IRQHandler
                0x0000000008005b10                I2C2_EV_IRQHandler
                0x0000000008005b10                ADC1_2_IRQHandler
                0x0000000008005b10                SPI1_IRQHandler
                0x0000000008005b10                TAMPER_IRQHandler
                0x0000000008005b10                DMA1_Channel4_IRQHandler
                0x0000000008005b10                USART3_IRQHandler
                0x0000000008005b10                RTC_IRQHandler
                0x0000000008005b10                DMA1_Channel7_IRQHandler
                0x0000000008005b10                CAN1_RX1_IRQHandler
                0x0000000008005b10                TIM4_IRQHandler
                0x0000000008005b10                I2C1_EV_IRQHandler
                0x0000000008005b10                DMA1_Channel6_IRQHandler
                0x0000000008005b10                TIM3_IRQHandler
                0x0000000008005b10                RCC_IRQHandler
                0x0000000008005b10                TIM1_TRG_COM_IRQHandler
                0x0000000008005b10                DMA1_Channel1_IRQHandler
                0x0000000008005b10                Default_Handler
                0x0000000008005b10                SPI2_IRQHandler
                0x0000000008005b10                DMA1_Channel5_IRQHandler
                0x0000000008005b10                USB_LP_CAN1_RX0_IRQHandler
                0x0000000008005b10                USB_HP_CAN1_TX_IRQHandler
                0x0000000008005b10                DMA1_Channel3_IRQHandler
                0x0000000008005b10                TIM1_UP_IRQHandler
                0x0000000008005b10                WWDG_IRQHandler
                0x0000000008005b10                TIM1_BRK_IRQHandler
                0x0000000008005b10                EXTI1_IRQHandler
                0x0000000008005b10                USART2_IRQHandler
                0x0000000008005b10                I2C2_ER_IRQHandler
                0x0000000008005b10                DMA1_Channel2_IRQHandler
                0x0000000008005b10                CAN1_SCE_IRQHandler
                0x0000000008005b10                FLASH_IRQHandler
                0x0000000008005b10                USART1_IRQHandler
                0x0000000008005b10                I2C1_ER_IRQHandler
                0x0000000008005b10                USBWakeUp_IRQHandler
 *fill*         0x0000000008005b12        0x2 
 .text.HAL_Init
                0x0000000008005b14       0x2c Drivers/STM32F1xx_HAL_Driver/Src/stm32f1xx_hal.o
                0x0000000008005b14                HAL_Init
 .text.HAL_IncTick
                0x0000000008005b40       0x24 Drivers/STM32F1xx_HAL_Driver/Src/stm32f1xx_hal.o
                0x0000000008005b40                HAL_IncTick
 .text.HAL_GetTick
                0x0000000008005b64       0x14 Drivers/STM32F1xx_HAL_Driver/Src/stm32f1xx_hal.o
                0x0000000008005b64                HAL_GetTick
 .text.__NVIC_SetPriorityGrouping
                0x0000000008005b78       0x48 Drivers/STM32F1xx_HAL_Driver/Src/stm32f1xx_hal_cortex.o
 .text.__NVIC_GetPriorityGrouping
                0x0000000008005bc0       0x1c Drivers/STM32F1xx_HAL_Driver/Src/stm32f1xx_hal_cortex.o
 .text.__NVIC_EnableIRQ
                0x0000000008005bdc       0x38 Drivers/STM32F1xx_HAL_Driver/Src/stm32f1xx_hal_cortex.o
 .text.__NVIC_SetPriority
                0x0000000008005c14       0x54 Drivers/STM32F1xx_HAL_Driver/Src/stm32f1xx_hal_cortex.o
 .text.NVIC_EncodePriority
                0x0000000008005c68       0x64 Drivers/STM32F1xx_HAL_Driver/Src/stm32f1xx_hal_cortex.o
 .text.HAL_NVIC_SetPriorityGrouping
                0x0000000008005ccc       0x16 Drivers/STM32F1xx_HAL_Driver/Src/stm32f1xx_hal_cortex.o
                0x0000000008005ccc                HAL_NVIC_SetPriorityGrouping
 .text.HAL_NVIC_SetPriority
                0x0000000008005ce2       0x38 Drivers/STM32F1xx_HAL_Driver/Src/stm32f1xx_hal_cortex.o
                0x0000000008005ce2                HAL_NVIC_SetPriority
 .text.HAL_NVIC_EnableIRQ
                0x0000000008005d1a       0x1c Drivers/STM32F1xx_HAL_Driver/Src/stm32f1xx_hal_cortex.o
                0x0000000008005d1a                HAL_NVIC_EnableIRQ
 *fill*         0x0000000008005d36        0x2 
 .text.HAL_GPIO_Init
                0x0000000008005d38      0x308 Drivers/STM32F1xx_HAL_Driver/Src/stm32f1xx_hal_gpio.o
                0x0000000008005d38                HAL_GPIO_Init
 .text.HAL_GPIO_ReadPin
                0x0000000008006040       0x2e Drivers/STM32F1xx_HAL_Driver/Src/stm32f1xx_hal_gpio.o
                0x0000000008006040                HAL_GPIO_ReadPin
 .text.HAL_GPIO_WritePin
                0x000000000800606e       0x30 Drivers/STM32F1xx_HAL_Driver/Src/stm32f1xx_hal_gpio.o
                0x000000000800606e                HAL_GPIO_WritePin
 *fill*         0x000000000800609e        0x2 
 .text.HAL_GPIO_EXTI_IRQHandler
                0x00000000080060a0       0x30 Drivers/STM32F1xx_HAL_Driver/Src/stm32f1xx_hal_gpio.o
                0x00000000080060a0                HAL_GPIO_EXTI_IRQHandler
 .text.HAL_GPIO_EXTI_Callback
                0x00000000080060d0       0x14 Drivers/STM32F1xx_HAL_Driver/Src/stm32f1xx_hal_gpio.o
                0x00000000080060d0                HAL_GPIO_EXTI_Callback
 .text.HAL_I2C_Init
                0x00000000080060e4      0x288 Drivers/STM32F1xx_HAL_Driver/Src/stm32f1xx_hal_i2c.o
                0x00000000080060e4                HAL_I2C_Init
 .text.HAL_I2C_Master_Transmit
                0x000000000800636c      0x1fc Drivers/STM32F1xx_HAL_Driver/Src/stm32f1xx_hal_i2c.o
                0x000000000800636c                HAL_I2C_Master_Transmit
 .text.HAL_I2C_Master_Receive
                0x0000000008006568      0x4d8 Drivers/STM32F1xx_HAL_Driver/Src/stm32f1xx_hal_i2c.o
                0x0000000008006568                HAL_I2C_Master_Receive
 .text.I2C_MasterRequestWrite
                0x0000000008006a40      0x104 Drivers/STM32F1xx_HAL_Driver/Src/stm32f1xx_hal_i2c.o
 .text.I2C_MasterRequestRead
                0x0000000008006b44      0x19c Drivers/STM32F1xx_HAL_Driver/Src/stm32f1xx_hal_i2c.o
 .text.I2C_WaitOnFlagUntilTimeout
                0x0000000008006ce0       0xf4 Drivers/STM32F1xx_HAL_Driver/Src/stm32f1xx_hal_i2c.o
 .text.I2C_WaitOnMasterAddressFlagUntilTimeout
                0x0000000008006dd4      0x140 Drivers/STM32F1xx_HAL_Driver/Src/stm32f1xx_hal_i2c.o
 .text.I2C_WaitOnTXEFlagUntilTimeout
                0x0000000008006f14       0x90 Drivers/STM32F1xx_HAL_Driver/Src/stm32f1xx_hal_i2c.o
 .text.I2C_WaitOnBTFFlagUntilTimeout
                0x0000000008006fa4       0x90 Drivers/STM32F1xx_HAL_Driver/Src/stm32f1xx_hal_i2c.o
 .text.I2C_WaitOnRXNEFlagUntilTimeout
                0x0000000008007034       0xba Drivers/STM32F1xx_HAL_Driver/Src/stm32f1xx_hal_i2c.o
 .text.I2C_IsAcknowledgeFailed
                0x00000000080070ee       0x5c Drivers/STM32F1xx_HAL_Driver/Src/stm32f1xx_hal_i2c.o
 *fill*         0x000000000800714a        0x2 
 .text.HAL_RCC_OscConfig
                0x000000000800714c      0x500 Drivers/STM32F1xx_HAL_Driver/Src/stm32f1xx_hal_rcc.o
                0x000000000800714c                HAL_RCC_OscConfig
 .text.HAL_RCC_ClockConfig
                0x000000000800764c      0x1d4 Drivers/STM32F1xx_HAL_Driver/Src/stm32f1xx_hal_rcc.o
                0x000000000800764c                HAL_RCC_ClockConfig
 .text.HAL_RCC_GetSysClockFreq
                0x0000000008007820       0xa8 Drivers/STM32F1xx_HAL_Driver/Src/stm32f1xx_hal_rcc.o
                0x0000000008007820                HAL_RCC_GetSysClockFreq
 .text.HAL_RCC_GetHCLKFreq
                0x00000000080078c8       0x14 Drivers/STM32F1xx_HAL_Driver/Src/stm32f1xx_hal_rcc.o
                0x00000000080078c8                HAL_RCC_GetHCLKFreq
 .text.HAL_RCC_GetPCLK1Freq
                0x00000000080078dc       0x28 Drivers/STM32F1xx_HAL_Driver/Src/stm32f1xx_hal_rcc.o
                0x00000000080078dc                HAL_RCC_GetPCLK1Freq
 .text.HAL_RCC_GetClockConfig
                0x0000000008007904       0x60 Drivers/STM32F1xx_HAL_Driver/Src/stm32f1xx_hal_rcc.o
                0x0000000008007904                HAL_RCC_GetClockConfig
 .text.RCC_Delay
                0x0000000008007964       0x3c Drivers/STM32F1xx_HAL_Driver/Src/stm32f1xx_hal_rcc.o
 .text.HAL_TIM_Base_Init
                0x00000000080079a0       0x9e Drivers/STM32F1xx_HAL_Driver/Src/stm32f1xx_hal_tim.o
                0x00000000080079a0                HAL_TIM_Base_Init
 .text.HAL_TIM_Base_MspInit
                0x0000000008007a3e       0x12 Drivers/STM32F1xx_HAL_Driver/Src/stm32f1xx_hal_tim.o
                0x0000000008007a3e                HAL_TIM_Base_MspInit
 .text.HAL_TIM_Base_Start_IT
                0x0000000008007a50       0xa4 Drivers/STM32F1xx_HAL_Driver/Src/stm32f1xx_hal_tim.o
                0x0000000008007a50                HAL_TIM_Base_Start_IT
 .text.HAL_TIM_PWM_Init
                0x0000000008007af4       0x9e Drivers/STM32F1xx_HAL_Driver/Src/stm32f1xx_hal_tim.o
                0x0000000008007af4                HAL_TIM_PWM_Init
 *fill*         0x0000000008007b92        0x2 
 .text.HAL_TIM_PWM_Start
                0x0000000008007b94      0x144 Drivers/STM32F1xx_HAL_Driver/Src/stm32f1xx_hal_tim.o
                0x0000000008007b94                HAL_TIM_PWM_Start
 .text.HAL_TIM_PWM_Stop
                0x0000000008007cd8       0xc8 Drivers/STM32F1xx_HAL_Driver/Src/stm32f1xx_hal_tim.o
                0x0000000008007cd8                HAL_TIM_PWM_Stop
 .text.HAL_TIM_IRQHandler
                0x0000000008007da0      0x1e0 Drivers/STM32F1xx_HAL_Driver/Src/stm32f1xx_hal_tim.o
                0x0000000008007da0                HAL_TIM_IRQHandler
 .text.HAL_TIM_PWM_ConfigChannel
                0x0000000008007f80      0x184 Drivers/STM32F1xx_HAL_Driver/Src/stm32f1xx_hal_tim.o
                0x0000000008007f80                HAL_TIM_PWM_ConfigChannel
 .text.HAL_TIM_OC_DelayElapsedCallback
                0x0000000008008104       0x12 Drivers/STM32F1xx_HAL_Driver/Src/stm32f1xx_hal_tim.o
                0x0000000008008104                HAL_TIM_OC_DelayElapsedCallback
 .text.HAL_TIM_IC_CaptureCallback
                0x0000000008008116       0x12 Drivers/STM32F1xx_HAL_Driver/Src/stm32f1xx_hal_tim.o
                0x0000000008008116                HAL_TIM_IC_CaptureCallback
 .text.HAL_TIM_PWM_PulseFinishedCallback
                0x0000000008008128       0x12 Drivers/STM32F1xx_HAL_Driver/Src/stm32f1xx_hal_tim.o
                0x0000000008008128                HAL_TIM_PWM_PulseFinishedCallback
 .text.HAL_TIM_TriggerCallback
                0x000000000800813a       0x12 Drivers/STM32F1xx_HAL_Driver/Src/stm32f1xx_hal_tim.o
                0x000000000800813a                HAL_TIM_TriggerCallback
 .text.TIM_Base_SetConfig
                0x000000000800814c       0xdc Drivers/STM32F1xx_HAL_Driver/Src/stm32f1xx_hal_tim.o
                0x000000000800814c                TIM_Base_SetConfig
 .text.TIM_OC1_SetConfig
                0x0000000008008228       0xcc Drivers/STM32F1xx_HAL_Driver/Src/stm32f1xx_hal_tim.o
 .text.TIM_OC2_SetConfig
                0x00000000080082f4       0xd4 Drivers/STM32F1xx_HAL_Driver/Src/stm32f1xx_hal_tim.o
                0x00000000080082f4                TIM_OC2_SetConfig
 .text.TIM_OC3_SetConfig
                0x00000000080083c8       0xd4 Drivers/STM32F1xx_HAL_Driver/Src/stm32f1xx_hal_tim.o
 .text.TIM_OC4_SetConfig
                0x000000000800849c       0x9c Drivers/STM32F1xx_HAL_Driver/Src/stm32f1xx_hal_tim.o
 .text.TIM_CCxChannelCmd
                0x0000000008008538       0x48 Drivers/STM32F1xx_HAL_Driver/Src/stm32f1xx_hal_tim.o
                0x0000000008008538                TIM_CCxChannelCmd
 .text.HAL_TIMEx_MasterConfigSynchronization
                0x0000000008008580       0xbc Drivers/STM32F1xx_HAL_Driver/Src/stm32f1xx_hal_tim_ex.o
                0x0000000008008580                HAL_TIMEx_MasterConfigSynchronization
 .text.HAL_TIMEx_ConfigBreakDeadTime
                0x000000000800863c       0xa2 Drivers/STM32F1xx_HAL_Driver/Src/stm32f1xx_hal_tim_ex.o
                0x000000000800863c                HAL_TIMEx_ConfigBreakDeadTime
 .text.HAL_TIMEx_CommutCallback
                0x00000000080086de       0x12 Drivers/STM32F1xx_HAL_Driver/Src/stm32f1xx_hal_tim_ex.o
                0x00000000080086de                HAL_TIMEx_CommutCallback
 .text.HAL_TIMEx_BreakCallback
                0x00000000080086f0       0x12 Drivers/STM32F1xx_HAL_Driver/Src/stm32f1xx_hal_tim_ex.o
                0x00000000080086f0                HAL_TIMEx_BreakCallback
 *fill*         0x0000000008008702        0x2 
 .text.__errno  0x0000000008008704        0xc c:/st/stm32cubeide_1.6.1/stm32cubeide/plugins/com.st.stm32cube.ide.mcu.externaltools.gnu-tools-for-stm32.9-2020-q2-update.win32_1.5.0.202011040924/tools/bin/../lib/gcc/arm-none-eabi/9.3.1/../../../../arm-none-eabi/lib/thumb/v7-m/nofp\libc_nano.a(lib_a-errno.o)
                0x0000000008008704                __errno
 .text.__libc_init_array
                0x0000000008008710       0x48 c:/st/stm32cubeide_1.6.1/stm32cubeide/plugins/com.st.stm32cube.ide.mcu.externaltools.gnu-tools-for-stm32.9-2020-q2-update.win32_1.5.0.202011040924/tools/bin/../lib/gcc/arm-none-eabi/9.3.1/../../../../arm-none-eabi/lib/thumb/v7-m/nofp\libc_nano.a(lib_a-init.o)
                0x0000000008008710                __libc_init_array
 .text.malloc   0x0000000008008758       0x10 c:/st/stm32cubeide_1.6.1/stm32cubeide/plugins/com.st.stm32cube.ide.mcu.externaltools.gnu-tools-for-stm32.9-2020-q2-update.win32_1.5.0.202011040924/tools/bin/../lib/gcc/arm-none-eabi/9.3.1/../../../../arm-none-eabi/lib/thumb/v7-m/nofp\libc_nano.a(lib_a-malloc.o)
                0x0000000008008758                malloc
 .text.free     0x0000000008008768       0x10 c:/st/stm32cubeide_1.6.1/stm32cubeide/plugins/com.st.stm32cube.ide.mcu.externaltools.gnu-tools-for-stm32.9-2020-q2-update.win32_1.5.0.202011040924/tools/bin/../lib/gcc/arm-none-eabi/9.3.1/../../../../arm-none-eabi/lib/thumb/v7-m/nofp\libc_nano.a(lib_a-malloc.o)
                0x0000000008008768                free
 .text.memcpy   0x0000000008008778       0x1c c:/st/stm32cubeide_1.6.1/stm32cubeide/plugins/com.st.stm32cube.ide.mcu.externaltools.gnu-tools-for-stm32.9-2020-q2-update.win32_1.5.0.202011040924/tools/bin/../lib/gcc/arm-none-eabi/9.3.1/../../../../arm-none-eabi/lib/thumb/v7-m/nofp\libc_nano.a(lib_a-memcpy-stub.o)
                0x0000000008008778                memcpy
 .text.memset   0x0000000008008794       0x10 c:/st/stm32cubeide_1.6.1/stm32cubeide/plugins/com.st.stm32cube.ide.mcu.externaltools.gnu-tools-for-stm32.9-2020-q2-update.win32_1.5.0.202011040924/tools/bin/../lib/gcc/arm-none-eabi/9.3.1/../../../../arm-none-eabi/lib/thumb/v7-m/nofp\libc_nano.a(lib_a-memset.o)
                0x0000000008008794                memset
 .text._free_r  0x00000000080087a4       0x98 c:/st/stm32cubeide_1.6.1/stm32cubeide/plugins/com.st.stm32cube.ide.mcu.externaltools.gnu-tools-for-stm32.9-2020-q2-update.win32_1.5.0.202011040924/tools/bin/../lib/gcc/arm-none-eabi/9.3.1/../../../../arm-none-eabi/lib/thumb/v7-m/nofp\libc_nano.a(lib_a-nano-freer.o)
                0x00000000080087a4                _free_r
 .text._malloc_r
                0x000000000800883c       0xb4 c:/st/stm32cubeide_1.6.1/stm32cubeide/plugins/com.st.stm32cube.ide.mcu.externaltools.gnu-tools-for-stm32.9-2020-q2-update.win32_1.5.0.202011040924/tools/bin/../lib/gcc/arm-none-eabi/9.3.1/../../../../arm-none-eabi/lib/thumb/v7-m/nofp\libc_nano.a(lib_a-nano-mallocr.o)
                0x000000000800883c                _malloc_r
 .text.__cvt    0x00000000080088f0       0xbe c:/st/stm32cubeide_1.6.1/stm32cubeide/plugins/com.st.stm32cube.ide.mcu.externaltools.gnu-tools-for-stm32.9-2020-q2-update.win32_1.5.0.202011040924/tools/bin/../lib/gcc/arm-none-eabi/9.3.1/../../../../arm-none-eabi/lib/thumb/v7-m/nofp\libc_nano.a(lib_a-nano-vfprintf_float.o)
                0x00000000080088f0                __cvt
 .text.__exponent
                0x00000000080089ae       0x7c c:/st/stm32cubeide_1.6.1/stm32cubeide/plugins/com.st.stm32cube.ide.mcu.externaltools.gnu-tools-for-stm32.9-2020-q2-update.win32_1.5.0.202011040924/tools/bin/../lib/gcc/arm-none-eabi/9.3.1/../../../../arm-none-eabi/lib/thumb/v7-m/nofp\libc_nano.a(lib_a-nano-vfprintf_float.o)
                0x00000000080089ae                __exponent
 *fill*         0x0000000008008a2a        0x2 
 .text._printf_float
                0x0000000008008a2c      0x458 c:/st/stm32cubeide_1.6.1/stm32cubeide/plugins/com.st.stm32cube.ide.mcu.externaltools.gnu-tools-for-stm32.9-2020-q2-update.win32_1.5.0.202011040924/tools/bin/../lib/gcc/arm-none-eabi/9.3.1/../../../../arm-none-eabi/lib/thumb/v7-m/nofp\libc_nano.a(lib_a-nano-vfprintf_float.o)
                0x0000000008008a2c                _printf_float
 .text._printf_common
                0x0000000008008e84       0xde c:/st/stm32cubeide_1.6.1/stm32cubeide/plugins/com.st.stm32cube.ide.mcu.externaltools.gnu-tools-for-stm32.9-2020-q2-update.win32_1.5.0.202011040924/tools/bin/../lib/gcc/arm-none-eabi/9.3.1/../../../../arm-none-eabi/lib/thumb/v7-m/nofp\libc_nano.a(lib_a-nano-vfprintf_i.o)
                0x0000000008008e84                _printf_common
 *fill*         0x0000000008008f62        0x2 
 .text._printf_i
                0x0000000008008f64      0x24c c:/st/stm32cubeide_1.6.1/stm32cubeide/plugins/com.st.stm32cube.ide.mcu.externaltools.gnu-tools-for-stm32.9-2020-q2-update.win32_1.5.0.202011040924/tools/bin/../lib/gcc/arm-none-eabi/9.3.1/../../../../arm-none-eabi/lib/thumb/v7-m/nofp\libc_nano.a(lib_a-nano-vfprintf_i.o)
                0x0000000008008f64                _printf_i
 .text._sbrk_r  0x00000000080091b0       0x20 c:/st/stm32cubeide_1.6.1/stm32cubeide/plugins/com.st.stm32cube.ide.mcu.externaltools.gnu-tools-for-stm32.9-2020-q2-update.win32_1.5.0.202011040924/tools/bin/../lib/gcc/arm-none-eabi/9.3.1/../../../../arm-none-eabi/lib/thumb/v7-m/nofp\libc_nano.a(lib_a-sbrkr.o)
                0x00000000080091b0                _sbrk_r
 .text.snprintf
                0x00000000080091d0       0x68 c:/st/stm32cubeide_1.6.1/stm32cubeide/plugins/com.st.stm32cube.ide.mcu.externaltools.gnu-tools-for-stm32.9-2020-q2-update.win32_1.5.0.202011040924/tools/bin/../lib/gcc/arm-none-eabi/9.3.1/../../../../arm-none-eabi/lib/thumb/v7-m/nofp\libc_nano.a(lib_a-snprintf.o)
                0x00000000080091d0                sniprintf
                0x00000000080091d0                snprintf
 .text.quorem   0x0000000008009238      0x11a c:/st/stm32cubeide_1.6.1/stm32cubeide/plugins/com.st.stm32cube.ide.mcu.externaltools.gnu-tools-for-stm32.9-2020-q2-update.win32_1.5.0.202011040924/tools/bin/../lib/gcc/arm-none-eabi/9.3.1/../../../../arm-none-eabi/lib/thumb/v7-m/nofp\libc_nano.a(lib_a-dtoa.o)
 *fill*         0x0000000008009352        0x6 
 .text._dtoa_r  0x0000000008009358      0xbdc c:/st/stm32cubeide_1.6.1/stm32cubeide/plugins/com.st.stm32cube.ide.mcu.externaltools.gnu-tools-for-stm32.9-2020-q2-update.win32_1.5.0.202011040924/tools/bin/../lib/gcc/arm-none-eabi/9.3.1/../../../../arm-none-eabi/lib/thumb/v7-m/nofp\libc_nano.a(lib_a-dtoa.o)
                0x0000000008009358                _dtoa_r
 .text._localeconv_r
                0x0000000008009f34        0x8 c:/st/stm32cubeide_1.6.1/stm32cubeide/plugins/com.st.stm32cube.ide.mcu.externaltools.gnu-tools-for-stm32.9-2020-q2-update.win32_1.5.0.202011040924/tools/bin/../lib/gcc/arm-none-eabi/9.3.1/../../../../arm-none-eabi/lib/thumb/v7-m/nofp\libc_nano.a(lib_a-localeconv.o)
                0x0000000008009f34                _localeconv_r
 .text.memchr   0x0000000008009f3c       0x1c c:/st/stm32cubeide_1.6.1/stm32cubeide/plugins/com.st.stm32cube.ide.mcu.externaltools.gnu-tools-for-stm32.9-2020-q2-update.win32_1.5.0.202011040924/tools/bin/../lib/gcc/arm-none-eabi/9.3.1/../../../../arm-none-eabi/lib/thumb/v7-m/nofp\libc_nano.a(lib_a-memchr-stub.o)
                0x0000000008009f3c                memchr
 .text.__malloc_lock
                0x0000000008009f58        0xc c:/st/stm32cubeide_1.6.1/stm32cubeide/plugins/com.st.stm32cube.ide.mcu.externaltools.gnu-tools-for-stm32.9-2020-q2-update.win32_1.5.0.202011040924/tools/bin/../lib/gcc/arm-none-eabi/9.3.1/../../../../arm-none-eabi/lib/thumb/v7-m/nofp\libc_nano.a(lib_a-mlock.o)
                0x0000000008009f58                __malloc_lock
 .text.__malloc_unlock
                0x0000000008009f64        0xc c:/st/stm32cubeide_1.6.1/stm32cubeide/plugins/com.st.stm32cube.ide.mcu.externaltools.gnu-tools-for-stm32.9-2020-q2-update.win32_1.5.0.202011040924/tools/bin/../lib/gcc/arm-none-eabi/9.3.1/../../../../arm-none-eabi/lib/thumb/v7-m/nofp\libc_nano.a(lib_a-mlock.o)
                0x0000000008009f64                __malloc_unlock
 .text._Balloc  0x0000000008009f70       0x80 c:/st/stm32cubeide_1.6.1/stm32cubeide/plugins/com.st.stm32cube.ide.mcu.externaltools.gnu-tools-for-stm32.9-2020-q2-update.win32_1.5.0.202011040924/tools/bin/../lib/gcc/arm-none-eabi/9.3.1/../../../../arm-none-eabi/lib/thumb/v7-m/nofp\libc_nano.a(lib_a-mprec.o)
                0x0000000008009f70                _Balloc
 .text._Bfree   0x0000000008009ff0       0x44 c:/st/stm32cubeide_1.6.1/stm32cubeide/plugins/com.st.stm32cube.ide.mcu.externaltools.gnu-tools-for-stm32.9-2020-q2-update.win32_1.5.0.202011040924/tools/bin/../lib/gcc/arm-none-eabi/9.3.1/../../../../arm-none-eabi/lib/thumb/v7-m/nofp\libc_nano.a(lib_a-mprec.o)
                0x0000000008009ff0                _Bfree
 .text.__multadd
                0x000000000800a034       0x94 c:/st/stm32cubeide_1.6.1/stm32cubeide/plugins/com.st.stm32cube.ide.mcu.externaltools.gnu-tools-for-stm32.9-2020-q2-update.win32_1.5.0.202011040924/tools/bin/../lib/gcc/arm-none-eabi/9.3.1/../../../../arm-none-eabi/lib/thumb/v7-m/nofp\libc_nano.a(lib_a-mprec.o)
                0x000000000800a034                __multadd
 .text.__hi0bits
                0x000000000800a0c8       0x40 c:/st/stm32cubeide_1.6.1/stm32cubeide/plugins/com.st.stm32cube.ide.mcu.externaltools.gnu-tools-for-stm32.9-2020-q2-update.win32_1.5.0.202011040924/tools/bin/../lib/gcc/arm-none-eabi/9.3.1/../../../../arm-none-eabi/lib/thumb/v7-m/nofp\libc_nano.a(lib_a-mprec.o)
                0x000000000800a0c8                __hi0bits
 .text.__lo0bits
                0x000000000800a108       0x5c c:/st/stm32cubeide_1.6.1/stm32cubeide/plugins/com.st.stm32cube.ide.mcu.externaltools.gnu-tools-for-stm32.9-2020-q2-update.win32_1.5.0.202011040924/tools/bin/../lib/gcc/arm-none-eabi/9.3.1/../../../../arm-none-eabi/lib/thumb/v7-m/nofp\libc_nano.a(lib_a-mprec.o)
                0x000000000800a108                __lo0bits
 .text.__i2b    0x000000000800a164       0x2c c:/st/stm32cubeide_1.6.1/stm32cubeide/plugins/com.st.stm32cube.ide.mcu.externaltools.gnu-tools-for-stm32.9-2020-q2-update.win32_1.5.0.202011040924/tools/bin/../lib/gcc/arm-none-eabi/9.3.1/../../../../arm-none-eabi/lib/thumb/v7-m/nofp\libc_nano.a(lib_a-mprec.o)
                0x000000000800a164                __i2b
 .text.__multiply
                0x000000000800a190      0x148 c:/st/stm32cubeide_1.6.1/stm32cubeide/plugins/com.st.stm32cube.ide.mcu.externaltools.gnu-tools-for-stm32.9-2020-q2-update.win32_1.5.0.202011040924/tools/bin/../lib/gcc/arm-none-eabi/9.3.1/../../../../arm-none-eabi/lib/thumb/v7-m/nofp\libc_nano.a(lib_a-mprec.o)
                0x000000000800a190                __multiply
 .text.__pow5mult
                0x000000000800a2d8       0xb4 c:/st/stm32cubeide_1.6.1/stm32cubeide/plugins/com.st.stm32cube.ide.mcu.externaltools.gnu-tools-for-stm32.9-2020-q2-update.win32_1.5.0.202011040924/tools/bin/../lib/gcc/arm-none-eabi/9.3.1/../../../../arm-none-eabi/lib/thumb/v7-m/nofp\libc_nano.a(lib_a-mprec.o)
                0x000000000800a2d8                __pow5mult
 .text.__lshift
                0x000000000800a38c       0xd8 c:/st/stm32cubeide_1.6.1/stm32cubeide/plugins/com.st.stm32cube.ide.mcu.externaltools.gnu-tools-for-stm32.9-2020-q2-update.win32_1.5.0.202011040924/tools/bin/../lib/gcc/arm-none-eabi/9.3.1/../../../../arm-none-eabi/lib/thumb/v7-m/nofp\libc_nano.a(lib_a-mprec.o)
                0x000000000800a38c                __lshift
 .text.__mcmp   0x000000000800a464       0x36 c:/st/stm32cubeide_1.6.1/stm32cubeide/plugins/com.st.stm32cube.ide.mcu.externaltools.gnu-tools-for-stm32.9-2020-q2-update.win32_1.5.0.202011040924/tools/bin/../lib/gcc/arm-none-eabi/9.3.1/../../../../arm-none-eabi/lib/thumb/v7-m/nofp\libc_nano.a(lib_a-mprec.o)
                0x000000000800a464                __mcmp
 *fill*         0x000000000800a49a        0x2 
 .text.__mdiff  0x000000000800a49c      0x120 c:/st/stm32cubeide_1.6.1/stm32cubeide/plugins/com.st.stm32cube.ide.mcu.externaltools.gnu-tools-for-stm32.9-2020-q2-update.win32_1.5.0.202011040924/tools/bin/../lib/gcc/arm-none-eabi/9.3.1/../../../../arm-none-eabi/lib/thumb/v7-m/nofp\libc_nano.a(lib_a-mprec.o)
                0x000000000800a49c                __mdiff
 .text.__d2b    0x000000000800a5bc       0xb8 c:/st/stm32cubeide_1.6.1/stm32cubeide/plugins/com.st.stm32cube.ide.mcu.externaltools.gnu-tools-for-stm32.9-2020-q2-update.win32_1.5.0.202011040924/tools/bin/../lib/gcc/arm-none-eabi/9.3.1/../../../../arm-none-eabi/lib/thumb/v7-m/nofp\libc_nano.a(lib_a-mprec.o)
                0x000000000800a5bc                __d2b
 .text._calloc_r
                0x000000000800a674       0x1c c:/st/stm32cubeide_1.6.1/stm32cubeide/plugins/com.st.stm32cube.ide.mcu.externaltools.gnu-tools-for-stm32.9-2020-q2-update.win32_1.5.0.202011040924/tools/bin/../lib/gcc/arm-none-eabi/9.3.1/../../../../arm-none-eabi/lib/thumb/v7-m/nofp\libc_nano.a(lib_a-nano-callocr.o)
                0x000000000800a674                _calloc_r
 .text.__ssputs_r
                0x000000000800a690       0xb6 c:/st/stm32cubeide_1.6.1/stm32cubeide/plugins/com.st.stm32cube.ide.mcu.externaltools.gnu-tools-for-stm32.9-2020-q2-update.win32_1.5.0.202011040924/tools/bin/../lib/gcc/arm-none-eabi/9.3.1/../../../../arm-none-eabi/lib/thumb/v7-m/nofp\libc_nano.a(lib_a-nano-svfprintf.o)
                0x000000000800a690                __ssputs_r
 *fill*         0x000000000800a746        0x2 
 .text._svfprintf_r
                0x000000000800a748      0x200 c:/st/stm32cubeide_1.6.1/stm32cubeide/plugins/com.st.stm32cube.ide.mcu.externaltools.gnu-tools-for-stm32.9-2020-q2-update.win32_1.5.0.202011040924/tools/bin/../lib/gcc/arm-none-eabi/9.3.1/../../../../arm-none-eabi/lib/thumb/v7-m/nofp\libc_nano.a(lib_a-nano-svfprintf.o)
                0x000000000800a748                _svfiprintf_r
                0x000000000800a748                _svfprintf_r
 .text.__assert_func
                0x000000000800a948       0x3c c:/st/stm32cubeide_1.6.1/stm32cubeide/plugins/com.st.stm32cube.ide.mcu.externaltools.gnu-tools-for-stm32.9-2020-q2-update.win32_1.5.0.202011040924/tools/bin/../lib/gcc/arm-none-eabi/9.3.1/../../../../arm-none-eabi/lib/thumb/v7-m/nofp\libc_nano.a(lib_a-assert.o)
                0x000000000800a948                __assert_func
 .text.fprintf  0x000000000800a984       0x24 c:/st/stm32cubeide_1.6.1/stm32cubeide/plugins/com.st.stm32cube.ide.mcu.externaltools.gnu-tools-for-stm32.9-2020-q2-update.win32_1.5.0.202011040924/tools/bin/../lib/gcc/arm-none-eabi/9.3.1/../../../../arm-none-eabi/lib/thumb/v7-m/nofp\libc_nano.a(lib_a-fprintf.o)
                0x000000000800a984                fiprintf
                0x000000000800a984                fprintf
 .text.__retarget_lock_init_recursive
                0x000000000800a9a8        0x2 c:/st/stm32cubeide_1.6.1/stm32cubeide/plugins/com.st.stm32cube.ide.mcu.externaltools.gnu-tools-for-stm32.9-2020-q2-update.win32_1.5.0.202011040924/tools/bin/../lib/gcc/arm-none-eabi/9.3.1/../../../../arm-none-eabi/lib/thumb/v7-m/nofp\libc_nano.a(lib_a-lock.o)
                0x000000000800a9a8                __retarget_lock_init_recursive
 .text.__retarget_lock_acquire_recursive
                0x000000000800a9aa        0x2 c:/st/stm32cubeide_1.6.1/stm32cubeide/plugins/com.st.stm32cube.ide.mcu.externaltools.gnu-tools-for-stm32.9-2020-q2-update.win32_1.5.0.202011040924/tools/bin/../lib/gcc/arm-none-eabi/9.3.1/../../../../arm-none-eabi/lib/thumb/v7-m/nofp\libc_nano.a(lib_a-lock.o)
                0x000000000800a9aa                __retarget_lock_acquire_recursive
 .text.__retarget_lock_release_recursive
                0x000000000800a9ac        0x2 c:/st/stm32cubeide_1.6.1/stm32cubeide/plugins/com.st.stm32cube.ide.mcu.externaltools.gnu-tools-for-stm32.9-2020-q2-update.win32_1.5.0.202011040924/tools/bin/../lib/gcc/arm-none-eabi/9.3.1/../../../../arm-none-eabi/lib/thumb/v7-m/nofp\libc_nano.a(lib_a-lock.o)
                0x000000000800a9ac                __retarget_lock_release_recursive
 .text.__ascii_mbtowc
                0x000000000800a9ae       0x24 c:/st/stm32cubeide_1.6.1/stm32cubeide/plugins/com.st.stm32cube.ide.mcu.externaltools.gnu-tools-for-stm32.9-2020-q2-update.win32_1.5.0.202011040924/tools/bin/../lib/gcc/arm-none-eabi/9.3.1/../../../../arm-none-eabi/lib/thumb/v7-m/nofp\libc_nano.a(lib_a-mbtowc_r.o)
                0x000000000800a9ae                __ascii_mbtowc
 .text.memmove  0x000000000800a9d2       0x34 c:/st/stm32cubeide_1.6.1/stm32cubeide/plugins/com.st.stm32cube.ide.mcu.externaltools.gnu-tools-for-stm32.9-2020-q2-update.win32_1.5.0.202011040924/tools/bin/../lib/gcc/arm-none-eabi/9.3.1/../../../../arm-none-eabi/lib/thumb/v7-m/nofp\libc_nano.a(lib_a-memmove.o)
                0x000000000800a9d2                memmove
 .text._realloc_r
                0x000000000800aa06       0x4c c:/st/stm32cubeide_1.6.1/stm32cubeide/plugins/com.st.stm32cube.ide.mcu.externaltools.gnu-tools-for-stm32.9-2020-q2-update.win32_1.5.0.202011040924/tools/bin/../lib/gcc/arm-none-eabi/9.3.1/../../../../arm-none-eabi/lib/thumb/v7-m/nofp\libc_nano.a(lib_a-nano-reallocr.o)
                0x000000000800aa06                _realloc_r
 .text.__sfputc_r
                0x000000000800aa52       0x2a c:/st/stm32cubeide_1.6.1/stm32cubeide/plugins/com.st.stm32cube.ide.mcu.externaltools.gnu-tools-for-stm32.9-2020-q2-update.win32_1.5.0.202011040924/tools/bin/../lib/gcc/arm-none-eabi/9.3.1/../../../../arm-none-eabi/lib/thumb/v7-m/nofp\libc_nano.a(lib_a-nano-vfprintf.o)
 .text.__sfputs_r
                0x000000000800aa7c       0x24 c:/st/stm32cubeide_1.6.1/stm32cubeide/plugins/com.st.stm32cube.ide.mcu.externaltools.gnu-tools-for-stm32.9-2020-q2-update.win32_1.5.0.202011040924/tools/bin/../lib/gcc/arm-none-eabi/9.3.1/../../../../arm-none-eabi/lib/thumb/v7-m/nofp\libc_nano.a(lib_a-nano-vfprintf.o)
                0x000000000800aa7c                __sfputs_r
 .text._vfprintf_r
                0x000000000800aaa0      0x260 c:/st/stm32cubeide_1.6.1/stm32cubeide/plugins/com.st.stm32cube.ide.mcu.externaltools.gnu-tools-for-stm32.9-2020-q2-update.win32_1.5.0.202011040924/tools/bin/../lib/gcc/arm-none-eabi/9.3.1/../../../../arm-none-eabi/lib/thumb/v7-m/nofp\libc_nano.a(lib_a-nano-vfprintf.o)
                0x000000000800aaa0                _vfprintf_r
                0x000000000800aaa0                _vfiprintf_r
 .text.__swbuf_r
                0x000000000800ad00       0xa4 c:/st/stm32cubeide_1.6.1/stm32cubeide/plugins/com.st.stm32cube.ide.mcu.externaltools.gnu-tools-for-stm32.9-2020-q2-update.win32_1.5.0.202011040924/tools/bin/../lib/gcc/arm-none-eabi/9.3.1/../../../../arm-none-eabi/lib/thumb/v7-m/nofp\libc_nano.a(lib_a-wbuf.o)
                0x000000000800ad00                __swbuf_r
 .text.__ascii_wctomb
                0x000000000800ada4       0x1a c:/st/stm32cubeide_1.6.1/stm32cubeide/plugins/com.st.stm32cube.ide.mcu.externaltools.gnu-tools-for-stm32.9-2020-q2-update.win32_1.5.0.202011040924/tools/bin/../lib/gcc/arm-none-eabi/9.3.1/../../../../arm-none-eabi/lib/thumb/v7-m/nofp\libc_nano.a(lib_a-wctomb_r.o)
                0x000000000800ada4                __ascii_wctomb
 *fill*         0x000000000800adbe        0x2 
 .text.__swsetup_r
                0x000000000800adc0       0xdc c:/st/stm32cubeide_1.6.1/stm32cubeide/plugins/com.st.stm32cube.ide.mcu.externaltools.gnu-tools-for-stm32.9-2020-q2-update.win32_1.5.0.202011040924/tools/bin/../lib/gcc/arm-none-eabi/9.3.1/../../../../arm-none-eabi/lib/thumb/v7-m/nofp\libc_nano.a(lib_a-wsetup.o)
                0x000000000800adc0                __swsetup_r
 .text.abort    0x000000000800ae9c        0xe c:/st/stm32cubeide_1.6.1/stm32cubeide/plugins/com.st.stm32cube.ide.mcu.externaltools.gnu-tools-for-stm32.9-2020-q2-update.win32_1.5.0.202011040924/tools/bin/../lib/gcc/arm-none-eabi/9.3.1/../../../../arm-none-eabi/lib/thumb/v7-m/nofp\libc_nano.a(lib_a-abort.o)
                0x000000000800ae9c                abort
 *fill*         0x000000000800aeaa        0x2 
 .text.__sflush_r
                0x000000000800aeac      0x10c c:/st/stm32cubeide_1.6.1/stm32cubeide/plugins/com.st.stm32cube.ide.mcu.externaltools.gnu-tools-for-stm32.9-2020-q2-update.win32_1.5.0.202011040924/tools/bin/../lib/gcc/arm-none-eabi/9.3.1/../../../../arm-none-eabi/lib/thumb/v7-m/nofp\libc_nano.a(lib_a-fflush.o)
                0x000000000800aeac                __sflush_r
 .text._fflush_r
                0x000000000800afb8       0x78 c:/st/stm32cubeide_1.6.1/stm32cubeide/plugins/com.st.stm32cube.ide.mcu.externaltools.gnu-tools-for-stm32.9-2020-q2-update.win32_1.5.0.202011040924/tools/bin/../lib/gcc/arm-none-eabi/9.3.1/../../../../arm-none-eabi/lib/thumb/v7-m/nofp\libc_nano.a(lib_a-fflush.o)
                0x000000000800afb8                _fflush_r
 .text.std      0x000000000800b030       0x48 c:/st/stm32cubeide_1.6.1/stm32cubeide/plugins/com.st.stm32cube.ide.mcu.externaltools.gnu-tools-for-stm32.9-2020-q2-update.win32_1.5.0.202011040924/tools/bin/../lib/gcc/arm-none-eabi/9.3.1/../../../../arm-none-eabi/lib/thumb/v7-m/nofp\libc_nano.a(lib_a-findfp.o)
 .text._cleanup_r
                0x000000000800b078        0xc c:/st/stm32cubeide_1.6.1/stm32cubeide/plugins/com.st.stm32cube.ide.mcu.externaltools.gnu-tools-for-stm32.9-2020-q2-update.win32_1.5.0.202011040924/tools/bin/../lib/gcc/arm-none-eabi/9.3.1/../../../../arm-none-eabi/lib/thumb/v7-m/nofp\libc_nano.a(lib_a-findfp.o)
                0x000000000800b078                _cleanup_r
 .text.__sfmoreglue
                0x000000000800b084       0x2c c:/st/stm32cubeide_1.6.1/stm32cubeide/plugins/com.st.stm32cube.ide.mcu.externaltools.gnu-tools-for-stm32.9-2020-q2-update.win32_1.5.0.202011040924/tools/bin/../lib/gcc/arm-none-eabi/9.3.1/../../../../arm-none-eabi/lib/thumb/v7-m/nofp\libc_nano.a(lib_a-findfp.o)
                0x000000000800b084                __sfmoreglue
 .text.__sfp_lock_acquire
                0x000000000800b0b0        0xc c:/st/stm32cubeide_1.6.1/stm32cubeide/plugins/com.st.stm32cube.ide.mcu.externaltools.gnu-tools-for-stm32.9-2020-q2-update.win32_1.5.0.202011040924/tools/bin/../lib/gcc/arm-none-eabi/9.3.1/../../../../arm-none-eabi/lib/thumb/v7-m/nofp\libc_nano.a(lib_a-findfp.o)
                0x000000000800b0b0                __sfp_lock_acquire
 .text.__sfp_lock_release
                0x000000000800b0bc        0xc c:/st/stm32cubeide_1.6.1/stm32cubeide/plugins/com.st.stm32cube.ide.mcu.externaltools.gnu-tools-for-stm32.9-2020-q2-update.win32_1.5.0.202011040924/tools/bin/../lib/gcc/arm-none-eabi/9.3.1/../../../../arm-none-eabi/lib/thumb/v7-m/nofp\libc_nano.a(lib_a-findfp.o)
                0x000000000800b0bc                __sfp_lock_release
 .text.__sinit_lock_acquire
                0x000000000800b0c8        0xc c:/st/stm32cubeide_1.6.1/stm32cubeide/plugins/com.st.stm32cube.ide.mcu.externaltools.gnu-tools-for-stm32.9-2020-q2-update.win32_1.5.0.202011040924/tools/bin/../lib/gcc/arm-none-eabi/9.3.1/../../../../arm-none-eabi/lib/thumb/v7-m/nofp\libc_nano.a(lib_a-findfp.o)
                0x000000000800b0c8                __sinit_lock_acquire
 .text.__sinit_lock_release
                0x000000000800b0d4        0xc c:/st/stm32cubeide_1.6.1/stm32cubeide/plugins/com.st.stm32cube.ide.mcu.externaltools.gnu-tools-for-stm32.9-2020-q2-update.win32_1.5.0.202011040924/tools/bin/../lib/gcc/arm-none-eabi/9.3.1/../../../../arm-none-eabi/lib/thumb/v7-m/nofp\libc_nano.a(lib_a-findfp.o)
                0x000000000800b0d4                __sinit_lock_release
 .text.__sinit  0x000000000800b0e0       0x70 c:/st/stm32cubeide_1.6.1/stm32cubeide/plugins/com.st.stm32cube.ide.mcu.externaltools.gnu-tools-for-stm32.9-2020-q2-update.win32_1.5.0.202011040924/tools/bin/../lib/gcc/arm-none-eabi/9.3.1/../../../../arm-none-eabi/lib/thumb/v7-m/nofp\libc_nano.a(lib_a-findfp.o)
                0x000000000800b0e0                __sinit
 .text.__sfp    0x000000000800b150       0x8c c:/st/stm32cubeide_1.6.1/stm32cubeide/plugins/com.st.stm32cube.ide.mcu.externaltools.gnu-tools-for-stm32.9-2020-q2-update.win32_1.5.0.202011040924/tools/bin/../lib/gcc/arm-none-eabi/9.3.1/../../../../arm-none-eabi/lib/thumb/v7-m/nofp\libc_nano.a(lib_a-findfp.o)
                0x000000000800b150                __sfp
 .text._fwalk_reent
                0x000000000800b1dc       0x3e c:/st/stm32cubeide_1.6.1/stm32cubeide/plugins/com.st.stm32cube.ide.mcu.externaltools.gnu-tools-for-stm32.9-2020-q2-update.win32_1.5.0.202011040924/tools/bin/../lib/gcc/arm-none-eabi/9.3.1/../../../../arm-none-eabi/lib/thumb/v7-m/nofp\libc_nano.a(lib_a-fwalk.o)
                0x000000000800b1dc                _fwalk_reent
 .text.__swhatbuf_r
                0x000000000800b21a       0x48 c:/st/stm32cubeide_1.6.1/stm32cubeide/plugins/com.st.stm32cube.ide.mcu.externaltools.gnu-tools-for-stm32.9-2020-q2-update.win32_1.5.0.202011040924/tools/bin/../lib/gcc/arm-none-eabi/9.3.1/../../../../arm-none-eabi/lib/thumb/v7-m/nofp\libc_nano.a(lib_a-makebuf.o)
                0x000000000800b21a                __swhatbuf_r
 *fill*         0x000000000800b262        0x2 
 .text.__smakebuf_r
                0x000000000800b264       0x80 c:/st/stm32cubeide_1.6.1/stm32cubeide/plugins/com.st.stm32cube.ide.mcu.externaltools.gnu-tools-for-stm32.9-2020-q2-update.win32_1.5.0.202011040924/tools/bin/../lib/gcc/arm-none-eabi/9.3.1/../../../../arm-none-eabi/lib/thumb/v7-m/nofp\libc_nano.a(lib_a-makebuf.o)
                0x000000000800b264                __smakebuf_r
 .text._malloc_usable_size_r
                0x000000000800b2e4       0x10 c:/st/stm32cubeide_1.6.1/stm32cubeide/plugins/com.st.stm32cube.ide.mcu.externaltools.gnu-tools-for-stm32.9-2020-q2-update.win32_1.5.0.202011040924/tools/bin/../lib/gcc/arm-none-eabi/9.3.1/../../../../arm-none-eabi/lib/thumb/v7-m/nofp\libc_nano.a(lib_a-nano-msizer.o)
                0x000000000800b2e4                _malloc_usable_size_r
 .text._raise_r
                0x000000000800b2f4       0x50 c:/st/stm32cubeide_1.6.1/stm32cubeide/plugins/com.st.stm32cube.ide.mcu.externaltools.gnu-tools-for-stm32.9-2020-q2-update.win32_1.5.0.202011040924/tools/bin/../lib/gcc/arm-none-eabi/9.3.1/../../../../arm-none-eabi/lib/thumb/v7-m/nofp\libc_nano.a(lib_a-signal.o)
                0x000000000800b2f4                _raise_r
 .text.raise    0x000000000800b344       0x10 c:/st/stm32cubeide_1.6.1/stm32cubeide/plugins/com.st.stm32cube.ide.mcu.externaltools.gnu-tools-for-stm32.9-2020-q2-update.win32_1.5.0.202011040924/tools/bin/../lib/gcc/arm-none-eabi/9.3.1/../../../../arm-none-eabi/lib/thumb/v7-m/nofp\libc_nano.a(lib_a-signal.o)
                0x000000000800b344                raise
 .text._kill_r  0x000000000800b354       0x24 c:/st/stm32cubeide_1.6.1/stm32cubeide/plugins/com.st.stm32cube.ide.mcu.externaltools.gnu-tools-for-stm32.9-2020-q2-update.win32_1.5.0.202011040924/tools/bin/../lib/gcc/arm-none-eabi/9.3.1/../../../../arm-none-eabi/lib/thumb/v7-m/nofp\libc_nano.a(lib_a-signalr.o)
                0x000000000800b354                _kill_r
 .text._getpid_r
                0x000000000800b378        0x4 c:/st/stm32cubeide_1.6.1/stm32cubeide/plugins/com.st.stm32cube.ide.mcu.externaltools.gnu-tools-for-stm32.9-2020-q2-update.win32_1.5.0.202011040924/tools/bin/../lib/gcc/arm-none-eabi/9.3.1/../../../../arm-none-eabi/lib/thumb/v7-m/nofp\libc_nano.a(lib_a-signalr.o)
                0x000000000800b378                _getpid_r
 .text.__sread  0x000000000800b37c       0x22 c:/st/stm32cubeide_1.6.1/stm32cubeide/plugins/com.st.stm32cube.ide.mcu.externaltools.gnu-tools-for-stm32.9-2020-q2-update.win32_1.5.0.202011040924/tools/bin/../lib/gcc/arm-none-eabi/9.3.1/../../../../arm-none-eabi/lib/thumb/v7-m/nofp\libc_nano.a(lib_a-stdio.o)
                0x000000000800b37c                __sread
 .text.__swrite
                0x000000000800b39e       0x38 c:/st/stm32cubeide_1.6.1/stm32cubeide/plugins/com.st.stm32cube.ide.mcu.externaltools.gnu-tools-for-stm32.9-2020-q2-update.win32_1.5.0.202011040924/tools/bin/../lib/gcc/arm-none-eabi/9.3.1/../../../../arm-none-eabi/lib/thumb/v7-m/nofp\libc_nano.a(lib_a-stdio.o)
                0x000000000800b39e                __swrite
 .text.__sseek  0x000000000800b3d6       0x24 c:/st/stm32cubeide_1.6.1/stm32cubeide/plugins/com.st.stm32cube.ide.mcu.externaltools.gnu-tools-for-stm32.9-2020-q2-update.win32_1.5.0.202011040924/tools/bin/../lib/gcc/arm-none-eabi/9.3.1/../../../../arm-none-eabi/lib/thumb/v7-m/nofp\libc_nano.a(lib_a-stdio.o)
                0x000000000800b3d6                __sseek
 .text.__sclose
                0x000000000800b3fa        0x8 c:/st/stm32cubeide_1.6.1/stm32cubeide/plugins/com.st.stm32cube.ide.mcu.externaltools.gnu-tools-for-stm32.9-2020-q2-update.win32_1.5.0.202011040924/tools/bin/../lib/gcc/arm-none-eabi/9.3.1/../../../../arm-none-eabi/lib/thumb/v7-m/nofp\libc_nano.a(lib_a-stdio.o)
                0x000000000800b3fa                __sclose
 *fill*         0x000000000800b402        0x2 
 .text._write_r
                0x000000000800b404       0x24 c:/st/stm32cubeide_1.6.1/stm32cubeide/plugins/com.st.stm32cube.ide.mcu.externaltools.gnu-tools-for-stm32.9-2020-q2-update.win32_1.5.0.202011040924/tools/bin/../lib/gcc/arm-none-eabi/9.3.1/../../../../arm-none-eabi/lib/thumb/v7-m/nofp\libc_nano.a(lib_a-writer.o)
                0x000000000800b404                _write_r
 .text._close_r
                0x000000000800b428       0x20 c:/st/stm32cubeide_1.6.1/stm32cubeide/plugins/com.st.stm32cube.ide.mcu.externaltools.gnu-tools-for-stm32.9-2020-q2-update.win32_1.5.0.202011040924/tools/bin/../lib/gcc/arm-none-eabi/9.3.1/../../../../arm-none-eabi/lib/thumb/v7-m/nofp\libc_nano.a(lib_a-closer.o)
                0x000000000800b428                _close_r
 .text._fstat_r
                0x000000000800b448       0x24 c:/st/stm32cubeide_1.6.1/stm32cubeide/plugins/com.st.stm32cube.ide.mcu.externaltools.gnu-tools-for-stm32.9-2020-q2-update.win32_1.5.0.202011040924/tools/bin/../lib/gcc/arm-none-eabi/9.3.1/../../../../arm-none-eabi/lib/thumb/v7-m/nofp\libc_nano.a(lib_a-fstatr.o)
                0x000000000800b448                _fstat_r
 .text._isatty_r
                0x000000000800b46c       0x20 c:/st/stm32cubeide_1.6.1/stm32cubeide/plugins/com.st.stm32cube.ide.mcu.externaltools.gnu-tools-for-stm32.9-2020-q2-update.win32_1.5.0.202011040924/tools/bin/../lib/gcc/arm-none-eabi/9.3.1/../../../../arm-none-eabi/lib/thumb/v7-m/nofp\libc_nano.a(lib_a-isattyr.o)
                0x000000000800b46c                _isatty_r
 .text._lseek_r
                0x000000000800b48c       0x24 c:/st/stm32cubeide_1.6.1/stm32cubeide/plugins/com.st.stm32cube.ide.mcu.externaltools.gnu-tools-for-stm32.9-2020-q2-update.win32_1.5.0.202011040924/tools/bin/../lib/gcc/arm-none-eabi/9.3.1/../../../../arm-none-eabi/lib/thumb/v7-m/nofp\libc_nano.a(lib_a-lseekr.o)
                0x000000000800b48c                _lseek_r
 .text._read_r  0x000000000800b4b0       0x24 c:/st/stm32cubeide_1.6.1/stm32cubeide/plugins/com.st.stm32cube.ide.mcu.externaltools.gnu-tools-for-stm32.9-2020-q2-update.win32_1.5.0.202011040924/tools/bin/../lib/gcc/arm-none-eabi/9.3.1/../../../../arm-none-eabi/lib/thumb/v7-m/nofp\libc_nano.a(lib_a-readr.o)
                0x000000000800b4b0                _read_r
 *(.glue_7)
 .glue_7        0x000000000800b4d4        0x0 linker stubs
 *(.glue_7t)
 .glue_7t       0x000000000800b4d4        0x0 linker stubs
 *(.eh_frame)
 .eh_frame      0x000000000800b4d4        0x0 c:/st/stm32cubeide_1.6.1/stm32cubeide/plugins/com.st.stm32cube.ide.mcu.externaltools.gnu-tools-for-stm32.9-2020-q2-update.win32_1.5.0.202011040924/tools/bin/../lib/gcc/arm-none-eabi/9.3.1/thumb/v7-m/nofp/crtbegin.o
 *(.init)
 .init          0x000000000800b4d4        0x4 c:/st/stm32cubeide_1.6.1/stm32cubeide/plugins/com.st.stm32cube.ide.mcu.externaltools.gnu-tools-for-stm32.9-2020-q2-update.win32_1.5.0.202011040924/tools/bin/../lib/gcc/arm-none-eabi/9.3.1/thumb/v7-m/nofp/crti.o
                0x000000000800b4d4                _init
 .init          0x000000000800b4d8        0x8 c:/st/stm32cubeide_1.6.1/stm32cubeide/plugins/com.st.stm32cube.ide.mcu.externaltools.gnu-tools-for-stm32.9-2020-q2-update.win32_1.5.0.202011040924/tools/bin/../lib/gcc/arm-none-eabi/9.3.1/thumb/v7-m/nofp/crtn.o
 *(.fini)
 .fini          0x000000000800b4e0        0x4 c:/st/stm32cubeide_1.6.1/stm32cubeide/plugins/com.st.stm32cube.ide.mcu.externaltools.gnu-tools-for-stm32.9-2020-q2-update.win32_1.5.0.202011040924/tools/bin/../lib/gcc/arm-none-eabi/9.3.1/thumb/v7-m/nofp/crti.o
                0x000000000800b4e0                _fini
 .fini          0x000000000800b4e4        0x8 c:/st/stm32cubeide_1.6.1/stm32cubeide/plugins/com.st.stm32cube.ide.mcu.externaltools.gnu-tools-for-stm32.9-2020-q2-update.win32_1.5.0.202011040924/tools/bin/../lib/gcc/arm-none-eabi/9.3.1/thumb/v7-m/nofp/crtn.o
                0x000000000800b4ec                . = ALIGN (0x4)
                0x000000000800b4ec                _etext = .

.vfp11_veneer   0x000000000800b4ec        0x0
 .vfp11_veneer  0x000000000800b4ec        0x0 linker stubs

.v4_bx          0x000000000800b4ec        0x0
 .v4_bx         0x000000000800b4ec        0x0 linker stubs

.iplt           0x000000000800b4ec        0x0
 .iplt          0x000000000800b4ec        0x0 c:/st/stm32cubeide_1.6.1/stm32cubeide/plugins/com.st.stm32cube.ide.mcu.externaltools.gnu-tools-for-stm32.9-2020-q2-update.win32_1.5.0.202011040924/tools/bin/../lib/gcc/arm-none-eabi/9.3.1/thumb/v7-m/nofp/crtbegin.o

.rodata         0x000000000800b4f0      0x564
                0x000000000800b4f0                . = ALIGN (0x4)
 *(.rodata)
 .rodata        0x000000000800b4f0      0x13d Core/Src/main.o
 *fill*         0x000000000800b62d        0x3 
 .rodata        0x000000000800b630        0x5 Core/Src/tasks.o
 *fill*         0x000000000800b635        0x3 
 .rodata        0x000000000800b638        0xd Core/Src/timers.o
 *(.rodata*)
 *fill*         0x000000000800b645        0x3 
 .rodata.AHBPrescTable
                0x000000000800b648       0x10 Core/Src/system_stm32f1xx.o
                0x000000000800b648                AHBPrescTable
 .rodata.APBPrescTable
                0x000000000800b658        0x8 Core/Src/system_stm32f1xx.o
                0x000000000800b658                APBPrescTable
 .rodata.aPLLMULFactorTable.6283
                0x000000000800b660       0x10 Drivers/STM32F1xx_HAL_Driver/Src/stm32f1xx_hal_rcc.o
 .rodata.aPredivFactorTable.6284
                0x000000000800b670        0x2 Drivers/STM32F1xx_HAL_Driver/Src/stm32f1xx_hal_rcc.o
 *fill*         0x000000000800b672        0x2 
 .rodata._global_impure_ptr
                0x000000000800b674        0x4 c:/st/stm32cubeide_1.6.1/stm32cubeide/plugins/com.st.stm32cube.ide.mcu.externaltools.gnu-tools-for-stm32.9-2020-q2-update.win32_1.5.0.202011040924/tools/bin/../lib/gcc/arm-none-eabi/9.3.1/../../../../arm-none-eabi/lib/thumb/v7-m/nofp\libc_nano.a(lib_a-impure.o)
                0x000000000800b674                _global_impure_ptr
 .rodata._printf_float.str1.1
                0x000000000800b678       0x12 c:/st/stm32cubeide_1.6.1/stm32cubeide/plugins/com.st.stm32cube.ide.mcu.externaltools.gnu-tools-for-stm32.9-2020-q2-update.win32_1.5.0.202011040924/tools/bin/../lib/gcc/arm-none-eabi/9.3.1/../../../../arm-none-eabi/lib/thumb/v7-m/nofp\libc_nano.a(lib_a-nano-vfprintf_float.o)
 .rodata._printf_i.str1.1
                0x000000000800b68a       0x22 c:/st/stm32cubeide_1.6.1/stm32cubeide/plugins/com.st.stm32cube.ide.mcu.externaltools.gnu-tools-for-stm32.9-2020-q2-update.win32_1.5.0.202011040924/tools/bin/../lib/gcc/arm-none-eabi/9.3.1/../../../../arm-none-eabi/lib/thumb/v7-m/nofp\libc_nano.a(lib_a-nano-vfprintf_i.o)
 .rodata._dtoa_r.str1.1
                0x000000000800b6ac       0x94 c:/st/stm32cubeide_1.6.1/stm32cubeide/plugins/com.st.stm32cube.ide.mcu.externaltools.gnu-tools-for-stm32.9-2020-q2-update.win32_1.5.0.202011040924/tools/bin/../lib/gcc/arm-none-eabi/9.3.1/../../../../arm-none-eabi/lib/thumb/v7-m/nofp\libc_nano.a(lib_a-dtoa.o)
                                         0x96 (size before relaxing)
 .rodata._Balloc.str1.1
                0x000000000800b740       0x60 c:/st/stm32cubeide_1.6.1/stm32cubeide/plugins/com.st.stm32cube.ide.mcu.externaltools.gnu-tools-for-stm32.9-2020-q2-update.win32_1.5.0.202011040924/tools/bin/../lib/gcc/arm-none-eabi/9.3.1/../../../../arm-none-eabi/lib/thumb/v7-m/nofp\libc_nano.a(lib_a-mprec.o)
                                         0x77 (size before relaxing)
 .rodata.__multadd.str1.1
                0x000000000800b7a0       0x11 c:/st/stm32cubeide_1.6.1/stm32cubeide/plugins/com.st.stm32cube.ide.mcu.externaltools.gnu-tools-for-stm32.9-2020-q2-update.win32_1.5.0.202011040924/tools/bin/../lib/gcc/arm-none-eabi/9.3.1/../../../../arm-none-eabi/lib/thumb/v7-m/nofp\libc_nano.a(lib_a-mprec.o)
 .rodata.__mprec_bigtens
                0x000000000800b7a0       0x28 c:/st/stm32cubeide_1.6.1/stm32cubeide/plugins/com.st.stm32cube.ide.mcu.externaltools.gnu-tools-for-stm32.9-2020-q2-update.win32_1.5.0.202011040924/tools/bin/../lib/gcc/arm-none-eabi/9.3.1/../../../../arm-none-eabi/lib/thumb/v7-m/nofp\libc_nano.a(lib_a-mprec.o)
                0x000000000800b7a0                __mprec_bigtens
 .rodata.__mprec_tens
                0x000000000800b7c8       0xc8 c:/st/stm32cubeide_1.6.1/stm32cubeide/plugins/com.st.stm32cube.ide.mcu.externaltools.gnu-tools-for-stm32.9-2020-q2-update.win32_1.5.0.202011040924/tools/bin/../lib/gcc/arm-none-eabi/9.3.1/../../../../arm-none-eabi/lib/thumb/v7-m/nofp\libc_nano.a(lib_a-mprec.o)
                0x000000000800b7c8                __mprec_tens
 .rodata.p05.6150
                0x000000000800b890        0xc c:/st/stm32cubeide_1.6.1/stm32cubeide/plugins/com.st.stm32cube.ide.mcu.externaltools.gnu-tools-for-stm32.9-2020-q2-update.win32_1.5.0.202011040924/tools/bin/../lib/gcc/arm-none-eabi/9.3.1/../../../../arm-none-eabi/lib/thumb/v7-m/nofp\libc_nano.a(lib_a-mprec.o)
 .rodata._svfprintf_r.str1.1
                0x000000000800b89c       0x11 c:/st/stm32cubeide_1.6.1/stm32cubeide/plugins/com.st.stm32cube.ide.mcu.externaltools.gnu-tools-for-stm32.9-2020-q2-update.win32_1.5.0.202011040924/tools/bin/../lib/gcc/arm-none-eabi/9.3.1/../../../../arm-none-eabi/lib/thumb/v7-m/nofp\libc_nano.a(lib_a-nano-svfprintf.o)
 .rodata.__assert_func.str1.1
                0x000000000800b8ad       0x3c c:/st/stm32cubeide_1.6.1/stm32cubeide/plugins/com.st.stm32cube.ide.mcu.externaltools.gnu-tools-for-stm32.9-2020-q2-update.win32_1.5.0.202011040924/tools/bin/../lib/gcc/arm-none-eabi/9.3.1/../../../../arm-none-eabi/lib/thumb/v7-m/nofp\libc_nano.a(lib_a-assert.o)
                                         0x3d (size before relaxing)
 .rodata._setlocale_r.str1.1
                0x000000000800b8e9        0x8 c:/st/stm32cubeide_1.6.1/stm32cubeide/plugins/com.st.stm32cube.ide.mcu.externaltools.gnu-tools-for-stm32.9-2020-q2-update.win32_1.5.0.202011040924/tools/bin/../lib/gcc/arm-none-eabi/9.3.1/../../../../arm-none-eabi/lib/thumb/v7-m/nofp\libc_nano.a(lib_a-locale.o)
                                          0x9 (size before relaxing)
 .rodata.str1.1
                0x000000000800b8f1        0x2 c:/st/stm32cubeide_1.6.1/stm32cubeide/plugins/com.st.stm32cube.ide.mcu.externaltools.gnu-tools-for-stm32.9-2020-q2-update.win32_1.5.0.202011040924/tools/bin/../lib/gcc/arm-none-eabi/9.3.1/../../../../arm-none-eabi/lib/thumb/v7-m/nofp\libc_nano.a(lib_a-locale.o)
 .rodata._vfprintf_r.str1.1
                0x000000000800b8f3       0x11 c:/st/stm32cubeide_1.6.1/stm32cubeide/plugins/com.st.stm32cube.ide.mcu.externaltools.gnu-tools-for-stm32.9-2020-q2-update.win32_1.5.0.202011040924/tools/bin/../lib/gcc/arm-none-eabi/9.3.1/../../../../arm-none-eabi/lib/thumb/v7-m/nofp\libc_nano.a(lib_a-nano-vfprintf.o)
 .rodata._ctype_
                0x000000000800b8f3      0x101 c:/st/stm32cubeide_1.6.1/stm32cubeide/plugins/com.st.stm32cube.ide.mcu.externaltools.gnu-tools-for-stm32.9-2020-q2-update.win32_1.5.0.202011040924/tools/bin/../lib/gcc/arm-none-eabi/9.3.1/../../../../arm-none-eabi/lib/thumb/v7-m/nofp\libc_nano.a(lib_a-ctype_.o)
                0x000000000800b8f3                _ctype_
 .rodata.__sf_fake_stderr
                0x000000000800b9f4       0x20 c:/st/stm32cubeide_1.6.1/stm32cubeide/plugins/com.st.stm32cube.ide.mcu.externaltools.gnu-tools-for-stm32.9-2020-q2-update.win32_1.5.0.202011040924/tools/bin/../lib/gcc/arm-none-eabi/9.3.1/../../../../arm-none-eabi/lib/thumb/v7-m/nofp\libc_nano.a(lib_a-findfp.o)
                0x000000000800b9f4                __sf_fake_stderr
 .rodata.__sf_fake_stdin
                0x000000000800ba14       0x20 c:/st/stm32cubeide_1.6.1/stm32cubeide/plugins/com.st.stm32cube.ide.mcu.externaltools.gnu-tools-for-stm32.9-2020-q2-update.win32_1.5.0.202011040924/tools/bin/../lib/gcc/arm-none-eabi/9.3.1/../../../../arm-none-eabi/lib/thumb/v7-m/nofp\libc_nano.a(lib_a-findfp.o)
                0x000000000800ba14                __sf_fake_stdin
 .rodata.__sf_fake_stdout
                0x000000000800ba34       0x20 c:/st/stm32cubeide_1.6.1/stm32cubeide/plugins/com.st.stm32cube.ide.mcu.externaltools.gnu-tools-for-stm32.9-2020-q2-update.win32_1.5.0.202011040924/tools/bin/../lib/gcc/arm-none-eabi/9.3.1/../../../../arm-none-eabi/lib/thumb/v7-m/nofp\libc_nano.a(lib_a-findfp.o)
                0x000000000800ba34                __sf_fake_stdout
                0x000000000800ba54                . = ALIGN (0x4)

.rel.dyn        0x000000000800ba54        0x0
 .rel.iplt      0x000000000800ba54        0x0 c:/st/stm32cubeide_1.6.1/stm32cubeide/plugins/com.st.stm32cube.ide.mcu.externaltools.gnu-tools-for-stm32.9-2020-q2-update.win32_1.5.0.202011040924/tools/bin/../lib/gcc/arm-none-eabi/9.3.1/thumb/v7-m/nofp/crtbegin.o

.ARM.extab      0x000000000800ba54        0x0
                0x000000000800ba54                . = ALIGN (0x4)
 *(.ARM.extab* .gnu.linkonce.armextab.*)
                0x000000000800ba54                . = ALIGN (0x4)

.ARM            0x000000000800ba54        0x0
                0x000000000800ba54                . = ALIGN (0x4)
                0x000000000800ba54                __exidx_start = .
 *(.ARM.exidx*)
                0x000000000800ba54                __exidx_end = .
                0x000000000800ba54                . = ALIGN (0x4)

.preinit_array  0x000000000800ba54        0x0
                0x000000000800ba54                . = ALIGN (0x4)
                0x000000000800ba54                PROVIDE (__preinit_array_start = .)
 *(.preinit_array*)
                0x000000000800ba54                PROVIDE (__preinit_array_end = .)
                0x000000000800ba54                . = ALIGN (0x4)

.init_array     0x000000000800ba54        0x4
                0x000000000800ba54                . = ALIGN (0x4)
                0x000000000800ba54                PROVIDE (__init_array_start = .)
 *(SORT_BY_NAME(.init_array.*))
 *(.init_array*)
 .init_array    0x000000000800ba54        0x4 c:/st/stm32cubeide_1.6.1/stm32cubeide/plugins/com.st.stm32cube.ide.mcu.externaltools.gnu-tools-for-stm32.9-2020-q2-update.win32_1.5.0.202011040924/tools/bin/../lib/gcc/arm-none-eabi/9.3.1/thumb/v7-m/nofp/crtbegin.o
                0x000000000800ba58                PROVIDE (__init_array_end = .)
                0x000000000800ba58                . = ALIGN (0x4)

.fini_array     0x000000000800ba58        0x4
                0x000000000800ba58                . = ALIGN (0x4)
                [!provide]                        PROVIDE (__fini_array_start = .)
 *(SORT_BY_NAME(.fini_array.*))
 *(.fini_array*)
 .fini_array    0x000000000800ba58        0x4 c:/st/stm32cubeide_1.6.1/stm32cubeide/plugins/com.st.stm32cube.ide.mcu.externaltools.gnu-tools-for-stm32.9-2020-q2-update.win32_1.5.0.202011040924/tools/bin/../lib/gcc/arm-none-eabi/9.3.1/thumb/v7-m/nofp/crtbegin.o
                [!provide]                        PROVIDE (__fini_array_end = .)
                0x000000000800ba5c                . = ALIGN (0x4)
                0x000000000800ba5c                _sidata = LOADADDR (.data)

.data           0x0000000020000000      0x1e4 load address 0x000000000800ba5c
                0x0000000020000000                . = ALIGN (0x4)
                0x0000000020000000                _sdata = .
 *(.data)
 *(.data*)
 .data.uxCriticalNesting
                0x0000000020000000        0x4 Core/Src/port.o
 .data.SystemCoreClock
                0x0000000020000004        0x4 Core/Src/system_stm32f1xx.o
                0x0000000020000004                SystemCoreClock
 .data.uxTopUsedPriority
                0x0000000020000008        0x4 Core/Src/tasks.o
                0x0000000020000008                uxTopUsedPriority
 .data.uwTickPrio
                0x000000002000000c        0x4 Drivers/STM32F1xx_HAL_Driver/Src/stm32f1xx_hal.o
                0x000000002000000c                uwTickPrio
 .data.uwTickFreq
                0x0000000020000010        0x1 Drivers/STM32F1xx_HAL_Driver/Src/stm32f1xx_hal.o
                0x0000000020000010                uwTickFreq
 *fill*         0x0000000020000011        0x3 
 .data._impure_ptr
                0x0000000020000014        0x4 c:/st/stm32cubeide_1.6.1/stm32cubeide/plugins/com.st.stm32cube.ide.mcu.externaltools.gnu-tools-for-stm32.9-2020-q2-update.win32_1.5.0.202011040924/tools/bin/../lib/gcc/arm-none-eabi/9.3.1/../../../../arm-none-eabi/lib/thumb/v7-m/nofp\libc_nano.a(lib_a-impure.o)
                0x0000000020000014                _impure_ptr
 .data.impure_data
                0x0000000020000018       0x60 c:/st/stm32cubeide_1.6.1/stm32cubeide/plugins/com.st.stm32cube.ide.mcu.externaltools.gnu-tools-for-stm32.9-2020-q2-update.win32_1.5.0.202011040924/tools/bin/../lib/gcc/arm-none-eabi/9.3.1/../../../../arm-none-eabi/lib/thumb/v7-m/nofp\libc_nano.a(lib_a-impure.o)
 .data.__global_locale
                0x0000000020000078      0x16c c:/st/stm32cubeide_1.6.1/stm32cubeide/plugins/com.st.stm32cube.ide.mcu.externaltools.gnu-tools-for-stm32.9-2020-q2-update.win32_1.5.0.202011040924/tools/bin/../lib/gcc/arm-none-eabi/9.3.1/../../../../arm-none-eabi/lib/thumb/v7-m/nofp\libc_nano.a(lib_a-locale.o)
                0x0000000020000078                __global_locale
 *(.RamFunc)
 *(.RamFunc*)
                0x00000000200001e4                . = ALIGN (0x4)
                0x00000000200001e4                _edata = .

.igot.plt       0x00000000200001e4        0x0 load address 0x000000000800bc40
 .igot.plt      0x00000000200001e4        0x0 c:/st/stm32cubeide_1.6.1/stm32cubeide/plugins/com.st.stm32cube.ide.mcu.externaltools.gnu-tools-for-stm32.9-2020-q2-update.win32_1.5.0.202011040924/tools/bin/../lib/gcc/arm-none-eabi/9.3.1/thumb/v7-m/nofp/crtbegin.o
                0x00000000200001e4                . = ALIGN (0x4)

.bss            0x00000000200001e4      0x2ec load address 0x000000000800bc40
                0x00000000200001e4                _sbss = .
                0x00000000200001e4                __bss_start__ = _sbss
 *(.bss)
 .bss           0x00000000200001e4       0x1c c:/st/stm32cubeide_1.6.1/stm32cubeide/plugins/com.st.stm32cube.ide.mcu.externaltools.gnu-tools-for-stm32.9-2020-q2-update.win32_1.5.0.202011040924/tools/bin/../lib/gcc/arm-none-eabi/9.3.1/thumb/v7-m/nofp/crtbegin.o
 *(.bss*)
 .bss.menu_selected
                0x0000000020000200        0x1 Core/Src/main.o
                0x0000000020000200                menu_selected
 .bss.editing_time
                0x0000000020000201        0x1 Core/Src/main.o
                0x0000000020000201                editing_time
 .bss.edit_field
                0x0000000020000202        0x1 Core/Src/main.o
                0x0000000020000202                edit_field
 .bss.editing_setpoint
                0x0000000020000203        0x1 Core/Src/main.o
                0x0000000020000203                editing_setpoint
 .bss.current_setpoint
                0x0000000020000204        0x4 Core/Src/main.o
                0x0000000020000204                current_setpoint
 .bss.ulTimerCountsForOneTick
                0x0000000020000208        0x4 Core/Src/port.o
 .bss.xMaximumPossibleSuppressedTicks
                0x000000002000020c        0x4 Core/Src/port.o
 .bss.ulStoppedTimerCompensation
                0x0000000020000210        0x4 Core/Src/port.o
 .bss.ucMaxSysCallPriority
                0x0000000020000214        0x1 Core/Src/port.o
 *fill*         0x0000000020000215        0x3 
 .bss.ulMaxPRIGROUPValue
                0x0000000020000218        0x4 Core/Src/port.o
 .bss.__sbrk_heap_end
                0x000000002000021c        0x4 Core/Src/sysmem.o
 .bss.pxCurrentTCB
                0x0000000020000220        0x4 Core/Src/tasks.o
                0x0000000020000220                pxCurrentTCB
 .bss.pxReadyTasksLists
                0x0000000020000224       0x64 Core/Src/tasks.o
 .bss.xDelayedTaskList1
                0x0000000020000288       0x14 Core/Src/tasks.o
 .bss.xDelayedTaskList2
                0x000000002000029c       0x14 Core/Src/tasks.o
 .bss.pxDelayedTaskList
                0x00000000200002b0        0x4 Core/Src/tasks.o
 .bss.pxOverflowDelayedTaskList
                0x00000000200002b4        0x4 Core/Src/tasks.o
 .bss.xPendingReadyList
                0x00000000200002b8       0x14 Core/Src/tasks.o
 .bss.xTasksWaitingTermination
                0x00000000200002cc       0x14 Core/Src/tasks.o
 .bss.uxDeletedTasksWaitingCleanUp
                0x00000000200002e0        0x4 Core/Src/tasks.o
 .bss.xSuspendedTaskList
                0x00000000200002e4       0x14 Core/Src/tasks.o
 .bss.uxCurrentNumberOfTasks
                0x00000000200002f8        0x4 Core/Src/tasks.o
 .bss.xTickCount
                0x00000000200002fc        0x4 Core/Src/tasks.o
 .bss.uxTopReadyPriority
                0x0000000020000300        0x4 Core/Src/tasks.o
 .bss.xSchedulerRunning
                0x0000000020000304        0x4 Core/Src/tasks.o