main.c:178:6:write_flash	32	static
main.c:189:6:read_flash	16	static
main.c:193:6:read_time_date	24	static
main.c:204:6:read_saved_sp	32	static
main.c:211:6:read_saved_err	32	static
main.c:219:6:erase_flash	40	static
main.c:235:5:save_struct_flash	32	static
main.c:243:6:save_time_data	24	static
main.c:254:6:save_data_value	40	static
main.c:271:9:get_data_offset	16	static
main.c:291:10:get_data_offset_line	16	static
main.c:298:14:angle_error	24	static
main.c:305:13:motor_stop	8	static
main.c:311:6:I2C_controllerTask	48	static
main.c:327:6:as5600_readerTask	40	static
main.c:350:6:pid_controlTask	88	static
main.c:426:6:buttonHandlerTask	88	static
main.c:606:6:menuTask	80	static
main.c:819:6:EXTI3_IRQHandler	16	static,ignoring_inline_asm
main.c:827:6:EXTI4_IRQHandler	16	static,ignoring_inline_asm
main.c:835:6:EXTI9_5_IRQHandler	16	static,ignoring_inline_asm
main.c:843:6:EXTI15_10_IRQHandler	16	static,ignoring_inline_asm
main.c:856:5:main	16	static
main.c:926:6:SystemClock_Config	72	static
main.c:965:13:MX_I2C2_Init	8	static
main.c:999:13:MX_TIM1_Init	80	static
main.c:1064:13:MX_USART2_UART_Init	8	static
main.c:1097:13:MX_GPIO_Init	40	static
main.c:1165:6:HAL_TIM_PeriodElapsedCallback	16	static
main.c:1182:6:Error_Handler	4	static,ignoring_inline_asm
