Archive member included to satisfy reference by file (symbol)

c:/st/stm32cubeide_1.6.1/stm32cubeide/plugins/com.st.stm32cube.ide.mcu.externaltools.gnu-tools-for-stm32.9-2020-q2-update.win32_1.5.0.202011040924/tools/bin/../lib/gcc/arm-none-eabi/9.3.1/../../../../arm-none-eabi/lib/thumb/v7-m/nofp\libc_nano.a(lib_a-errno.o)
                              Core/Src/syscalls.o (__errno)
c:/st/stm32cubeide_1.6.1/stm32cubeide/plugins/com.st.stm32cube.ide.mcu.externaltools.gnu-tools-for-stm32.9-2020-q2-update.win32_1.5.0.202011040924/tools/bin/../lib/gcc/arm-none-eabi/9.3.1/../../../../arm-none-eabi/lib/thumb/v7-m/nofp\libc_nano.a(lib_a-exit.o)
                              c:/st/stm32cubeide_1.6.1/stm32cubeide/plugins/com.st.stm32cube.ide.mcu.externaltools.gnu-tools-for-stm32.9-2020-q2-update.win32_1.5.0.202011040924/tools/bin/../lib/gcc/arm-none-eabi/9.3.1/../../../../arm-none-eabi/lib/thumb/v7-m/nofp/crt0.o (exit)
c:/st/stm32cubeide_1.6.1/stm32cubeide/plugins/com.st.stm32cube.ide.mcu.externaltools.gnu-tools-for-stm32.9-2020-q2-update.win32_1.5.0.202011040924/tools/bin/../lib/gcc/arm-none-eabi/9.3.1/../../../../arm-none-eabi/lib/thumb/v7-m/nofp\libc_nano.a(lib_a-impure.o)
                              c:/st/stm32cubeide_1.6.1/stm32cubeide/plugins/com.st.stm32cube.ide.mcu.externaltools.gnu-tools-for-stm32.9-2020-q2-update.win32_1.5.0.202011040924/tools/bin/../lib/gcc/arm-none-eabi/9.3.1/../../../../arm-none-eabi/lib/thumb/v7-m/nofp\libc_nano.a(lib_a-exit.o) (_global_impure_ptr)
c:/st/stm32cubeide_1.6.1/stm32cubeide/plugins/com.st.stm32cube.ide.mcu.externaltools.gnu-tools-for-stm32.9-2020-q2-update.win32_1.5.0.202011040924/tools/bin/../lib/gcc/arm-none-eabi/9.3.1/../../../../arm-none-eabi/lib/thumb/v7-m/nofp\libc_nano.a(lib_a-init.o)
                              c:/st/stm32cubeide_1.6.1/stm32cubeide/plugins/com.st.stm32cube.ide.mcu.externaltools.gnu-tools-for-stm32.9-2020-q2-update.win32_1.5.0.202011040924/tools/bin/../lib/gcc/arm-none-eabi/9.3.1/../../../../arm-none-eabi/lib/thumb/v7-m/nofp/crt0.o (__libc_init_array)
c:/st/stm32cubeide_1.6.1/stm32cubeide/plugins/com.st.stm32cube.ide.mcu.externaltools.gnu-tools-for-stm32.9-2020-q2-update.win32_1.5.0.202011040924/tools/bin/../lib/gcc/arm-none-eabi/9.3.1/../../../../arm-none-eabi/lib/thumb/v7-m/nofp\libc_nano.a(lib_a-malloc.o)
                              Core/Src/heap_3.o (malloc)
c:/st/stm32cubeide_1.6.1/stm32cubeide/plugins/com.st.stm32cube.ide.mcu.externaltools.gnu-tools-for-stm32.9-2020-q2-update.win32_1.5.0.202011040924/tools/bin/../lib/gcc/arm-none-eabi/9.3.1/../../../../arm-none-eabi/lib/thumb/v7-m/nofp\libc_nano.a(lib_a-memcpy-stub.o)
                              Core/Src/main.o (memcpy)
c:/st/stm32cubeide_1.6.1/stm32cubeide/plugins/com.st.stm32cube.ide.mcu.externaltools.gnu-tools-for-stm32.9-2020-q2-update.win32_1.5.0.202011040924/tools/bin/../lib/gcc/arm-none-eabi/9.3.1/../../../../arm-none-eabi/lib/thumb/v7-m/nofp\libc_nano.a(lib_a-memset.o)
                              c:/st/stm32cubeide_1.6.1/stm32cubeide/plugins/com.st.stm32cube.ide.mcu.externaltools.gnu-tools-for-stm32.9-2020-q2-update.win32_1.5.0.202011040924/tools/bin/../lib/gcc/arm-none-eabi/9.3.1/../../../../arm-none-eabi/lib/thumb/v7-m/nofp/crt0.o (memset)
c:/st/stm32cubeide_1.6.1/stm32cubeide/plugins/com.st.stm32cube.ide.mcu.externaltools.gnu-tools-for-stm32.9-2020-q2-update.win32_1.5.0.202011040924/tools/bin/../lib/gcc/arm-none-eabi/9.3.1/../../../../arm-none-eabi/lib/thumb/v7-m/nofp\libc_nano.a(lib_a-nano-freer.o)
                              c:/st/stm32cubeide_1.6.1/stm32cubeide/plugins/com.st.stm32cube.ide.mcu.externaltools.gnu-tools-for-stm32.9-2020-q2-update.win32_1.5.0.202011040924/tools/bin/../lib/gcc/arm-none-eabi/9.3.1/../../../../arm-none-eabi/lib/thumb/v7-m/nofp\libc_nano.a(lib_a-malloc.o) (_free_r)
c:/st/stm32cubeide_1.6.1/stm32cubeide/plugins/com.st.stm32cube.ide.mcu.externaltools.gnu-tools-for-stm32.9-2020-q2-update.win32_1.5.0.202011040924/tools/bin/../lib/gcc/arm-none-eabi/9.3.1/../../../../arm-none-eabi/lib/thumb/v7-m/nofp\libc_nano.a(lib_a-nano-mallocr.o)
                              c:/st/stm32cubeide_1.6.1/stm32cubeide/plugins/com.st.stm32cube.ide.mcu.externaltools.gnu-tools-for-stm32.9-2020-q2-update.win32_1.5.0.202011040924/tools/bin/../lib/gcc/arm-none-eabi/9.3.1/../../../../arm-none-eabi/lib/thumb/v7-m/nofp\libc_nano.a(lib_a-malloc.o) (_malloc_r)
c:/st/stm32cubeide_1.6.1/stm32cubeide/plugins/com.st.stm32cube.ide.mcu.externaltools.gnu-tools-for-stm32.9-2020-q2-update.win32_1.5.0.202011040924/tools/bin/../lib/gcc/arm-none-eabi/9.3.1/../../../../arm-none-eabi/lib/thumb/v7-m/nofp\libc_nano.a(lib_a-nano-vfprintf_float.o)
                              (_printf_float)
c:/st/stm32cubeide_1.6.1/stm32cubeide/plugins/com.st.stm32cube.ide.mcu.externaltools.gnu-tools-for-stm32.9-2020-q2-update.win32_1.5.0.202011040924/tools/bin/../lib/gcc/arm-none-eabi/9.3.1/../../../../arm-none-eabi/lib/thumb/v7-m/nofp\libc_nano.a(lib_a-nano-vfprintf_i.o)
[...]
Memory Configuration

Name             Origin             Length             Attributes
RAM              0x0000000020000000 0x0000000000005000 xrw
FLASH            0x0000000008000000 0x0000000000010000 xr
*default*        0x0000000000000000 0xffffffffffffffff

Linker script and memory map

LOAD c:/st/stm32cubeide_1.6.1/stm32cubeide/plugins/com.st.stm32cube.ide.mcu.externaltools.gnu-tools-for-stm32.9-2020-q2-update.win32_1.5.0.202011040924/tools/bin/../lib/gcc/arm-none-eabi/9.3.1/thumb/v7-m/nofp/crti.o
LOAD c:/st/stm32cubeide_1.6.1/stm32cubeide/plugins/com.st.stm32cube.ide.mcu.externaltools.gnu-tools-for-stm32.9-2020-q2-update.win32_1.5.0.202011040924/tools/bin/../lib/gcc/arm-none-eabi/9.3.1/thumb/v7-m/nofp/crtbegin.o
LOAD c:/st/stm32cubeide_1.6.1/stm32cubeide/plugins/com.st.stm32cube.ide.mcu.externaltools.gnu-tools-for-stm32.9-2020-q2-update.win32_1.5.0.202011040924/tools/bin/../lib/gcc/arm-none-eabi/9.3.1/../../../../arm-none-eabi/lib/thumb/v7-m/nofp/crt0.o
LOAD Core/Src/croutine.o
LOAD Core/Src/event_groups.o
LOAD Core/Src/heap_3.o
LOAD Core/Src/lcd_i2c.o
LOAD Core/Src/list.o
LOAD Core/Src/main.o
LOAD Core/Src/port.o
LOAD Core/Src/queue.o
LOAD Core/Src/stm32f1xx_hal_msp.o
LOAD Core/Src/stm32f1xx_hal_timebase_tim.o
LOAD Core/Src/stm32f1xx_it.o
LOAD Core/Src/stream_buffer.o
LOAD Core/Src/syscalls.o
LOAD Core/Src/sysmem.o
LOAD Core/Src/system_stm32f1xx.o
LOAD Core/Src/tasks.o
LOAD Core/Src/timers.o
LOAD Core/Startup/startup_stm32f103c8tx.o
LOAD Drivers/STM32F1xx_HAL_Driver/Src/stm32f1xx_hal.o
LOAD Drivers/STM32F1xx_HAL_Driver/Src/stm32f1xx_hal_cortex.o
LOAD Drivers/STM32F1xx_HAL_Driver/Src/stm32f1xx_hal_dma.o
LOAD Drivers/STM32F1xx_HAL_Driver/Src/stm32f1xx_hal_exti.o
LOAD Drivers/STM32F1xx_HAL_Driver/Src/stm32f1xx_hal_flash.o
LOAD Drivers/STM32F1xx_HAL_Driver/Src/stm32f1xx_hal_flash_ex.o
LOAD Drivers/STM32F1xx_HAL_Driver/Src/stm32f1xx_hal_gpio.o
LOAD Drivers/STM32F1xx_HAL_Driver/Src/stm32f1xx_hal_gpio_ex.o
LOAD Drivers/STM32F1xx_HAL_Driver/Src/stm32f1xx_hal_i2c.o
LOAD Drivers/STM32F1xx_HAL_Driver/Src/stm32f1xx_hal_pwr.o
LOAD Drivers/STM32F1xx_HAL_Driver/Src/stm32f1xx_hal_rcc.o
LOAD Drivers/STM32F1xx_HAL_Driver/Src/stm32f1xx_hal_rcc_ex.o
LOAD Drivers/STM32F1xx_HAL_Driver/Src/stm32f1xx_hal_tim.o
LOAD Drivers/STM32F1xx_HAL_Driver/Src/stm32f1xx_hal_tim_ex.o
LOAD Drivers/STM32F1xx_HAL_Driver/Src/stm32f1xx_hal_uart.o
START GROUP
LOAD c:/st/stm32cubeide_1.6.1/stm32cubeide/plugins/com.st.stm32cube.ide.mcu.externaltools.gnu-tools-for-stm32.9-2020-q2-update.win32_1.5.0.202011040924/tools/bin/../lib/gcc/arm-none-eabi/9.3.1/../../../../arm-none-eabi/lib/thumb/v7-m/nofp\libc_nano.a
LOAD c:/st/stm32cubeide_1.6.1/stm32cubeide/plugins/com.st.stm32cube.ide.mcu.externaltools.gnu-tools-for-stm32.9-2020-q2-update.win32_1.5.0.202011040924/tools/bin/../lib/gcc/arm-none-eabi/9.3.1/../../../../arm-none-eabi/lib/thumb/v7-m/nofp\libm.a
END GROUP
START GROUP
LOAD c:/st/stm32cubeide_1.6.1/stm32cubeide/plugins/com.st.stm32cube.ide.mcu.externaltools.gnu-tools-for-stm32.9-2020-q2-update.win32_1.5.0.202011040924/tools/bin/../lib/gcc/arm-none-eabi/9.3.1/thumb/v7-m/nofp\libgcc.a
LOAD c:/st/stm32cubeide_1.6.1/stm32cubeide/plugins/com.st.stm32cube.ide.mcu.externaltools.gnu-tools-for-stm32.9-2020-q2-update.win32_1.5.0.202011040924/tools/bin/../lib/gcc/arm-none-eabi/9.3.1/../../../../arm-none-eabi/lib/thumb/v7-m/nofp\libc_nano.a
END GROUP
START GROUP
LOAD c:/st/stm32cubeide_1.6.1/stm32cubeide/plugins/com.st.stm32cube.ide.mcu.externaltools.gnu-tools-for-stm32.9-2020-q2-update.win32_1.5.0.202011040924/tools/bin/../lib/gcc/arm-none-eabi/9.3.1/thumb/v7-m/nofp\libgcc.a
LOAD c:/st/stm32cubeide_1.6.1/stm32cubeide/plugins/com.st.stm32cube.ide.mcu.externaltools.gnu-tools-for-stm32.9-2020-q2-update.win32_1.5.0.202011040924/tools/bin/../lib/gcc/arm-none-eabi/9.3.1/../../../../arm-none-eabi/lib/thumb/v7-m/nofp\libc_nano.a
LOAD c:/st/stm32cubeide_1.6.1/stm32cubeide/plugins/com.st.stm32cube.ide.mcu.externaltools.gnu-tools-for-stm32.9-2020-q2-update.win32_1.5.0.202011040924/tools/bin/../lib/gcc/arm-none-eabi/9.3.1/../../../../arm-none-eabi/lib/thumb/v7-m/nofp\libnosys.a
END GROUP
START GROUP
LOAD c:/st/stm32cubeide_1.6.1/stm32cubeide/plugins/com.st.stm32cube.ide.mcu.externaltools.gnu-tools-for-stm32.9-2020-q2-update.win32_1.5.0.202011040924/tools/bin/../lib/gcc/arm-none-eabi/9.3.1/thumb/v7-m/nofp\libgcc.a
LOAD c:/st/stm32cubeide_1.6.1/stm32cubeide/plugins/com.st.stm32cube.ide.mcu.externaltools.gnu-tools-for-stm32.9-2020-q2-update.win32_1.5.0.202011040924/tools/bin/../lib/gcc/arm-none-eabi/9.3.1/../../../../arm-none-eabi/lib/thumb/v7-m/nofp\libc_nano.a
LOAD c:/st/stm32cubeide_1.6.1/stm32cubeide/plugins/com.st.stm32cube.ide.mcu.externaltools.gnu-tools-for-stm32.9-2020-q2-update.win32_1.5.0.202011040924/tools/bin/../lib/gcc/arm-none-eabi/9.3.1/../../../../arm-none-eabi/lib/thumb/v7-m/nofp\libnosys.a
END GROUP
LOAD c:/st/stm32cubeide_1.6.1/stm32cubeide/plugins/com.st.stm32cube.ide.mcu.externaltools.gnu-tools-for-stm32.9-2020-q2-update.win32_1.5.0.202011040924/tools/bin/../lib/gcc/arm-none-eabi/9.3.1/thumb/v7-m/nofp/crtend.o
LOAD c:/st/stm32cubeide_1.6.1/stm32cubeide/plugins/com.st.stm32cube.ide.mcu.externaltools.gnu-tools-for-stm32.9-2020-q2-update.win32_1.5.0.202011040924/tools/bin/../lib/gcc/arm-none-eabi/9.3.1/thumb/v7-m/nofp/crtn.o
                0x0000000020005000                _estack = (ORIGIN (RAM) + LENGTH (RAM))
                0x0000000000000200                _Min_Heap_Size = 0x200
                0x0000000000000400                _Min_Stack_Size = 0x400

.isr_vector     0x0000000008000000      0x10c
                0x0000000008000000                . = ALIGN (0x4)
 *(.isr_vector)
 .isr_vector    0x0000000008000000      0x10c Core/Startup/startup_stm32f103c8tx.o
                0x0000000008000000                g_pfnVectors
                0x000000000800010c                . = ALIGN (0x4)

.text           0x0000000008000110     0xc41c
                0x0000000008000110                . = ALIGN (0x4)
 *(.text)
 .text          0x0000000008000110       0x40 c:/st/stm32cubeide_1.6.1/stm32cubeide/plugins/com.st.stm32cube.ide.mcu.externaltools.gnu-tools-for-stm32.9-2020-q2-update.win32_1.5.0.202011040924/tools/bin/../lib/gcc/arm-none-eabi/9.3.1/thumb/v7-m/nofp/crtbegin.o
 .text          0x0000000008000150       0x10 c:/st/stm32cubeide_1.6.1/stm32cubeide/plugins/com.st.stm32cube.ide.mcu.externaltools.gnu-tools-for-stm32.9-2020-q2-update.win32_1.5.0.202011040924/tools/bin/../lib/gcc/arm-none-eabi/9.3.1/../../../../arm-none-eabi/lib/thumb/v7-m/nofp\libc_nano.a(lib_a-strlen.o)
                0x0000000008000150                strlen
 .text          0x0000000008000160      0x378 c:/st/stm32cubeide_1.6.1/stm32cubeide/plugins/com.st.stm32cube.ide.mcu.externaltools.gnu-tools-for-stm32.9-2020-q2-update.win32_1.5.0.202011040924/tools/bin/../lib/gcc/arm-none-eabi/9.3.1/thumb/v7-m/nofp\libgcc.a(_arm_addsubdf3.o)
                0x0000000008000160                __aeabi_drsub
                0x0000000008000168                __aeabi_dsub
                0x0000000008000168                __subdf3
                0x000000000800016c                __aeabi_dadd
                0x000000000800016c                __adddf3
                0x00000000080003e4                __floatunsidf
                0x00000000080003e4                __aeabi_ui2d
                0x0000000008000404                __floatsidf
                0x0000000008000404                __aeabi_i2d
                0x0000000008000428                __aeabi_f2d
                0x0000000008000428                __extendsfdf2
                0x000000000800046c                __floatundidf
                0x000000000800046c                __aeabi_ul2d
                0x000000000800047c                __floatdidf
                0x000000000800047c                __aeabi_l2d
 .text          0x00000000080004d8      0x424 c:/st/stm32cubeide_1.6.1/stm32cubeide/plugins/com.st.stm32cube.ide.mcu.externaltools.gnu-tools-for-stm32.9-2020-q2-update.win32_1.5.0.202011040924/tools/bin/../lib/gcc/arm-none-eabi/9.3.1/thumb/v7-m/nofp\libgcc.a(_arm_muldivdf3.o)
                0x00000000080004d8                __aeabi_dmul
                0x00000000080004d8                __muldf3
                0x000000000800072c                __divdf3
                0x000000000800072c                __aeabi_ddiv
 .text          0x00000000080008fc      0x110 c:/st/stm32cubeide_1.6.1/stm32cubeide/plugins/com.st.stm32cube.ide.mcu.externaltools.gnu-tools-for-stm32.9-2020-q2-update.win32_1.5.0.202011040924/tools/bin/../lib/gcc/arm-none-eabi/9.3.1/thumb/v7-m/nofp\libgcc.a(_arm_cmpdf2.o)
                0x00000000080008fc                __gtdf2
                0x00000000080008fc                __gedf2
                0x0000000008000904                __ltdf2
                0x0000000008000904                __ledf2
                0x000000000800090c                __nedf2
                0x000000000800090c                __eqdf2
                0x000000000800090c                __cmpdf2
                0x0000000008000988                __aeabi_cdrcmple
                0x0000000008000998                __aeabi_cdcmpeq
                0x0000000008000998                __aeabi_cdcmple
                0x00000000080009a8                __aeabi_dcmpeq
                0x00000000080009bc                __aeabi_dcmplt
                0x00000000080009d0                __aeabi_dcmple
                0x00000000080009e4                __aeabi_dcmpge
                0x00000000080009f8                __aeabi_dcmpgt
 .text          0x0000000008000a0c       0x2c c:/st/stm32cubeide_1.6.1/stm32cubeide/plugins/com.st.stm32cube.ide.mcu.externaltools.gnu-tools-for-stm32.9-2020-q2-update.win32_1.5.0.202011040924/tools/bin/../lib/gcc/arm-none-eabi/9.3.1/thumb/v7-m/nofp\libgcc.a(_arm_unorddf2.o)
                0x0000000008000a0c                __unorddf2
                0x0000000008000a0c                __aeabi_dcmpun
 .text          0x0000000008000a38       0x50 c:/st/stm32cubeide_1.6.1/stm32cubeide/plugins/com.st.stm32cube.ide.mcu.externaltools.gnu-tools-for-stm32.9-2020-q2-update.win32_1.5.0.202011040924/tools/bin/../lib/gcc/arm-none-eabi/9.3.1/thumb/v7-m/nofp\libgcc.a(_arm_fixdfsi.o)
                0x0000000008000a38                __aeabi_d2iz
                0x0000000008000a38                __fixdfsi
 .text          0x0000000008000a88      0x21c c:/st/stm32cubeide_1.6.1/stm32cubeide/plugins/com.st.stm32cube.ide.mcu.externaltools.gnu-tools-for-stm32.9-2020-q2-update.win32_1.5.0.202011040924/tools/bin/../lib/gcc/arm-none-eabi/9.3.1/thumb/v7-m/nofp\libgcc.a(_arm_addsubsf3.o)
                0x0000000008000a88                __aeabi_frsub
                0x0000000008000a90                __subsf3
                0x0000000008000a90                __aeabi_fsub
                0x0000000008000a94                __aeabi_fadd
                0x0000000008000a94                __addsf3
                0x0000000008000bf4                __aeabi_ui2f
                0x0000000008000bf4                __floatunsisf
                0x0000000008000bfc                __aeabi_i2f
                0x0000000008000bfc                __floatsisf
                0x0000000008000c18                __aeabi_ul2f
                0x0000000008000c18                __floatundisf
                0x0000000008000c28                __aeabi_l2f
                0x0000000008000c28                __floatdisf
 .text          0x0000000008000ca4      0x2a0 c:/st/stm32cubeide_1.6.1/stm32cubeide/plugins/com.st.stm32cube.ide.mcu.externaltools.gnu-tools-for-stm32.9-2020-q2-update.win32_1.5.0.202011040924/tools/bin/../lib/gcc/arm-none-eabi/9.3.1/thumb/v7-m/nofp\libgcc.a(_arm_muldivsf3.o)
                0x0000000008000ca4                __mulsf3
                0x0000000008000ca4                __aeabi_fmul
                0x0000000008000e0c                __aeabi_fdiv
                0x0000000008000e0c                __divsf3
 .text          0x0000000008000f44       0xec c:/st/stm32cubeide_1.6.1/stm32cubeide/plugins/com.st.stm32cube.ide.mcu.externaltools.gnu-tools-for-stm32.9-2020-q2-update.win32_1.5.0.202011040924/tools/bin/../lib/gcc/arm-none-eabi/9.3.1/thumb/v7-m/nofp\libgcc.a(_arm_cmpsf2.o)
                0x0000000008000f44                __gesf2
                0x0000000008000f44                __gtsf2
                0x0000000008000f4c                __lesf2
                0x0000000008000f4c                __ltsf2
                0x0000000008000f54                __nesf2
                0x0000000008000f54                __eqsf2
                0x0000000008000f54                __cmpsf2
                0x0000000008000fb4                __aeabi_cfrcmple
                0x0000000008000fbc                __aeabi_cfcmpeq
                0x0000000008000fbc                __aeabi_cfcmple
                0x0000000008000fcc                __aeabi_fcmpeq
                0x0000000008000fe0                __aeabi_fcmplt
                0x0000000008000ff4                __aeabi_fcmple
                0x0000000008001008                __aeabi_fcmpge
                0x000000000800101c                __aeabi_fcmpgt
 .text          0x0000000008001030       0x4c c:/st/stm32cubeide_1.6.1/stm32cubeide/plugins/com.st.stm32cube.ide.mcu.externaltools.gnu-tools-for-stm32.9-2020-q2-update.win32_1.5.0.202011040924/tools/bin/../lib/gcc/arm-none-eabi/9.3.1/thumb/v7-m/nofp\libgcc.a(_arm_fixsfsi.o)
                0x0000000008001030                __aeabi_f2iz
                0x0000000008001030                __fixsfsi
 .text          0x000000000800107c       0x40 c:/st/stm32cubeide_1.6.1/stm32cubeide/plugins/com.st.stm32cube.ide.mcu.externaltools.gnu-tools-for-stm32.9-2020-q2-update.win32_1.5.0.202011040924/tools/bin/../lib/gcc/arm-none-eabi/9.3.1/thumb/v7-m/nofp\libgcc.a(_arm_fixunssfsi.o)
                0x000000000800107c                __fixunssfsi
                0x000000000800107c                __aeabi_f2uiz
 *(.text*)
 .text.pvPortMalloc
                0x00000000080010bc       0x24 Core/Src/heap_3.o
                0x00000000080010bc                pvPortMalloc
 .text.vPortFree
                0x00000000080010e0       0x24 Core/Src/heap_3.o
                0x00000000080010e0                vPortFree
 .text.lcd_i2c_send
                0x0000000008001104       0x3c Core/Src/lcd_i2c.o
 .text.lcd_write_4bits
                0x0000000008001140       0x2e Core/Src/lcd_i2c.o
 .text.lcd_send
                0x000000000800116e       0x62 Core/Src/lcd_i2c.o
 .text.lcd_send_command
                0x00000000080011d0       0x1c Core/Src/lcd_i2c.o
                0x00000000080011d0                lcd_send_command
 .text.lcd_send_data
                0x00000000080011ec       0x1c Core/Src/lcd_i2c.o
                0x00000000080011ec                lcd_send_data
 .text.lcd_send_string
                0x0000000008001208       0x2a Core/Src/lcd_i2c.o
                0x0000000008001208                lcd_send_string
 *fill*         0x0000000008001232        0x2 
 .text.lcd_goto_XY
                0x0000000008001234       0x4c Core/Src/lcd_i2c.o
                0x0000000008001234                lcd_goto_XY
 .text.lcd_clear
                0x0000000008001280       0x14 Core/Src/lcd_i2c.o
                0x0000000008001280                lcd_clear
 .text.lcd_init
                0x0000000008001294       0x5c Core/Src/lcd_i2c.o
                0x0000000008001294                lcd_init
 .text.vListInitialise
                0x00000000080012f0       0x3e Core/Src/list.o
                0x00000000080012f0                vListInitialise
 .text.vListInitialiseItem
                0x000000000800132e       0x18 Core/Src/list.o
                0x000000000800132e                vListInitialiseItem
 .text.vListInsert
                0x0000000008001346       0x70 Core/Src/list.o
                0x0000000008001346                vListInsert
 .text.uxListRemove
                0x00000000080013b6       0x52 Core/Src/list.o
                0x00000000080013b6                uxListRemove
 .text.write_flash
                0x0000000008001408       0x4c Core/Src/main.o
                0x0000000008001408                write_flash
 .text.read_flash
                0x0000000008001454       0x2c Core/Src/main.o
                0x0000000008001454                read_flash
 .text.read_time_date
                0x0000000008001480       0xb8 Core/Src/main.o
                0x0000000008001480                read_time_date
 .text.read_saved_sp
                0x0000000008001538       0x74 Core/Src/main.o
                0x0000000008001538                read_saved_sp
 .text.read_saved_err
                0x00000000080015ac       0x74 Core/Src/main.o
                0x00000000080015ac                read_saved_err
 .text.erase_flash
                0x0000000008001620       0x54 Core/Src/main.o
                0x0000000008001620                erase_flash
 .text.save_struct_flash
                0x0000000008001674       0x3e Core/Src/main.o
                0x0000000008001674                save_struct_flash
 *fill*         0x00000000080016b2        0x2 
 .text.save_time_data
                0x00000000080016b4       0x64 Core/Src/main.o
                0x00000000080016b4                save_time_data
 .text.save_data_value
                0x0000000008001718       0xe8 Core/Src/main.o
                0x0000000008001718                save_data_value
 .text.get_data_offset
                0x0000000008001800       0x72 Core/Src/main.o
                0x0000000008001800                get_data_offset
 .text.get_data_offset_line
                0x0000000008001872       0x2a Core/Src/main.o
                0x0000000008001872                get_data_offset_line
 .text.angle_error
                0x000000000800189c       0x60 Core/Src/main.o
 .text.motor_stop
                0x00000000080018fc       0x30 Core/Src/main.o
 .text.I2C_controllerTask
                0x000000000800192c       0xb0 Core/Src/main.o
                0x000000000800192c                I2C_controllerTask
 .text.as5600_readerTask
                0x00000000080019dc       0x9c Core/Src/main.o
                0x00000000080019dc                as5600_readerTask
 .text.pid_controlTask
                0x0000000008001a78      0x28c Core/Src/main.o
                0x0000000008001a78                pid_controlTask
 .text.buttonHandlerTask
                0x0000000008001d04      0x988 Core/Src/main.o
                0x0000000008001d04                buttonHandlerTask
 .text.menuTask
                0x000000000800268c      0x708 Core/Src/main.o
                0x000000000800268c                menuTask
 .text.EXTI3_IRQHandler
                0x0000000008002d94       0x44 Core/Src/main.o
                0x0000000008002d94                EXTI3_IRQHandler
 .text.EXTI4_IRQHandler
                0x0000000008002dd8       0x44 Core/Src/main.o
                0x0000000008002dd8                EXTI4_IRQHandler
 .text.EXTI9_5_IRQHandler
                0x0000000008002e1c       0x44 Core/Src/main.o
                0x0000000008002e1c                EXTI9_5_IRQHandler
 .text.EXTI15_10_IRQHandler
                0x0000000008002e60       0x48 Core/Src/main.o
                0x0000000008002e60                EXTI15_10_IRQHandler
 .text.main     0x0000000008002ea8      0x184 Core/Src/main.o
                0x0000000008002ea8                main
 .text.SystemClock_Config
                0x000000000800302c       0x8a Core/Src/main.o
                0x000000000800302c                SystemClock_Config
 *fill*         0x00000000080030b6        0x2 
 .text.MX_I2C2_Init
                0x00000000080030b8       0x5c Core/Src/main.o
 .text.MX_TIM1_Init
                0x0000000008003114      0x108 Core/Src/main.o
 .text.MX_USART2_UART_Init
                0x000000000800321c       0x54 Core/Src/main.o
 .text.MX_GPIO_Init
                0x0000000008003270      0x138 Core/Src/main.o
 .text.HAL_TIM_PeriodElapsedCallback
                0x00000000080033a8       0x1e Core/Src/main.o
                0x00000000080033a8                HAL_TIM_PeriodElapsedCallback
 .text.Error_Handler
                0x00000000080033c6        0xa Core/Src/main.o
                0x00000000080033c6                Error_Handler
 .text.pxPortInitialiseStack
                0x00000000080033d0       0x58 Core/Src/port.o
                0x00000000080033d0                pxPortInitialiseStack
 .text.prvTaskExitError
                0x0000000008003428       0x58 Core/Src/port.o
 .text.SVC_Handler
                0x0000000008003480       0x28 Core/Src/port.o
                0x0000000008003480                SVC_Handler
 .text.prvPortStartFirstTask
                0x00000000080034a8       0x24 Core/Src/port.o
 .text.xPortStartScheduler
                0x00000000080034cc       0xe4 Core/Src/port.o
                0x00000000080034cc                xPortStartScheduler
 .text.vPortEnterCritical
                0x00000000080035b0       0x60 Core/Src/port.o
                0x00000000080035b0                vPortEnterCritical
 .text.vPortExitCritical
                0x0000000008003610       0x50 Core/Src/port.o
                0x0000000008003610                vPortExitCritical
 .text.PendSV_Handler
                0x0000000008003660       0x48 Core/Src/port.o
                0x0000000008003660                PendSV_Handler
 .text.SysTick_Handler
                0x00000000080036a8       0x44 Core/Src/port.o
                0x00000000080036a8                SysTick_Handler
 .text.vPortSuppressTicksAndSleep
                0x00000000080036ec      0x194 Core/Src/port.o
                0x00000000080036ec                vPortSuppressTicksAndSleep
 .text.vPortSetupTimerInterrupt
                0x0000000008003880       0x78 Core/Src/port.o
                0x0000000008003880                vPortSetupTimerInterrupt
 .text.vPortValidateInterruptPriority
                0x00000000080038f8       0x7c Core/Src/port.o
                0x00000000080038f8                vPortValidateInterruptPriority
 .text.xQueueGenericReset
                0x0000000008003974      0x120 Core/Src/queue.o
                0x0000000008003974                xQueueGenericReset
 .text.xQueueGenericCreate
                0x0000000008003a94       0x9c Core/Src/queue.o
                0x0000000008003a94                xQueueGenericCreate
 .text.prvInitialiseNewQueue
                0x0000000008003b30       0x46 Core/Src/queue.o
 *fill*         0x0000000008003b76        0x2 
 .text.xQueueGenericSend
                0x0000000008003b78      0x1fc Core/Src/queue.o
                0x0000000008003b78                xQueueGenericSend
 .text.xQueueGiveFromISR
                0x0000000008003d74      0x148 Core/Src/queue.o
                0x0000000008003d74                xQueueGiveFromISR
 .text.xQueueReceive
                0x0000000008003ebc      0x1c0 Core/Src/queue.o
                0x0000000008003ebc                xQueueReceive
 .text.xQueueSemaphoreTake
                0x000000000800407c      0x1fc Core/Src/queue.o
                0x000000000800407c                xQueueSemaphoreTake
 .text.xQueuePeek
                0x0000000008004278      0x1c4 Core/Src/queue.o
                0x0000000008004278                xQueuePeek
 .text.prvGetDisinheritPriorityAfterTimeout
                0x000000000800443c       0x2e Core/Src/queue.o
 .text.prvCopyDataToQueue
                0x000000000800446a       0xd4 Core/Src/queue.o
 .text.prvCopyDataFromQueue
                0x000000000800453e       0x4c Core/Src/queue.o
 .text.prvUnlockQueue
                0x000000000800458a       0xa4 Core/Src/queue.o
 .text.prvIsQueueEmpty
                0x000000000800462e       0x2c Core/Src/queue.o
 .text.prvIsQueueFull
                0x000000000800465a       0x30 Core/Src/queue.o
 *fill*         0x000000000800468a        0x2 
 .text.vQueueAddToRegistry
                0x000000000800468c       0x9c Core/Src/queue.o
                0x000000000800468c                vQueueAddToRegistry
 .text.vQueueWaitForMessageRestricted
                0x0000000008004728       0x68 Core/Src/queue.o
                0x0000000008004728                vQueueWaitForMessageRestricted
 .text.HAL_MspInit
                0x0000000008004790       0x64 Core/Src/stm32f1xx_hal_msp.o
                0x0000000008004790                HAL_MspInit
 .text.HAL_I2C_MspInit
                0x00000000080047f4       0x80 Core/Src/stm32f1xx_hal_msp.o
                0x00000000080047f4                HAL_I2C_MspInit
 .text.HAL_TIM_PWM_MspInit
                0x0000000008004874       0x3c Core/Src/stm32f1xx_hal_msp.o
                0x0000000008004874                HAL_TIM_PWM_MspInit
 .text.HAL_TIM_MspPostInit
                0x00000000080048b0       0x68 Core/Src/stm32f1xx_hal_msp.o
                0x00000000080048b0                HAL_TIM_MspPostInit
 .text.HAL_UART_MspInit
                0x0000000008004918       0x94 Core/Src/stm32f1xx_hal_msp.o
                0x0000000008004918                HAL_UART_MspInit
 .text.HAL_InitTick
                0x00000000080049ac       0xb0 Core/Src/stm32f1xx_hal_timebase_tim.o
                0x00000000080049ac                HAL_InitTick
 .text.NMI_Handler
                0x0000000008004a5c        0x6 Core/Src/stm32f1xx_it.o
                0x0000000008004a5c                NMI_Handler
 .text.HardFault_Handler
                0x0000000008004a62        0x6 Core/Src/stm32f1xx_it.o
                0x0000000008004a62                HardFault_Handler
 .text.MemManage_Handler
                0x0000000008004a68        0x6 Core/Src/stm32f1xx_it.o
                0x0000000008004a68                MemManage_Handler
 .text.BusFault_Handler
                0x0000000008004a6e        0x6 Core/Src/stm32f1xx_it.o
                0x0000000008004a6e                BusFault_Handler
 .text.UsageFault_Handler
                0x0000000008004a74        0x6 Core/Src/stm32f1xx_it.o
                0x0000000008004a74                UsageFault_Handler
 .text.DebugMon_Handler
                0x0000000008004a7a        0xc Core/Src/stm32f1xx_it.o
                0x0000000008004a7a                DebugMon_Handler
 *fill*         0x0000000008004a86        0x2 
 .text.TIM2_IRQHandler
                0x0000000008004a88       0x14 Core/Src/stm32f1xx_it.o
                0x0000000008004a88                TIM2_IRQHandler
 .text._getpid  0x0000000008004a9c        0xe Core/Src/syscalls.o
                0x0000000008004a9c                _getpid
 .text._kill    0x0000000008004aaa       0x20 Core/Src/syscalls.o
                0x0000000008004aaa                _kill
 .text._exit    0x0000000008004aca       0x14 Core/Src/syscalls.o
                0x0000000008004aca                _exit
 .text._read    0x0000000008004ade       0x3a Core/Src/syscalls.o
                0x0000000008004ade                _read
 .text._write   0x0000000008004b18       0x38 Core/Src/syscalls.o
                0x0000000008004b18                _write
 .text._close   0x0000000008004b50       0x16 Core/Src/syscalls.o
                0x0000000008004b50                _close
 .text._fstat   0x0000000008004b66       0x1e Core/Src/syscalls.o
                0x0000000008004b66                _fstat
 .text._isatty  0x0000000008004b84       0x14 Core/Src/syscalls.o
                0x0000000008004b84                _isatty
 .text._lseek   0x0000000008004b98       0x18 Core/Src/syscalls.o
                0x0000000008004b98                _lseek
 .text._sbrk    0x0000000008004bb0       0x6c Core/Src/sysmem.o
                0x0000000008004bb0                _sbrk
 .text.SystemInit
                0x0000000008004c1c        0xc Core/Src/system_stm32f1xx.o
                0x0000000008004c1c                SystemInit
 .text.xTaskCreate
                0x0000000008004c28       0x8a Core/Src/tasks.o
                0x0000000008004c28                xTaskCreate
 .text.prvInitialiseNewTask
                0x0000000008004cb2      0x11c Core/Src/tasks.o
 *fill*         0x0000000008004dce        0x2 
 .text.prvAddNewTaskToReadyList
                0x0000000008004dd0      0x130 Core/Src/tasks.o
 .text.vTaskDelay
                0x0000000008004f00       0x68 Core/Src/tasks.o
                0x0000000008004f00                vTaskDelay
 .text.vTaskStartScheduler
                0x0000000008004f68       0xa4 Core/Src/tasks.o
                0x0000000008004f68                vTaskStartScheduler
 .text.vTaskSuspendAll
                0x000000000800500c       0x1c Core/Src/tasks.o
                0x000000000800500c                vTaskSuspendAll
 .text.prvGetExpectedIdleTime
                0x0000000008005028       0x6c Core/Src/tasks.o
 .text.xTaskResumeAll
                0x0000000008005094      0x1f8 Core/Src/tasks.o
                0x0000000008005094                xTaskResumeAll
 .text.xTaskGetTickCount
                0x000000000800528c       0x1c Core/Src/tasks.o
                0x000000000800528c                xTaskGetTickCount
 .text.uxTaskGetNumberOfTasks
                0x00000000080052a8       0x14 Core/Src/tasks.o
                0x00000000080052a8                uxTaskGetNumberOfTasks
 .text.vTaskStepTick
                0x00000000080052bc       0xb4 Core/Src/tasks.o
                0x00000000080052bc                vTaskStepTick
 .text.xTaskIncrementTick
                0x0000000008005370      0x230 Core/Src/tasks.o
                0x0000000008005370                xTaskIncrementTick
 .text.vTaskSwitchContext
                0x00000000080055a0       0xb8 Core/Src/tasks.o
                0x00000000080055a0                vTaskSwitchContext
 .text.vTaskPlaceOnEventList
                0x0000000008005658       0x48 Core/Src/tasks.o
                0x0000000008005658                vTaskPlaceOnEventList
 .text.vTaskPlaceOnEventListRestricted
                0x00000000080056a0       0x8c Core/Src/tasks.o
                0x00000000080056a0                vTaskPlaceOnEventListRestricted
 .text.xTaskRemoveFromEventList
                0x000000000800572c      0x1b0 Core/Src/tasks.o
                0x000000000800572c                xTaskRemoveFromEventList
 .text.vTaskInternalSetTimeOutState
                0x00000000080058dc       0x2c Core/Src/tasks.o
                0x00000000080058dc                vTaskInternalSetTimeOutState
 .text.xTaskCheckForTimeOut
                0x0000000008005908       0xcc Core/Src/tasks.o
                0x0000000008005908                xTaskCheckForTimeOut
 .text.vTaskMissedYield
                0x00000000080059d4       0x18 Core/Src/tasks.o
                0x00000000080059d4                vTaskMissedYield
 .text.prvIdleTask
                0x00000000080059ec       0x80 Core/Src/tasks.o
 .text.eTaskConfirmSleepModeStatus
                0x0000000008005a6c       0x6c Core/Src/tasks.o
                0x0000000008005a6c                eTaskConfirmSleepModeStatus
 .text.prvInitialiseTaskLists
                0x0000000008005ad8       0x80 Core/Src/tasks.o
 .text.prvCheckTasksWaitingTermination
                0x0000000008005b58       0x5c Core/Src/tasks.o
 .text.prvDeleteTCB
                0x0000000008005bb4       0x20 Core/Src/tasks.o
 .text.prvResetNextTaskUnblockTime
                0x0000000008005bd4       0x34 Core/Src/tasks.o
 .text.xTaskGetSchedulerState
                0x0000000008005c08       0x3c Core/Src/tasks.o
                0x0000000008005c08                xTaskGetSchedulerState
 .text.xTaskPriorityInherit
                0x0000000008005c44      0x120 Core/Src/tasks.o
                0x0000000008005c44                xTaskPriorityInherit
 .text.xTaskPriorityDisinherit
                0x0000000008005d64      0x12c Core/Src/tasks.o
                0x0000000008005d64                xTaskPriorityDisinherit
 .text.vTaskPriorityDisinheritAfterTimeout
                0x0000000008005e90      0x154 Core/Src/tasks.o
                0x0000000008005e90                vTaskPriorityDisinheritAfterTimeout
 .text.pvTaskIncrementMutexHeldCount
                0x0000000008005fe4       0x28 Core/Src/tasks.o
                0x0000000008005fe4                pvTaskIncrementMutexHeldCount
 .text.prvAddCurrentTaskToDelayedList
                0x000000000800600c       0xdc Core/Src/tasks.o
 .text.xTimerCreateTimerTask
                0x00000000080060e8       0x64 Core/Src/timers.o
                0x00000000080060e8                xTimerCreateTimerTask
 .text.prvReloadTimer
                0x000000000800614c       0x42 Core/Src/timers.o
 *fill*         0x000000000800618e        0x2 
 .text.prvProcessExpiredTimer
                0x0000000008006190       0x60 Core/Src/timers.o
 .text.prvTimerTask
                0x00000000080061f0       0x24 Core/Src/timers.o
 .text.prvProcessTimerOrBlockTask
                0x0000000008006214       0x9c Core/Src/timers.o
 .text.prvGetNextExpireTime
                0x00000000080062b0       0x44 Core/Src/timers.o
 .text.prvSampleTimeNow
                0x00000000080062f4       0x40 Core/Src/timers.o
 .text.prvInsertTimerInActiveList
                0x0000000008006334       0x84 Core/Src/timers.o
 .text.prvProcessReceivedCommands
                0x00000000080063b8      0x17c Core/Src/timers.o
 .text.prvSwitchTimerLists
                0x0000000008006534       0x4c Core/Src/timers.o
 .text.prvCheckForValidListAndQueue
                0x0000000008006580       0x6c Core/Src/timers.o
 .text.Reset_Handler
                0x00000000080065ec       0x48 Core/Startup/startup_stm32f103c8tx.o
                0x00000000080065ec                Reset_Handler
 .text.Default_Handler
                0x0000000008006634        0x2 Core/Startup/startup_stm32f103c8tx.o
                0x0000000008006634                RTC_Alarm_IRQHandler
                0x0000000008006634                EXTI2_IRQHandler
                0x0000000008006634                TIM1_CC_IRQHandler
                0x0000000008006634                PVD_IRQHandler
                0x0000000008006634                EXTI0_IRQHandler
                0x0000000008006634                I2C2_EV_IRQHandler
                0x0000000008006634                ADC1_2_IRQHandler
                0x0000000008006634                SPI1_IRQHandler
                0x0000000008006634                TAMPER_IRQHandler
                0x0000000008006634                DMA1_Channel4_IRQHandler
                0x0000000008006634                USART3_IRQHandler
                0x0000000008006634                RTC_IRQHandler
                0x0000000008006634                DMA1_Channel7_IRQHandler
                0x0000000008006634                CAN1_RX1_IRQHandler
                0x0000000008006634                TIM4_IRQHandler
                0x0000000008006634                I2C1_EV_IRQHandler
                0x0000000008006634                DMA1_Channel6_IRQHandler
                0x0000000008006634                TIM3_IRQHandler
                0x0000000008006634                RCC_IRQHandler
                0x0000000008006634                TIM1_TRG_COM_IRQHandler
                0x0000000008006634                DMA1_Channel1_IRQHandler
                0x0000000008006634                Default_Handler
                0x0000000008006634                SPI2_IRQHandler
                0x0000000008006634                DMA1_Channel5_IRQHandler
                0x0000000008006634                USB_LP_CAN1_RX0_IRQHandler
                0x0000000008006634                USB_HP_CAN1_TX_IRQHandler
                0x0000000008006634                DMA1_Channel3_IRQHandler
                0x0000000008006634                TIM1_UP_IRQHandler
                0x0000000008006634                WWDG_IRQHandler
                0x0000000008006634                TIM1_BRK_IRQHandler
                0x0000000008006634                EXTI1_IRQHandler
                0x0000000008006634                USART2_IRQHandler
                0x0000000008006634                I2C2_ER_IRQHandler
                0x0000000008006634                DMA1_Channel2_IRQHandler
                0x0000000008006634                CAN1_SCE_IRQHandler
                0x0000000008006634                FLASH_IRQHandler
                0x0000000008006634                USART1_IRQHandler
                0x0000000008006634                I2C1_ER_IRQHandler
                0x0000000008006634                USBWakeUp_IRQHandler
 *fill*         0x0000000008006636        0x2 
 .text.HAL_Init
                0x0000000008006638       0x2c Drivers/STM32F1xx_HAL_Driver/Src/stm32f1xx_hal.o
                0x0000000008006638                HAL_Init
 .text.HAL_IncTick
                0x0000000008006664       0x24 Drivers/STM32F1xx_HAL_Driver/Src/stm32f1xx_hal.o
                0x0000000008006664                HAL_IncTick
 .text.HAL_GetTick
                0x0000000008006688       0x14 Drivers/STM32F1xx_HAL_Driver/Src/stm32f1xx_hal.o
                0x0000000008006688                HAL_GetTick
 .text.__NVIC_SetPriorityGrouping
                0x000000000800669c       0x48 Drivers/STM32F1xx_HAL_Driver/Src/stm32f1xx_hal_cortex.o
 .text.__NVIC_GetPriorityGrouping
                0x00000000080066e4       0x1c Drivers/STM32F1xx_HAL_Driver/Src/stm32f1xx_hal_cortex.o
 .text.__NVIC_EnableIRQ
                0x0000000008006700       0x38 Drivers/STM32F1xx_HAL_Driver/Src/stm32f1xx_hal_cortex.o
 .text.__NVIC_SetPriority
                0x0000000008006738       0x54 Drivers/STM32F1xx_HAL_Driver/Src/stm32f1xx_hal_cortex.o
 .text.NVIC_EncodePriority
                0x000000000800678c       0x64 Drivers/STM32F1xx_HAL_Driver/Src/stm32f1xx_hal_cortex.o
 .text.HAL_NVIC_SetPriorityGrouping
                0x00000000080067f0       0x16 Drivers/STM32F1xx_HAL_Driver/Src/stm32f1xx_hal_cortex.o
                0x00000000080067f0                HAL_NVIC_SetPriorityGrouping
 .text.HAL_NVIC_SetPriority
                0x0000000008006806       0x38 Drivers/STM32F1xx_HAL_Driver/Src/stm32f1xx_hal_cortex.o
                0x0000000008006806                HAL_NVIC_SetPriority
 .text.HAL_NVIC_EnableIRQ
                0x000000000800683e       0x1c Drivers/STM32F1xx_HAL_Driver/Src/stm32f1xx_hal_cortex.o
                0x000000000800683e                HAL_NVIC_EnableIRQ
 *fill*         0x000000000800685a        0x2 
 .text.HAL_FLASH_Program
                0x000000000800685c       0xe0 Drivers/STM32F1xx_HAL_Driver/Src/stm32f1xx_hal_flash.o
                0x000000000800685c                HAL_FLASH_Program
 .text.HAL_FLASH_Unlock
                0x000000000800693c       0x4c Drivers/STM32F1xx_HAL_Driver/Src/stm32f1xx_hal_flash.o
                0x000000000800693c                HAL_FLASH_Unlock
 .text.HAL_FLASH_Lock
                0x0000000008006988       0x20 Drivers/STM32F1xx_HAL_Driver/Src/stm32f1xx_hal_flash.o
                0x0000000008006988                HAL_FLASH_Lock
 .text.FLASH_Program_HalfWord
                0x00000000080069a8       0x38 Drivers/STM32F1xx_HAL_Driver/Src/stm32f1xx_hal_flash.o
 .text.FLASH_WaitForLastOperation
                0x00000000080069e0       0x8c Drivers/STM32F1xx_HAL_Driver/Src/stm32f1xx_hal_flash.o
                0x00000000080069e0                FLASH_WaitForLastOperation
 .text.FLASH_SetErrorCode
                0x0000000008006a6c       0xa0 Drivers/STM32F1xx_HAL_Driver/Src/stm32f1xx_hal_flash.o
 .text.HAL_FLASHEx_Erase
                0x0000000008006b0c       0xd8 Drivers/STM32F1xx_HAL_Driver/Src/stm32f1xx_hal_flash_ex.o
                0x0000000008006b0c                HAL_FLASHEx_Erase
 .text.FLASH_MassErase
                0x0000000008006be4       0x38 Drivers/STM32F1xx_HAL_Driver/Src/stm32f1xx_hal_flash_ex.o
 .text.FLASH_PageErase
                0x0000000008006c1c       0x40 Drivers/STM32F1xx_HAL_Driver/Src/stm32f1xx_hal_flash_ex.o
                0x0000000008006c1c                FLASH_PageErase
 .text.HAL_GPIO_Init
                0x0000000008006c5c      0x308 Drivers/STM32F1xx_HAL_Driver/Src/stm32f1xx_hal_gpio.o
                0x0000000008006c5c                HAL_GPIO_Init
 .text.HAL_GPIO_ReadPin
                0x0000000008006f64       0x2e Drivers/STM32F1xx_HAL_Driver/Src/stm32f1xx_hal_gpio.o
                0x0000000008006f64                HAL_GPIO_ReadPin
 .text.HAL_GPIO_WritePin
                0x0000000008006f92       0x30 Drivers/STM32F1xx_HAL_Driver/Src/stm32f1xx_hal_gpio.o
                0x0000000008006f92                HAL_GPIO_WritePin
 *fill*         0x0000000008006fc2        0x2 
 .text.HAL_GPIO_EXTI_IRQHandler
                0x0000000008006fc4       0x30 Drivers/STM32F1xx_HAL_Driver/Src/stm32f1xx_hal_gpio.o
                0x0000000008006fc4                HAL_GPIO_EXTI_IRQHandler
 .text.HAL_GPIO_EXTI_Callback
                0x0000000008006ff4       0x14 Drivers/STM32F1xx_HAL_Driver/Src/stm32f1xx_hal_gpio.o
                0x0000000008006ff4                HAL_GPIO_EXTI_Callback
 .text.HAL_I2C_Init
                0x0000000008007008      0x288 Drivers/STM32F1xx_HAL_Driver/Src/stm32f1xx_hal_i2c.o
                0x0000000008007008                HAL_I2C_Init
 .text.HAL_I2C_Master_Transmit
                0x0000000008007290      0x1fc Drivers/STM32F1xx_HAL_Driver/Src/stm32f1xx_hal_i2c.o
                0x0000000008007290                HAL_I2C_Master_Transmit
 .text.HAL_I2C_Master_Receive
                0x000000000800748c      0x4d8 Drivers/STM32F1xx_HAL_Driver/Src/stm32f1xx_hal_i2c.o
                0x000000000800748c                HAL_I2C_Master_Receive
 .text.I2C_MasterRequestWrite
                0x0000000008007964      0x104 Drivers/STM32F1xx_HAL_Driver/Src/stm32f1xx_hal_i2c.o
 .text.I2C_MasterRequestRead
                0x0000000008007a68      0x19c Drivers/STM32F1xx_HAL_Driver/Src/stm32f1xx_hal_i2c.o
 .text.I2C_WaitOnFlagUntilTimeout
                0x0000000008007c04       0xf4 Drivers/STM32F1xx_HAL_Driver/Src/stm32f1xx_hal_i2c.o
 .text.I2C_WaitOnMasterAddressFlagUntilTimeout
                0x0000000008007cf8      0x140 Drivers/STM32F1xx_HAL_Driver/Src/stm32f1xx_hal_i2c.o
 .text.I2C_WaitOnTXEFlagUntilTimeout
                0x0000000008007e38       0x90 Drivers/STM32F1xx_HAL_Driver/Src/stm32f1xx_hal_i2c.o
 .text.I2C_WaitOnBTFFlagUntilTimeout
                0x0000000008007ec8       0x90 Drivers/STM32F1xx_HAL_Driver/Src/stm32f1xx_hal_i2c.o
 .text.I2C_WaitOnRXNEFlagUntilTimeout
                0x0000000008007f58       0xba Drivers/STM32F1xx_HAL_Driver/Src/stm32f1xx_hal_i2c.o
 .text.I2C_IsAcknowledgeFailed
                0x0000000008008012       0x5c Drivers/STM32F1xx_HAL_Driver/Src/stm32f1xx_hal_i2c.o
 *fill*         0x000000000800806e        0x2 
 .text.HAL_RCC_OscConfig
                0x0000000008008070      0x500 Drivers/STM32F1xx_HAL_Driver/Src/stm32f1xx_hal_rcc.o
                0x0000000008008070                HAL_RCC_OscConfig
 .text.HAL_RCC_ClockConfig
                0x0000000008008570      0x1d4 Drivers/STM32F1xx_HAL_Driver/Src/stm32f1xx_hal_rcc.o
                0x0000000008008570                HAL_RCC_ClockConfig
 .text.HAL_RCC_GetSysClockFreq
                0x0000000008008744       0xa8 Drivers/STM32F1xx_HAL_Driver/Src/stm32f1xx_hal_rcc.o
                0x0000000008008744                HAL_RCC_GetSysClockFreq
 .text.HAL_RCC_GetHCLKFreq
                0x00000000080087ec       0x14 Drivers/STM32F1xx_HAL_Driver/Src/stm32f1xx_hal_rcc.o
                0x00000000080087ec                HAL_RCC_GetHCLKFreq
 .text.HAL_RCC_GetPCLK1Freq
                0x0000000008008800       0x28 Drivers/STM32F1xx_HAL_Driver/Src/stm32f1xx_hal_rcc.o
                0x0000000008008800                HAL_RCC_GetPCLK1Freq
 .text.HAL_RCC_GetPCLK2Freq
                0x0000000008008828       0x28 Drivers/STM32F1xx_HAL_Driver/Src/stm32f1xx_hal_rcc.o
                0x0000000008008828                HAL_RCC_GetPCLK2Freq
 .text.HAL_RCC_GetClockConfig
                0x0000000008008850       0x60 Drivers/STM32F1xx_HAL_Driver/Src/stm32f1xx_hal_rcc.o
                0x0000000008008850                HAL_RCC_GetClockConfig
 .text.RCC_Delay
                0x00000000080088b0       0x3c Drivers/STM32F1xx_HAL_Driver/Src/stm32f1xx_hal_rcc.o
 .text.HAL_TIM_Base_Init
                0x00000000080088ec       0x9e Drivers/STM32F1xx_HAL_Driver/Src/stm32f1xx_hal_tim.o
                0x00000000080088ec                HAL_TIM_Base_Init
 .text.HAL_TIM_Base_MspInit
                0x000000000800898a       0x12 Drivers/STM32F1xx_HAL_Driver/Src/stm32f1xx_hal_tim.o
                0x000000000800898a                HAL_TIM_Base_MspInit
 .text.HAL_TIM_Base_Start_IT
                0x000000000800899c       0xa4 Drivers/STM32F1xx_HAL_Driver/Src/stm32f1xx_hal_tim.o
                0x000000000800899c                HAL_TIM_Base_Start_IT
 .text.HAL_TIM_PWM_Init
                0x0000000008008a40       0x9e Drivers/STM32F1xx_HAL_Driver/Src/stm32f1xx_hal_tim.o
                0x0000000008008a40                HAL_TIM_PWM_Init
 *fill*         0x0000000008008ade        0x2 
 .text.HAL_TIM_PWM_Start
                0x0000000008008ae0      0x144 Drivers/STM32F1xx_HAL_Driver/Src/stm32f1xx_hal_tim.o
                0x0000000008008ae0                HAL_TIM_PWM_Start
 .text.HAL_TIM_IRQHandler
                0x0000000008008c24      0x1e0 Drivers/STM32F1xx_HAL_Driver/Src/stm32f1xx_hal_tim.o
                0x0000000008008c24                HAL_TIM_IRQHandler
 .text.HAL_TIM_PWM_ConfigChannel
                0x0000000008008e04      0x184 Drivers/STM32F1xx_HAL_Driver/Src/stm32f1xx_hal_tim.o
                0x0000000008008e04                HAL_TIM_PWM_ConfigChannel
 .text.HAL_TIM_OC_DelayElapsedCallback
                0x0000000008008f88       0x12 Drivers/STM32F1xx_HAL_Driver/Src/stm32f1xx_hal_tim.o
                0x0000000008008f88                HAL_TIM_OC_DelayElapsedCallback
 .text.HAL_TIM_IC_CaptureCallback
                0x0000000008008f9a       0x12 Drivers/STM32F1xx_HAL_Driver/Src/stm32f1xx_hal_tim.o
                0x0000000008008f9a                HAL_TIM_IC_CaptureCallback
 .text.HAL_TIM_PWM_PulseFinishedCallback
                0x0000000008008fac       0x12 Drivers/STM32F1xx_HAL_Driver/Src/stm32f1xx_hal_tim.o
                0x0000000008008fac                HAL_TIM_PWM_PulseFinishedCallback
 .text.HAL_TIM_TriggerCallback
                0x0000000008008fbe       0x12 Drivers/STM32F1xx_HAL_Driver/Src/stm32f1xx_hal_tim.o
                0x0000000008008fbe                HAL_TIM_TriggerCallback
 .text.TIM_Base_SetConfig
                0x0000000008008fd0       0xdc Drivers/STM32F1xx_HAL_Driver/Src/stm32f1xx_hal_tim.o
                0x0000000008008fd0                TIM_Base_SetConfig
 .text.TIM_OC1_SetConfig
                0x00000000080090ac       0xcc Drivers/STM32F1xx_HAL_Driver/Src/stm32f1xx_hal_tim.o
 .text.TIM_OC2_SetConfig
                0x0000000008009178       0xd4 Drivers/STM32F1xx_HAL_Driver/Src/stm32f1xx_hal_tim.o
                0x0000000008009178                TIM_OC2_SetConfig
 .text.TIM_OC3_SetConfig
                0x000000000800924c       0xd4 Drivers/STM32F1xx_HAL_Driver/Src/stm32f1xx_hal_tim.o
 .text.TIM_OC4_SetConfig
                0x0000000008009320       0x9c Drivers/STM32F1xx_HAL_Driver/Src/stm32f1xx_hal_tim.o
 .text.TIM_CCxChannelCmd
                0x00000000080093bc       0x48 Drivers/STM32F1xx_HAL_Driver/Src/stm32f1xx_hal_tim.o
                0x00000000080093bc                TIM_CCxChannelCmd
 .text.HAL_TIMEx_MasterConfigSynchronization
                0x0000000008009404       0xbc Drivers/STM32F1xx_HAL_Driver/Src/stm32f1xx_hal_tim_ex.o
                0x0000000008009404                HAL_TIMEx_MasterConfigSynchronization
 .text.HAL_TIMEx_ConfigBreakDeadTime
                0x00000000080094c0       0xa2 Drivers/STM32F1xx_HAL_Driver/Src/stm32f1xx_hal_tim_ex.o
                0x00000000080094c0                HAL_TIMEx_ConfigBreakDeadTime
 .text.HAL_TIMEx_CommutCallback
                0x0000000008009562       0x12 Drivers/STM32F1xx_HAL_Driver/Src/stm32f1xx_hal_tim_ex.o
                0x0000000008009562                HAL_TIMEx_CommutCallback
 .text.HAL_TIMEx_BreakCallback
                0x0000000008009574       0x12 Drivers/STM32F1xx_HAL_Driver/Src/stm32f1xx_hal_tim_ex.o
                0x0000000008009574                HAL_TIMEx_BreakCallback
 .text.HAL_UART_Init
                0x0000000008009586       0xa0 Drivers/STM32F1xx_HAL_Driver/Src/stm32f1xx_hal_uart.o
                0x0000000008009586                HAL_UART_Init
 *fill*         0x0000000008009626        0x2 
 .text.UART_SetConfig
                0x0000000008009628      0x11c Drivers/STM32F1xx_HAL_Driver/Src/stm32f1xx_hal_uart.o
 .text.__errno  0x0000000008009744        0xc c:/st/stm32cubeide_1.6.1/stm32cubeide/plugins/com.st.stm32cube.ide.mcu.externaltools.gnu-tools-for-stm32.9-2020-q2-update.win32_1.5.0.202011040924/tools/bin/../lib/gcc/arm-none-eabi/9.3.1/../../../../arm-none-eabi/lib/thumb/v7-m/nofp\libc_nano.a(lib_a-errno.o)
                0x0000000008009744                __errno
 .text.__libc_init_array
                0x0000000008009750       0x48 c:/st/stm32cubeide_1.6.1/stm32cubeide/plugins/com.st.stm32cube.ide.mcu.externaltools.gnu-tools-for-stm32.9-2020-q2-update.win32_1.5.0.202011040924/tools/bin/../lib/gcc/arm-none-eabi/9.3.1/../../../../arm-none-eabi/lib/thumb/v7-m/nofp\libc_nano.a(lib_a-init.o)
                0x0000000008009750                __libc_init_array
 .text.malloc   0x0000000008009798       0x10 c:/st/stm32cubeide_1.6.1/stm32cubeide/plugins/com.st.stm32cube.ide.mcu.externaltools.gnu-tools-for-stm32.9-2020-q2-update.win32_1.5.0.202011040924/tools/bin/../lib/gcc/arm-none-eabi/9.3.1/../../../../arm-none-eabi/lib/thumb/v7-m/nofp\libc_nano.a(lib_a-malloc.o)
                0x0000000008009798                malloc
 .text.free     0x00000000080097a8       0x10 c:/st/stm32cubeide_1.6.1/stm32cubeide/plugins/com.st.stm32cube.ide.mcu.externaltools.gnu-tools-for-stm32.9-2020-q2-update.win32_1.5.0.202011040924/tools/bin/../lib/gcc/arm-none-eabi/9.3.1/../../../../arm-none-eabi/lib/thumb/v7-m/nofp\libc_nano.a(lib_a-malloc.o)
                0x00000000080097a8                free
 .text.memcpy   0x00000000080097b8       0x1c c:/st/stm32cubeide_1.6.1/stm32cubeide/plugins/com.st.stm32cube.ide.mcu.externaltools.gnu-tools-for-stm32.9-2020-q2-update.win32_1.5.0.202011040924/tools/bin/../lib/gcc/arm-none-eabi/9.3.1/../../../../arm-none-eabi/lib/thumb/v7-m/nofp\libc_nano.a(lib_a-memcpy-stub.o)
                0x00000000080097b8                memcpy
 .text.memset   0x00000000080097d4       0x10 c:/st/stm32cubeide_1.6.1/stm32cubeide/plugins/com.st.stm32cube.ide.mcu.externaltools.gnu-tools-for-stm32.9-2020-q2-update.win32_1.5.0.202011040924/tools/bin/../lib/gcc/arm-none-eabi/9.3.1/../../../../arm-none-eabi/lib/thumb/v7-m/nofp\libc_nano.a(lib_a-memset.o)
                0x00000000080097d4                memset
 .text._free_r  0x00000000080097e4       0x98 c:/st/stm32cubeide_1.6.1/stm32cubeide/plugins/com.st.stm32cube.ide.mcu.externaltools.gnu-tools-for-stm32.9-2020-q2-update.win32_1.5.0.202011040924/tools/bin/../lib/gcc/arm-none-eabi/9.3.1/../../../../arm-none-eabi/lib/thumb/v7-m/nofp\libc_nano.a(lib_a-nano-freer.o)
                0x00000000080097e4                _free_r
 .text._malloc_r
                0x000000000800987c       0xb4 c:/st/stm32cubeide_1.6.1/stm32cubeide/plugins/com.st.stm32cube.ide.mcu.externaltools.gnu-tools-for-stm32.9-2020-q2-update.win32_1.5.0.202011040924/tools/bin/../lib/gcc/arm-none-eabi/9.3.1/../../../../arm-none-eabi/lib/thumb/v7-m/nofp\libc_nano.a(lib_a-nano-mallocr.o)
                0x000000000800987c                _malloc_r
 .text.__cvt    0x0000000008009930       0xbe c:/st/stm32cubeide_1.6.1/stm32cubeide/plugins/com.st.stm32cube.ide.mcu.externaltools.gnu-tools-for-stm32.9-2020-q2-update.win32_1.5.0.202011040924/tools/bin/../lib/gcc/arm-none-eabi/9.3.1/../../../../arm-none-eabi/lib/thumb/v7-m/nofp\libc_nano.a(lib_a-nano-vfprintf_float.o)
                0x0000000008009930                __cvt
 .text.__exponent
                0x00000000080099ee       0x7c c:/st/stm32cubeide_1.6.1/stm32cubeide/plugins/com.st.stm32cube.ide.mcu.externaltools.gnu-tools-for-stm32.9-2020-q2-update.win32_1.5.0.202011040924/tools/bin/../lib/gcc/arm-none-eabi/9.3.1/../../../../arm-none-eabi/lib/thumb/v7-m/nofp\libc_nano.a(lib_a-nano-vfprintf_float.o)
                0x00000000080099ee                __exponent
 *fill*         0x0000000008009a6a        0x2 
 .text._printf_float
                0x0000000008009a6c      0x458 c:/st/stm32cubeide_1.6.1/stm32cubeide/plugins/com.st.stm32cube.ide.mcu.externaltools.gnu-tools-for-stm32.9-2020-q2-update.win32_1.5.0.202011040924/tools/bin/../lib/gcc/arm-none-eabi/9.3.1/../../../../arm-none-eabi/lib/thumb/v7-m/nofp\libc_nano.a(lib_a-nano-vfprintf_float.o)
                0x0000000008009a6c                _printf_float
 .text._printf_common
                0x0000000008009ec4       0xde c:/st/stm32cubeide_1.6.1/stm32cubeide/plugins/com.st.stm32cube.ide.mcu.externaltools.gnu-tools-for-stm32.9-2020-q2-update.win32_1.5.0.202011040924/tools/bin/../lib/gcc/arm-none-eabi/9.3.1/../../../../arm-none-eabi/lib/thumb/v7-m/nofp\libc_nano.a(lib_a-nano-vfprintf_i.o)
                0x0000000008009ec4                _printf_common
 *fill*         0x0000000008009fa2        0x2 
 .text._printf_i
                0x0000000008009fa4      0x24c c:/st/stm32cubeide_1.6.1/stm32cubeide/plugins/com.st.stm32cube.ide.mcu.externaltools.gnu-tools-for-stm32.9-2020-q2-update.win32_1.5.0.202011040924/tools/bin/../lib/gcc/arm-none-eabi/9.3.1/../../../../arm-none-eabi/lib/thumb/v7-m/nofp\libc_nano.a(lib_a-nano-vfprintf_i.o)
                0x0000000008009fa4                _printf_i
 .text._sbrk_r  0x000000000800a1f0       0x20 c:/st/stm32cubeide_1.6.1/stm32cubeide/plugins/com.st.stm32cube.ide.mcu.externaltools.gnu-tools-for-stm32.9-2020-q2-update.win32_1.5.0.202011040924/tools/bin/../lib/gcc/arm-none-eabi/9.3.1/../../../../arm-none-eabi/lib/thumb/v7-m/nofp\libc_nano.a(lib_a-sbrkr.o)
                0x000000000800a1f0                _sbrk_r
 .text.snprintf
                0x000000000800a210       0x68 c:/st/stm32cubeide_1.6.1/stm32cubeide/plugins/com.st.stm32cube.ide.mcu.externaltools.gnu-tools-for-stm32.9-2020-q2-update.win32_1.5.0.202011040924/tools/bin/../lib/gcc/arm-none-eabi/9.3.1/../../../../arm-none-eabi/lib/thumb/v7-m/nofp\libc_nano.a(lib_a-snprintf.o)
                0x000000000800a210                sniprintf
                0x000000000800a210                snprintf
 .text.quorem   0x000000000800a278      0x11a c:/st/stm32cubeide_1.6.1/stm32cubeide/plugins/com.st.stm32cube.ide.mcu.externaltools.gnu-tools-for-stm32.9-2020-q2-update.win32_1.5.0.202011040924/tools/bin/../lib/gcc/arm-none-eabi/9.3.1/../../../../arm-none-eabi/lib/thumb/v7-m/nofp\libc_nano.a(lib_a-dtoa.o)
 *fill*         0x000000000800a392        0x6 
 .text._dtoa_r  0x000000000800a398      0xbdc c:/st/stm32cubeide_1.6.1/stm32cubeide/plugins/com.st.stm32cube.ide.mcu.externaltools.gnu-tools-for-stm32.9-2020-q2-update.win32_1.5.0.202011040924/tools/bin/../lib/gcc/arm-none-eabi/9.3.1/../../../../arm-none-eabi/lib/thumb/v7-m/nofp\libc_nano.a(lib_a-dtoa.o)
                0x000000000800a398                _dtoa_r
 .text._localeconv_r
                0x000000000800af74        0x8 c:/st/stm32cubeide_1.6.1/stm32cubeide/plugins/com.st.stm32cube.ide.mcu.externaltools.gnu-tools-for-stm32.9-2020-q2-update.win32_1.5.0.202011040924/tools/bin/../lib/gcc/arm-none-eabi/9.3.1/../../../../arm-none-eabi/lib/thumb/v7-m/nofp\libc_nano.a(lib_a-localeconv.o)
                0x000000000800af74                _localeconv_r
 .text.memchr   0x000000000800af7c       0x1c c:/st/stm32cubeide_1.6.1/stm32cubeide/plugins/com.st.stm32cube.ide.mcu.externaltools.gnu-tools-for-stm32.9-2020-q2-update.win32_1.5.0.202011040924/tools/bin/../lib/gcc/arm-none-eabi/9.3.1/../../../../arm-none-eabi/lib/thumb/v7-m/nofp\libc_nano.a(lib_a-memchr-stub.o)
                0x000000000800af7c                memchr
 .text.__malloc_lock
                0x000000000800af98        0xc c:/st/stm32cubeide_1.6.1/stm32cubeide/plugins/com.st.stm32cube.ide.mcu.externaltools.gnu-tools-for-stm32.9-2020-q2-update.win32_1.5.0.202011040924/tools/bin/../lib/gcc/arm-none-eabi/9.3.1/../../../../arm-none-eabi/lib/thumb/v7-m/nofp\libc_nano.a(lib_a-mlock.o)
                0x000000000800af98                __malloc_lock
 .text.__malloc_unlock
                0x000000000800afa4        0xc c:/st/stm32cubeide_1.6.1/stm32cubeide/plugins/com.st.stm32cube.ide.mcu.externaltools.gnu-tools-for-stm32.9-2020-q2-update.win32_1.5.0.202011040924/tools/bin/../lib/gcc/arm-none-eabi/9.3.1/../../../../arm-none-eabi/lib/thumb/v7-m/nofp\libc_nano.a(lib_a-mlock.o)
                0x000000000800afa4                __malloc_unlock
 .text._Balloc  0x000000000800afb0       0x80 c:/st/stm32cubeide_1.6.1/stm32cubeide/plugins/com.st.stm32cube.ide.mcu.externaltools.gnu-tools-for-stm32.9-2020-q2-update.win32_1.5.0.202011040924/tools/bin/../lib/gcc/arm-none-eabi/9.3.1/../../../../arm-none-eabi/lib/thumb/v7-m/nofp\libc_nano.a(lib_a-mprec.o)
                0x000000000800afb0                _Balloc
 .text._Bfree   0x000000000800b030       0x44 c:/st/stm32cubeide_1.6.1/stm32cubeide/plugins/com.st.stm32cube.ide.mcu.externaltools.gnu-tools-for-stm32.9-2020-q2-update.win32_1.5.0.202011040924/tools/bin/../lib/gcc/arm-none-eabi/9.3.1/../../../../arm-none-eabi/lib/thumb/v7-m/nofp\libc_nano.a(lib_a-mprec.o)
                0x000000000800b030                _Bfree
 .text.__multadd
                0x000000000800b074       0x94 c:/st/stm32cubeide_1.6.1/stm32cubeide/plugins/com.st.stm32cube.ide.mcu.externaltools.gnu-tools-for-stm32.9-2020-q2-update.win32_1.5.0.202011040924/tools/bin/../lib/gcc/arm-none-eabi/9.3.1/../../../../arm-none-eabi/lib/thumb/v7-m/nofp\libc_nano.a(lib_a-mprec.o)
                0x000000000800b074                __multadd
 .text.__hi0bits
                0x000000000800b108       0x40 c:/st/stm32cubeide_1.6.1/stm32cubeide/plugins/com.st.stm32cube.ide.mcu.externaltools.gnu-tools-for-stm32.9-2020-q2-update.win32_1.5.0.202011040924/tools/bin/../lib/gcc/arm-none-eabi/9.3.1/../../../../arm-none-eabi/lib/thumb/v7-m/nofp\libc_nano.a(lib_a-mprec.o)
                0x000000000800b108                __hi0bits
 .text.__lo0bits
                0x000000000800b148       0x5c c:/st/stm32cubeide_1.6.1/stm32cubeide/plugins/com.st.stm32cube.ide.mcu.externaltools.gnu-tools-for-stm32.9-2020-q2-update.win32_1.5.0.202011040924/tools/bin/../lib/gcc/arm-none-eabi/9.3.1/../../../../arm-none-eabi/lib/thumb/v7-m/nofp\libc_nano.a(lib_a-mprec.o)
                0x000000000800b148                __lo0bits
 .text.__i2b    0x000000000800b1a4       0x2c c:/st/stm32cubeide_1.6.1/stm32cubeide/plugins/com.st.stm32cube.ide.mcu.externaltools.gnu-tools-for-stm32.9-2020-q2-update.win32_1.5.0.202011040924/tools/bin/../lib/gcc/arm-none-eabi/9.3.1/../../../../arm-none-eabi/lib/thumb/v7-m/nofp\libc_nano.a(lib_a-mprec.o)
                0x000000000800b1a4                __i2b
 .text.__multiply
                0x000000000800b1d0      0x148 c:/st/stm32cubeide_1.6.1/stm32cubeide/plugins/com.st.stm32cube.ide.mcu.externaltools.gnu-tools-for-stm32.9-2020-q2-update.win32_1.5.0.202011040924/tools/bin/../lib/gcc/arm-none-eabi/9.3.1/../../../../arm-none-eabi/lib/thumb/v7-m/nofp\libc_nano.a(lib_a-mprec.o)
                0x000000000800b1d0                __multiply
 .text.__pow5mult
                0x000000000800b318       0xb4 c:/st/stm32cubeide_1.6.1/stm32cubeide/plugins/com.st.stm32cube.ide.mcu.externaltools.gnu-tools-for-stm32.9-2020-q2-update.win32_1.5.0.202011040924/tools/bin/../lib/gcc/arm-none-eabi/9.3.1/../../../../arm-none-eabi/lib/thumb/v7-m/nofp\libc_nano.a(lib_a-mprec.o)
                0x000000000800b318                __pow5mult
 .text.__lshift
                0x000000000800b3cc       0xd8 c:/st/stm32cubeide_1.6.1/stm32cubeide/plugins/com.st.stm32cube.ide.mcu.externaltools.gnu-tools-for-stm32.9-2020-q2-update.win32_1.5.0.202011040924/tools/bin/../lib/gcc/arm-none-eabi/9.3.1/../../../../arm-none-eabi/lib/thumb/v7-m/nofp\libc_nano.a(lib_a-mprec.o)
                0x000000000800b3cc                __lshift
 .text.__mcmp   0x000000000800b4a4       0x36 c:/st/stm32cubeide_1.6.1/stm32cubeide/plugins/com.st.stm32cube.ide.mcu.externaltools.gnu-tools-for-stm32.9-2020-q2-update.win32_1.5.0.202011040924/tools/bin/../lib/gcc/arm-none-eabi/9.3.1/../../../../arm-none-eabi/lib/thumb/v7-m/nofp\libc_nano.a(lib_a-mprec.o)
                0x000000000800b4a4                __mcmp
 *fill*         0x000000000800b4da        0x2 
 .text.__mdiff  0x000000000800b4dc      0x120 c:/st/stm32cubeide_1.6.1/stm32cubeide/plugins/com.st.stm32cube.ide.mcu.externaltools.gnu-tools-for-stm32.9-2020-q2-update.win32_1.5.0.202011040924/tools/bin/../lib/gcc/arm-none-eabi/9.3.1/../../../../arm-none-eabi/lib/thumb/v7-m/nofp\libc_nano.a(lib_a-mprec.o)
                0x000000000800b4dc                __mdiff
 .text.__d2b    0x000000000800b5fc       0xb8 c:/st/stm32cubeide_1.6.1/stm32cubeide/plugins/com.st.stm32cube.ide.mcu.externaltools.gnu-tools-for-stm32.9-2020-q2-update.win32_1.5.0.202011040924/tools/bin/../lib/gcc/arm-none-eabi/9.3.1/../../../../arm-none-eabi/lib/thumb/v7-m/nofp\libc_nano.a(lib_a-mprec.o)
                0x000000000800b5fc                __d2b
 .text._calloc_r
                0x000000000800b6b4       0x1c c:/st/stm32cubeide_1.6.1/stm32cubeide/plugins/com.st.stm32cube.ide.mcu.externaltools.gnu-tools-for-stm32.9-2020-q2-update.win32_1.5.0.202011040924/tools/bin/../lib/gcc/arm-none-eabi/9.3.1/../../../../arm-none-eabi/lib/thumb/v7-m/nofp\libc_nano.a(lib_a-nano-callocr.o)
                0x000000000800b6b4                _calloc_r
 .text.__ssputs_r
                0x000000000800b6d0       0xb6 c:/st/stm32cubeide_1.6.1/stm32cubeide/plugins/com.st.stm32cube.ide.mcu.externaltools.gnu-tools-for-stm32.9-2020-q2-update.win32_1.5.0.202011040924/tools/bin/../lib/gcc/arm-none-eabi/9.3.1/../../../../arm-none-eabi/lib/thumb/v7-m/nofp\libc_nano.a(lib_a-nano-svfprintf.o)
                0x000000000800b6d0                __ssputs_r
 *fill*         0x000000000800b786        0x2 
 .text._svfprintf_r
                0x000000000800b788      0x200 c:/st/stm32cubeide_1.6.1/stm32cubeide/plugins/com.st.stm32cube.ide.mcu.externaltools.gnu-tools-for-stm32.9-2020-q2-update.win32_1.5.0.202011040924/tools/bin/../lib/gcc/arm-none-eabi/9.3.1/../../../../arm-none-eabi/lib/thumb/v7-m/nofp\libc_nano.a(lib_a-nano-svfprintf.o)
                0x000000000800b788                _svfiprintf_r
                0x000000000800b788                _svfprintf_r
 .text.__assert_func
                0x000000000800b988       0x3c c:/st/stm32cubeide_1.6.1/stm32cubeide/plugins/com.st.stm32cube.ide.mcu.externaltools.gnu-tools-for-stm32.9-2020-q2-update.win32_1.5.0.202011040924/tools/bin/../lib/gcc/arm-none-eabi/9.3.1/../../../../arm-none-eabi/lib/thumb/v7-m/nofp\libc_nano.a(lib_a-assert.o)
                0x000000000800b988                __assert_func
 .text.fprintf  0x000000000800b9c4       0x24 c:/st/stm32cubeide_1.6.1/stm32cubeide/plugins/com.st.stm32cube.ide.mcu.externaltools.gnu-tools-for-stm32.9-2020-q2-update.win32_1.5.0.202011040924/tools/bin/../lib/gcc/arm-none-eabi/9.3.1/../../../../arm-none-eabi/lib/thumb/v7-m/nofp\libc_nano.a(lib_a-fprintf.o)
                0x000000000800b9c4                fiprintf
                0x000000000800b9c4                fprintf
 .text.__retarget_lock_init_recursive
                0x000000000800b9e8        0x2 c:/st/stm32cubeide_1.6.1/stm32cubeide/plugins/com.st.stm32cube.ide.mcu.externaltools.gnu-tools-for-stm32.9-2020-q2-update.win32_1.5.0.202011040924/tools/bin/../lib/gcc/arm-none-eabi/9.3.1/../../../../arm-none-eabi/lib/thumb/v7-m/nofp\libc_nano.a(lib_a-lock.o)
                0x000000000800b9e8                __retarget_lock_init_recursive
 .text.__retarget_lock_acquire_recursive
                0x000000000800b9ea        0x2 c:/st/stm32cubeide_1.6.1/stm32cubeide/plugins/com.st.stm32cube.ide.mcu.externaltools.gnu-tools-for-stm32.9-2020-q2-update.win32_1.5.0.202011040924/tools/bin/../lib/gcc/arm-none-eabi/9.3.1/../../../../arm-none-eabi/lib/thumb/v7-m/nofp\libc_nano.a(lib_a-lock.o)
                0x000000000800b9ea                __retarget_lock_acquire_recursive
 .text.__retarget_lock_release_recursive
                0x000000000800b9ec        0x2 c:/st/stm32cubeide_1.6.1/stm32cubeide/plugins/com.st.stm32cube.ide.mcu.externaltools.gnu-tools-for-stm32.9-2020-q2-update.win32_1.5.0.202011040924/tools/bin/../lib/gcc/arm-none-eabi/9.3.1/../../../../arm-none-eabi/lib/thumb/v7-m/nofp\libc_nano.a(lib_a-lock.o)
                0x000000000800b9ec                __retarget_lock_release_recursive
 .text.__ascii_mbtowc
                0x000000000800b9ee       0x24 c:/st/stm32cubeide_1.6.1/stm32cubeide/plugins/com.st.stm32cube.ide.mcu.externaltools.gnu-tools-for-stm32.9-2020-q2-update.win32_1.5.0.202011040924/tools/bin/../lib/gcc/arm-none-eabi/9.3.1/../../../../arm-none-eabi/lib/thumb/v7-m/nofp\libc_nano.a(lib_a-mbtowc_r.o)
                0x000000000800b9ee                __ascii_mbtowc
 .text.memmove  0x000000000800ba12       0x34 c:/st/stm32cubeide_1.6.1/stm32cubeide/plugins/com.st.stm32cube.ide.mcu.externaltools.gnu-tools-for-stm32.9-2020-q2-update.win32_1.5.0.202011040924/tools/bin/../lib/gcc/arm-none-eabi/9.3.1/../../../../arm-none-eabi/lib/thumb/v7-m/nofp\libc_nano.a(lib_a-memmove.o)
                0x000000000800ba12                memmove
 .text._realloc_r
                0x000000000800ba46       0x4c c:/st/stm32cubeide_1.6.1/stm32cubeide/plugins/com.st.stm32cube.ide.mcu.externaltools.gnu-tools-for-stm32.9-2020-q2-update.win32_1.5.0.202011040924/tools/bin/../lib/gcc/arm-none-eabi/9.3.1/../../../../arm-none-eabi/lib/thumb/v7-m/nofp\libc_nano.a(lib_a-nano-reallocr.o)
                0x000000000800ba46                _realloc_r
 .text.__sfputc_r
                0x000000000800ba92       0x2a c:/st/stm32cubeide_1.6.1/stm32cubeide/plugins/com.st.stm32cube.ide.mcu.externaltools.gnu-tools-for-stm32.9-2020-q2-update.win32_1.5.0.202011040924/tools/bin/../lib/gcc/arm-none-eabi/9.3.1/../../../../arm-none-eabi/lib/thumb/v7-m/nofp\libc_nano.a(lib_a-nano-vfprintf.o)
 .text.__sfputs_r
                0x000000000800babc       0x24 c:/st/stm32cubeide_1.6.1/stm32cubeide/plugins/com.st.stm32cube.ide.mcu.externaltools.gnu-tools-for-stm32.9-2020-q2-update.win32_1.5.0.202011040924/tools/bin/../lib/gcc/arm-none-eabi/9.3.1/../../../../arm-none-eabi/lib/thumb/v7-m/nofp\libc_nano.a(lib_a-nano-vfprintf.o)
                0x000000000800babc                __sfputs_r
 .text._vfprintf_r
                0x000000000800bae0      0x260 c:/st/stm32cubeide_1.6.1/stm32cubeide/plugins/com.st.stm32cube.ide.mcu.externaltools.gnu-tools-for-stm32.9-2020-q2-update.win32_1.5.0.202011040924/tools/bin/../lib/gcc/arm-none-eabi/9.3.1/../../../../arm-none-eabi/lib/thumb/v7-m/nofp\libc_nano.a(lib_a-nano-vfprintf.o)
                0x000000000800bae0                _vfprintf_r
                0x000000000800bae0                _vfiprintf_r
 .text.__swbuf_r
                0x000000000800bd40       0xa4 c:/st/stm32cubeide_1.6.1/stm32cubeide/plugins/com.st.stm32cube.ide.mcu.externaltools.gnu-tools-for-stm32.9-2020-q2-update.win32_1.5.0.202011040924/tools/bin/../lib/gcc/arm-none-eabi/9.3.1/../../../../arm-none-eabi/lib/thumb/v7-m/nofp\libc_nano.a(lib_a-wbuf.o)
                0x000000000800bd40                __swbuf_r
 .text.__ascii_wctomb
                0x000000000800bde4       0x1a c:/st/stm32cubeide_1.6.1/stm32cubeide/plugins/com.st.stm32cube.ide.mcu.externaltools.gnu-tools-for-stm32.9-2020-q2-update.win32_1.5.0.202011040924/tools/bin/../lib/gcc/arm-none-eabi/9.3.1/../../../../arm-none-eabi/lib/thumb/v7-m/nofp\libc_nano.a(lib_a-wctomb_r.o)
                0x000000000800bde4                __ascii_wctomb
 *fill*         0x000000000800bdfe        0x2 
 .text.__swsetup_r
                0x000000000800be00       0xdc c:/st/stm32cubeide_1.6.1/stm32cubeide/plugins/com.st.stm32cube.ide.mcu.externaltools.gnu-tools-for-stm32.9-2020-q2-update.win32_1.5.0.202011040924/tools/bin/../lib/gcc/arm-none-eabi/9.3.1/../../../../arm-none-eabi/lib/thumb/v7-m/nofp\libc_nano.a(lib_a-wsetup.o)
                0x000000000800be00                __swsetup_r
 .text.abort    0x000000000800bedc        0xe c:/st/stm32cubeide_1.6.1/stm32cubeide/plugins/com.st.stm32cube.ide.mcu.externaltools.gnu-tools-for-stm32.9-2020-q2-update.win32_1.5.0.202011040924/tools/bin/../lib/gcc/arm-none-eabi/9.3.1/../../../../arm-none-eabi/lib/thumb/v7-m/nofp\libc_nano.a(lib_a-abort.o)
                0x000000000800bedc                abort
 *fill*         0x000000000800beea        0x2 
 .text.__sflush_r
                0x000000000800beec      0x10c c:/st/stm32cubeide_1.6.1/stm32cubeide/plugins/com.st.stm32cube.ide.mcu.externaltools.gnu-tools-for-stm32.9-2020-q2-update.win32_1.5.0.202011040924/tools/bin/../lib/gcc/arm-none-eabi/9.3.1/../../../../arm-none-eabi/lib/thumb/v7-m/nofp\libc_nano.a(lib_a-fflush.o)
                0x000000000800beec                __sflush_r
 .text._fflush_r
                0x000000000800bff8       0x78 c:/st/stm32cubeide_1.6.1/stm32cubeide/plugins/com.st.stm32cube.ide.mcu.externaltools.gnu-tools-for-stm32.9-2020-q2-update.win32_1.5.0.202011040924/tools/bin/../lib/gcc/arm-none-eabi/9.3.1/../../../../arm-none-eabi/lib/thumb/v7-m/nofp\libc_nano.a(lib_a-fflush.o)
                0x000000000800bff8                _fflush_r
 .text.std      0x000000000800c070       0x48 c:/st/stm32cubeide_1.6.1/stm32cubeide/plugins/com.st.stm32cube.ide.mcu.externaltools.gnu-tools-for-stm32.9-2020-q2-update.win32_1.5.0.202011040924/tools/bin/../lib/gcc/arm-none-eabi/9.3.1/../../../../arm-none-eabi/lib/thumb/v7-m/nofp\libc_nano.a(lib_a-findfp.o)
 .text._cleanup_r
                0x000000000800c0b8        0xc c:/st/stm32cubeide_1.6.1/stm32cubeide/plugins/com.st.stm32cube.ide.mcu.externaltools.gnu-tools-for-stm32.9-2020-q2-update.win32_1.5.0.202011040924/tools/bin/../lib/gcc/arm-none-eabi/9.3.1/../../../../arm-none-eabi/lib/thumb/v7-m/nofp\libc_nano.a(lib_a-findfp.o)
                0x000000000800c0b8                _cleanup_r
 .text.__sfmoreglue
                0x000000000800c0c4       0x2c c:/st/stm32cubeide_1.6.1/stm32cubeide/plugins/com.st.stm32cube.ide.mcu.externaltools.gnu-tools-for-stm32.9-2020-q2-update.win32_1.5.0.202011040924/tools/bin/../lib/gcc/arm-none-eabi/9.3.1/../../../../arm-none-eabi/lib/thumb/v7-m/nofp\libc_nano.a(lib_a-findfp.o)
                0x000000000800c0c4                __sfmoreglue
 .text.__sfp_lock_acquire
                0x000000000800c0f0        0xc c:/st/stm32cubeide_1.6.1/stm32cubeide/plugins/com.st.stm32cube.ide.mcu.externaltools.gnu-tools-for-stm32.9-2020-q2-update.win32_1.5.0.202011040924/tools/bin/../lib/gcc/arm-none-eabi/9.3.1/../../../../arm-none-eabi/lib/thumb/v7-m/nofp\libc_nano.a(lib_a-findfp.o)
                0x000000000800c0f0                __sfp_lock_acquire
 .text.__sfp_lock_release
                0x000000000800c0fc        0xc c:/st/stm32cubeide_1.6.1/stm32cubeide/plugins/com.st.stm32cube.ide.mcu.externaltools.gnu-tools-for-stm32.9-2020-q2-update.win32_1.5.0.202011040924/tools/bin/../lib/gcc/arm-none-eabi/9.3.1/../../../../arm-none-eabi/lib/thumb/v7-m/nofp\libc_nano.a(lib_a-findfp.o)
                0x000000000800c0fc                __sfp_lock_release
 .text.__sinit_lock_acquire
                0x000000000800c108        0xc c:/st/stm32cubeide_1.6.1/stm32cubeide/plugins/com.st.stm32cube.ide.mcu.externaltools.gnu-tools-for-stm32.9-2020-q2-update.win32_1.5.0.202011040924/tools/bin/../lib/gcc/arm-none-eabi/9.3.1/../../../../arm-none-eabi/lib/thumb/v7-m/nofp\libc_nano.a(lib_a-findfp.o)
                0x000000000800c108                __sinit_lock_acquire
 .text.__sinit_lock_release
                0x000000000800c114        0xc c:/st/stm32cubeide_1.6.1/stm32cubeide/plugins/com.st.stm32cube.ide.mcu.externaltools.gnu-tools-for-stm32.9-2020-q2-update.win32_1.5.0.202011040924/tools/bin/../lib/gcc/arm-none-eabi/9.3.1/../../../../arm-none-eabi/lib/thumb/v7-m/nofp\libc_nano.a(lib_a-findfp.o)
                0x000000000800c114                __sinit_lock_release
 .text.__sinit  0x000000000800c120       0x70 c:/st/stm32cubeide_1.6.1/stm32cubeide/plugins/com.st.stm32cube.ide.mcu.externaltools.gnu-tools-for-stm32.9-2020-q2-update.win32_1.5.0.202011040924/tools/bin/../lib/gcc/arm-none-eabi/9.3.1/../../../../arm-none-eabi/lib/thumb/v7-m/nofp\libc_nano.a(lib_a-findfp.o)
                0x000000000800c120                __sinit
 .text.__sfp    0x000000000800c190       0x8c c:/st/stm32cubeide_1.6.1/stm32cubeide/plugins/com.st.stm32cube.ide.mcu.externaltools.gnu-tools-for-stm32.9-2020-q2-update.win32_1.5.0.202011040924/tools/bin/../lib/gcc/arm-none-eabi/9.3.1/../../../../arm-none-eabi/lib/thumb/v7-m/nofp\libc_nano.a(lib_a-findfp.o)
                0x000000000800c190                __sfp
 .text._fwalk_reent
                0x000000000800c21c       0x3e c:/st/stm32cubeide_1.6.1/stm32cubeide/plugins/com.st.stm32cube.ide.mcu.externaltools.gnu-tools-for-stm32.9-2020-q2-update.win32_1.5.0.202011040924/tools/bin/../lib/gcc/arm-none-eabi/9.3.1/../../../../arm-none-eabi/lib/thumb/v7-m/nofp\libc_nano.a(lib_a-fwalk.o)
                0x000000000800c21c                _fwalk_reent
 .text.__swhatbuf_r
                0x000000000800c25a       0x48 c:/st/stm32cubeide_1.6.1/stm32cubeide/plugins/com.st.stm32cube.ide.mcu.externaltools.gnu-tools-for-stm32.9-2020-q2-update.win32_1.5.0.202011040924/tools/bin/../lib/gcc/arm-none-eabi/9.3.1/../../../../arm-none-eabi/lib/thumb/v7-m/nofp\libc_nano.a(lib_a-makebuf.o)
                0x000000000800c25a                __swhatbuf_r
 *fill*         0x000000000800c2a2        0x2 
 .text.__smakebuf_r
                0x000000000800c2a4       0x80 c:/st/stm32cubeide_1.6.1/stm32cubeide/plugins/com.st.stm32cube.ide.mcu.externaltools.gnu-tools-for-stm32.9-2020-q2-update.win32_1.5.0.202011040924/tools/bin/../lib/gcc/arm-none-eabi/9.3.1/../../../../arm-none-eabi/lib/thumb/v7-m/nofp\libc_nano.a(lib_a-makebuf.o)
                0x000000000800c2a4                __smakebuf_r
 .text._malloc_usable_size_r
                0x000000000800c324       0x10 c:/st/stm32cubeide_1.6.1/stm32cubeide/plugins/com.st.stm32cube.ide.mcu.externaltools.gnu-tools-for-stm32.9-2020-q2-update.win32_1.5.0.202011040924/tools/bin/../lib/gcc/arm-none-eabi/9.3.1/../../../../arm-none-eabi/lib/thumb/v7-m/nofp\libc_nano.a(lib_a-nano-msizer.o)
                0x000000000800c324                _malloc_usable_size_r
 .text._raise_r
                0x000000000800c334       0x50 c:/st/stm32cubeide_1.6.1/stm32cubeide/plugins/com.st.stm32cube.ide.mcu.externaltools.gnu-tools-for-stm32.9-2020-q2-update.win32_1.5.0.202011040924/tools/bin/../lib/gcc/arm-none-eabi/9.3.1/../../../../arm-none-eabi/lib/thumb/v7-m/nofp\libc_nano.a(lib_a-signal.o)
                0x000000000800c334                _raise_r
 .text.raise    0x000000000800c384       0x10 c:/st/stm32cubeide_1.6.1/stm32cubeide/plugins/com.st.stm32cube.ide.mcu.externaltools.gnu-tools-for-stm32.9-2020-q2-update.win32_1.5.0.202011040924/tools/bin/../lib/gcc/arm-none-eabi/9.3.1/../../../../arm-none-eabi/lib/thumb/v7-m/nofp\libc_nano.a(lib_a-signal.o)
                0x000000000800c384                raise
 .text._kill_r  0x000000000800c394       0x24 c:/st/stm32cubeide_1.6.1/stm32cubeide/plugins/com.st.stm32cube.ide.mcu.externaltools.gnu-tools-for-stm32.9-2020-q2-update.win32_1.5.0.202011040924/tools/bin/../lib/gcc/arm-none-eabi/9.3.1/../../../../arm-none-eabi/lib/thumb/v7-m/nofp\libc_nano.a(lib_a-signalr.o)
                0x000000000800c394                _kill_r
 .text._getpid_r
                0x000000000800c3b8        0x4 c:/st/stm32cubeide_1.6.1/stm32cubeide/plugins/com.st.stm32cube.ide.mcu.externaltools.gnu-tools-for-stm32.9-2020-q2-update.win32_1.5.0.202011040924/tools/bin/../lib/gcc/arm-none-eabi/9.3.1/../../../../arm-none-eabi/lib/thumb/v7-m/nofp\libc_nano.a(lib_a-signalr.o)
                0x000000000800c3b8                _getpid_r
 .text.__sread  0x000000000800c3bc       0x22 c:/st/stm32cubeide_1.6.1/stm32cubeide/plugins/com.st.stm32cube.ide.mcu.externaltools.gnu-tools-for-stm32.9-2020-q2-update.win32_1.5.0.202011040924/tools/bin/../lib/gcc/arm-none-eabi/9.3.1/../../../../arm-none-eabi/lib/thumb/v7-m/nofp\libc_nano.a(lib_a-stdio.o)
                0x000000000800c3bc                __sread
 .text.__swrite
                0x000000000800c3de       0x38 c:/st/stm32cubeide_1.6.1/stm32cubeide/plugins/com.st.stm32cube.ide.mcu.externaltools.gnu-tools-for-stm32.9-2020-q2-update.win32_1.5.0.202011040924/tools/bin/../lib/gcc/arm-none-eabi/9.3.1/../../../../arm-none-eabi/lib/thumb/v7-m/nofp\libc_nano.a(lib_a-stdio.o)
                0x000000000800c3de                __swrite
 .text.__sseek  0x000000000800c416       0x24 c:/st/stm32cubeide_1.6.1/stm32cubeide/plugins/com.st.stm32cube.ide.mcu.externaltools.gnu-tools-for-stm32.9-2020-q2-update.win32_1.5.0.202011040924/tools/bin/../lib/gcc/arm-none-eabi/9.3.1/../../../../arm-none-eabi/lib/thumb/v7-m/nofp\libc_nano.a(lib_a-stdio.o)
                0x000000000800c416                __sseek
 .text.__sclose
                0x000000000800c43a        0x8 c:/st/stm32cubeide_1.6.1/stm32cubeide/plugins/com.st.stm32cube.ide.mcu.externaltools.gnu-tools-for-stm32.9-2020-q2-update.win32_1.5.0.202011040924/tools/bin/../lib/gcc/arm-none-eabi/9.3.1/../../../../arm-none-eabi/lib/thumb/v7-m/nofp\libc_nano.a(lib_a-stdio.o)
                0x000000000800c43a                __sclose
 *fill*         0x000000000800c442        0x2 
 .text._write_r
                0x000000000800c444       0x24 c:/st/stm32cubeide_1.6.1/stm32cubeide/plugins/com.st.stm32cube.ide.mcu.externaltools.gnu-tools-for-stm32.9-2020-q2-update.win32_1.5.0.202011040924/tools/bin/../lib/gcc/arm-none-eabi/9.3.1/../../../../arm-none-eabi/lib/thumb/v7-m/nofp\libc_nano.a(lib_a-writer.o)
                0x000000000800c444                _write_r
 .text._close_r
                0x000000000800c468       0x20 c:/st/stm32cubeide_1.6.1/stm32cubeide/plugins/com.st.stm32cube.ide.mcu.externaltools.gnu-tools-for-stm32.9-2020-q2-update.win32_1.5.0.202011040924/tools/bin/../lib/gcc/arm-none-eabi/9.3.1/../../../../arm-none-eabi/lib/thumb/v7-m/nofp\libc_nano.a(lib_a-closer.o)
                0x000000000800c468                _close_r
 .text._fstat_r
                0x000000000800c488       0x24 c:/st/stm32cubeide_1.6.1/stm32cubeide/plugins/com.st.stm32cube.ide.mcu.externaltools.gnu-tools-for-stm32.9-2020-q2-update.win32_1.5.0.202011040924/tools/bin/../lib/gcc/arm-none-eabi/9.3.1/../../../../arm-none-eabi/lib/thumb/v7-m/nofp\libc_nano.a(lib_a-fstatr.o)
                0x000000000800c488                _fstat_r
 .text._isatty_r
                0x000000000800c4ac       0x20 c:/st/stm32cubeide_1.6.1/stm32cubeide/plugins/com.st.stm32cube.ide.mcu.externaltools.gnu-tools-for-stm32.9-2020-q2-update.win32_1.5.0.202011040924/tools/bin/../lib/gcc/arm-none-eabi/9.3.1/../../../../arm-none-eabi/lib/thumb/v7-m/nofp\libc_nano.a(lib_a-isattyr.o)
                0x000000000800c4ac                _isatty_r
 .text._lseek_r
                0x000000000800c4cc       0x24 c:/st/stm32cubeide_1.6.1/stm32cubeide/plugins/com.st.stm32cube.ide.mcu.externaltools.gnu-tools-for-stm32.9-2020-q2-update.win32_1.5.0.202011040924/tools/bin/../lib/gcc/arm-none-eabi/9.3.1/../../../../arm-none-eabi/lib/thumb/v7-m/nofp\libc_nano.a(lib_a-lseekr.o)
                0x000000000800c4cc                _lseek_r
 .text._read_r  0x000000000800c4f0       0x24 c:/st/stm32cubeide_1.6.1/stm32cubeide/plugins/com.st.stm32cube.ide.mcu.externaltools.gnu-tools-for-stm32.9-2020-q2-update.win32_1.5.0.202011040924/tools/bin/../lib/gcc/arm-none-eabi/9.3.1/../../../../arm-none-eabi/lib/thumb/v7-m/nofp\libc_nano.a(lib_a-readr.o)
                0x000000000800c4f0                _read_r
 *(.glue_7)
 .glue_7        0x000000000800c514        0x0 linker stubs
 *(.glue_7t)
 .glue_7t       0x000000000800c514        0x0 linker stubs
 *(.eh_frame)
 .eh_frame      0x000000000800c514        0x0 c:/st/stm32cubeide_1.6.1/stm32cubeide/plugins/com.st.stm32cube.ide.mcu.externaltools.gnu-tools-for-stm32.9-2020-q2-update.win32_1.5.0.202011040924/tools/bin/../lib/gcc/arm-none-eabi/9.3.1/thumb/v7-m/nofp/crtbegin.o
 *(.init)
 .init          0x000000000800c514        0x4 c:/st/stm32cubeide_1.6.1/stm32cubeide/plugins/com.st.stm32cube.ide.mcu.externaltools.gnu-tools-for-stm32.9-2020-q2-update.win32_1.5.0.202011040924/tools/bin/../lib/gcc/arm-none-eabi/9.3.1/thumb/v7-m/nofp/crti.o
                0x000000000800c514                _init
 .init          0x000000000800c518        0x8 c:/st/stm32cubeide_1.6.1/stm32cubeide/plugins/com.st.stm32cube.ide.mcu.externaltools.gnu-tools-for-stm32.9-2020-q2-update.win32_1.5.0.202011040924/tools/bin/../lib/gcc/arm-none-eabi/9.3.1/thumb/v7-m/nofp/crtn.o
 *(.fini)
 .fini          0x000000000800c520        0x4 c:/st/stm32cubeide_1.6.1/stm32cubeide/plugins/com.st.stm32cube.ide.mcu.externaltools.gnu-tools-for-stm32.9-2020-q2-update.win32_1.5.0.202011040924/tools/bin/../lib/gcc/arm-none-eabi/9.3.1/thumb/v7-m/nofp/crti.o
                0x000000000800c520                _fini
 .fini          0x000000000800c524        0x8 c:/st/stm32cubeide_1.6.1/stm32cubeide/plugins/com.st.stm32cube.ide.mcu.externaltools.gnu-tools-for-stm32.9-2020-q2-update.win32_1.5.0.202011040924/tools/bin/../lib/gcc/arm-none-eabi/9.3.1/thumb/v7-m/nofp/crtn.o
                0x000000000800c52c                . = ALIGN (0x4)
                0x000000000800c52c                _etext = .

.vfp11_veneer   0x000000000800c52c        0x0
 .vfp11_veneer  0x000000000800c52c        0x0 linker stubs

.v4_bx          0x000000000800c52c        0x0
 .v4_bx         0x000000000800c52c        0x0 linker stubs

.iplt           0x000000000800c52c        0x0
 .iplt          0x000000000800c52c        0x0 c:/st/stm32cubeide_1.6.1/stm32cubeide/plugins/com.st.stm32cube.ide.mcu.externaltools.gnu-tools-for-stm32.9-2020-q2-update.win32_1.5.0.202011040924/tools/bin/../lib/gcc/arm-none-eabi/9.3.1/thumb/v7-m/nofp/crtbegin.o

.rodata         0x000000000800c530      0x5b4
                0x000000000800c530                . = ALIGN (0x4)
 *(.rodata)
 .rodata        0x000000000800c530      0x18d Core/Src/main.o
 *fill*         0x000000000800c6bd        0x3 
 .rodata        0x000000000800c6c0        0x5 Core/Src/tasks.o
 *fill*         0x000000000800c6c5        0x3 
 .rodata        0x000000000800c6c8        0xd Core/Src/timers.o
 *(.rodata*)
 *fill*         0x000000000800c6d5        0x3 
 .rodata.AHBPrescTable
                0x000000000800c6d8       0x10 Core/Src/system_stm32f1xx.o
                0x000000000800c6d8                AHBPrescTable
 .rodata.APBPrescTable
                0x000000000800c6e8        0x8 Core/Src/system_stm32f1xx.o
                0x000000000800c6e8                APBPrescTable
 .rodata.aPLLMULFactorTable.6442
                0x000000000800c6f0       0x10 Drivers/STM32F1xx_HAL_Driver/Src/stm32f1xx_hal_rcc.o
 .rodata.aPredivFactorTable.6443
                0x000000000800c700        0x2 Drivers/STM32F1xx_HAL_Driver/Src/stm32f1xx_hal_rcc.o
 *fill*         0x000000000800c702        0x2 
 .rodata._global_impure_ptr
                0x000000000800c704        0x4 c:/st/stm32cubeide_1.6.1/stm32cubeide/plugins/com.st.stm32cube.ide.mcu.externaltools.gnu-tools-for-stm32.9-2020-q2-update.win32_1.5.0.202011040924/tools/bin/../lib/gcc/arm-none-eabi/9.3.1/../../../../arm-none-eabi/lib/thumb/v7-m/nofp\libc_nano.a(lib_a-impure.o)
                0x000000000800c704                _global_impure_ptr
 .rodata._printf_float.str1.1
                0x000000000800c708       0x12 c:/st/stm32cubeide_1.6.1/stm32cubeide/plugins/com.st.stm32cube.ide.mcu.externaltools.gnu-tools-for-stm32.9-2020-q2-update.win32_1.5.0.202011040924/tools/bin/../lib/gcc/arm-none-eabi/9.3.1/../../../../arm-none-eabi/lib/thumb/v7-m/nofp\libc_nano.a(lib_a-nano-vfprintf_float.o)
 .rodata._printf_i.str1.1
                0x000000000800c71a       0x22 c:/st/stm32cubeide_1.6.1/stm32cubeide/plugins/com.st.stm32cube.ide.mcu.externaltools.gnu-tools-for-stm32.9-2020-q2-update.win32_1.5.0.202011040924/tools/bin/../lib/gcc/arm-none-eabi/9.3.1/../../../../arm-none-eabi/lib/thumb/v7-m/nofp\libc_nano.a(lib_a-nano-vfprintf_i.o)
 .rodata._dtoa_r.str1.1
                0x000000000800c73c       0x94 c:/st/stm32cubeide_1.6.1/stm32cubeide/plugins/com.st.stm32cube.ide.mcu.externaltools.gnu-tools-for-stm32.9-2020-q2-update.win32_1.5.0.202011040924/tools/bin/../lib/gcc/arm-none-eabi/9.3.1/../../../../arm-none-eabi/lib/thumb/v7-m/nofp\libc_nano.a(lib_a-dtoa.o)
                                         0x96 (size before relaxing)
 .rodata._Balloc.str1.1
                0x000000000800c7d0       0x60 c:/st/stm32cubeide_1.6.1/stm32cubeide/plugins/com.st.stm32cube.ide.mcu.externaltools.gnu-tools-for-stm32.9-2020-q2-update.win32_1.5.0.202011040924/tools/bin/../lib/gcc/arm-none-eabi/9.3.1/../../../../arm-none-eabi/lib/thumb/v7-m/nofp\libc_nano.a(lib_a-mprec.o)
                                         0x77 (size before relaxing)
 .rodata.__multadd.str1.1
                0x000000000800c830       0x11 c:/st/stm32cubeide_1.6.1/stm32cubeide/plugins/com.st.stm32cube.ide.mcu.externaltools.gnu-tools-for-stm32.9-2020-q2-update.win32_1.5.0.202011040924/tools/bin/../lib/gcc/arm-none-eabi/9.3.1/../../../../arm-none-eabi/lib/thumb/v7-m/nofp\libc_nano.a(lib_a-mprec.o)
 .rodata.__mprec_bigtens
                0x000000000800c830       0x28 c:/st/stm32cubeide_1.6.1/stm32cubeide/plugins/com.st.stm32cube.ide.mcu.externaltools.gnu-tools-for-stm32.9-2020-q2-update.win32_1.5.0.202011040924/tools/bin/../lib/gcc/arm-none-eabi/9.3.1/../../../../arm-none-eabi/lib/thumb/v7-m/nofp\libc_nano.a(lib_a-mprec.o)
                0x000000000800c830                __mprec_bigtens
 .rodata.__mprec_tens
                0x000000000800c858       0xc8 c:/st/stm32cubeide_1.6.1/stm32cubeide/plugins/com.st.stm32cube.ide.mcu.externaltools.gnu-tools-for-stm32.9-2020-q2-update.win32_1.5.0.202011040924/tools/bin/../lib/gcc/arm-none-eabi/9.3.1/../../../../arm-none-eabi/lib/thumb/v7-m/nofp\libc_nano.a(lib_a-mprec.o)
                0x000000000800c858                __mprec_tens
 .rodata.p05.6150
                0x000000000800c920        0xc c:/st/stm32cubeide_1.6.1/stm32cubeide/plugins/com.st.stm32cube.ide.mcu.externaltools.gnu-tools-for-stm32.9-2020-q2-update.win32_1.5.0.202011040924/tools/bin/../lib/gcc/arm-none-eabi/9.3.1/../../../../arm-none-eabi/lib/thumb/v7-m/nofp\libc_nano.a(lib_a-mprec.o)
 .rodata._svfprintf_r.str1.1
                0x000000000800c92c       0x11 c:/st/stm32cubeide_1.6.1/stm32cubeide/plugins/com.st.stm32cube.ide.mcu.externaltools.gnu-tools-for-stm32.9-2020-q2-update.win32_1.5.0.202011040924/tools/bin/../lib/gcc/arm-none-eabi/9.3.1/../../../../arm-none-eabi/lib/thumb/v7-m/nofp\libc_nano.a(lib_a-nano-svfprintf.o)
 .rodata.__assert_func.str1.1
                0x000000000800c93d       0x3c c:/st/stm32cubeide_1.6.1/stm32cubeide/plugins/com.st.stm32cube.ide.mcu.externaltools.gnu-tools-for-stm32.9-2020-q2-update.win32_1.5.0.202011040924/tools/bin/../lib/gcc/arm-none-eabi/9.3.1/../../../../arm-none-eabi/lib/thumb/v7-m/nofp\libc_nano.a(lib_a-assert.o)
                                         0x3d (size before relaxing)
 .rodata._setlocale_r.str1.1
                0x000000000800c979        0x8 c:/st/stm32cubeide_1.6.1/stm32cubeide/plugins/com.st.stm32cube.ide.mcu.externaltools.gnu-tools-for-stm32.9-2020-q2-update.win32_1.5.0.202011040924/tools/bin/../lib/gcc/arm-none-eabi/9.3.1/../../../../arm-none-eabi/lib/thumb/v7-m/nofp\libc_nano.a(lib_a-locale.o)
                                          0x9 (size before relaxing)
 .rodata.str1.1
                0x000000000800c981        0x2 c:/st/stm32cubeide_1.6.1/stm32cubeide/plugins/com.st.stm32cube.ide.mcu.externaltools.gnu-tools-for-stm32.9-2020-q2-update.win32_1.5.0.202011040924/tools/bin/../lib/gcc/arm-none-eabi/9.3.1/../../../../arm-none-eabi/lib/thumb/v7-m/nofp\libc_nano.a(lib_a-locale.o)
 .rodata._vfprintf_r.str1.1
                0x000000000800c983       0x11 c:/st/stm32cubeide_1.6.1/stm32cubeide/plugins/com.st.stm32cube.ide.mcu.externaltools.gnu-tools-for-stm32.9-2020-q2-update.win32_1.5.0.202011040924/tools/bin/../lib/gcc/arm-none-eabi/9.3.1/../../../../arm-none-eabi/lib/thumb/v7-m/nofp\libc_nano.a(lib_a-nano-vfprintf.o)
 .rodata._ctype_
                0x000000000800c983      0x101 c:/st/stm32cubeide_1.6.1/stm32cubeide/plugins/com.st.stm32cube.ide.mcu.externaltools.gnu-tools-for-stm32.9-2020-q2-update.win32_1.5.0.202011040924/tools/bin/../lib/gcc/arm-none-eabi/9.3.1/../../../../arm-none-eabi/lib/thumb/v7-m/nofp\libc_nano.a(lib_a-ctype_.o)
                0x000000000800c983                _ctype_
 .rodata.__sf_fake_stderr
                0x000000000800ca84       0x20 c:/st/stm32cubeide_1.6.1/stm32cubeide/plugins/com.st.stm32cube.ide.mcu.externaltools.gnu-tools-for-stm32.9-2020-q2-update.win32_1.5.0.202011040924/tools/bin/../lib/gcc/arm-none-eabi/9.3.1/../../../../arm-none-eabi/lib/thumb/v7-m/nofp\libc_nano.a(lib_a-findfp.o)
                0x000000000800ca84                __sf_fake_stderr
 .rodata.__sf_fake_stdin
                0x000000000800caa4       0x20 c:/st/stm32cubeide_1.6.1/stm32cubeide/plugins/com.st.stm32cube.ide.mcu.externaltools.gnu-tools-for-stm32.9-2020-q2-update.win32_1.5.0.202011040924/tools/bin/../lib/gcc/arm-none-eabi/9.3.1/../../../../arm-none-eabi/lib/thumb/v7-m/nofp\libc_nano.a(lib_a-findfp.o)
                0x000000000800caa4                __sf_fake_stdin
 .rodata.__sf_fake_stdout
                0x000000000800cac4       0x20 c:/st/stm32cubeide_1.6.1/stm32cubeide/plugins/com.st.stm32cube.ide.mcu.externaltools.gnu-tools-for-stm32.9-2020-q2-update.win32_1.5.0.202011040924/tools/bin/../lib/gcc/arm-none-eabi/9.3.1/../../../../arm-none-eabi/lib/thumb/v7-m/nofp\libc_nano.a(lib_a-findfp.o)
                0x000000000800cac4                __sf_fake_stdout
                0x000000000800cae4                . = ALIGN (0x4)

.rel.dyn        0x000000000800cae4        0x0
 .rel.iplt      0x000000000800cae4        0x0 c:/st/stm32cubeide_1.6.1/stm32cubeide/plugins/com.st.stm32cube.ide.mcu.externaltools.gnu-tools-for-stm32.9-2020-q2-update.win32_1.5.0.202011040924/tools/bin/../lib/gcc/arm-none-eabi/9.3.1/thumb/v7-m/nofp/crtbegin.o

.ARM.extab      0x000000000800cae4        0x0
                0x000000000800cae4                . = ALIGN (0x4)
 *(.ARM.extab* .gnu.linkonce.armextab.*)
                0x000000000800cae4                . = ALIGN (0x4)

.ARM            0x000000000800cae4        0x0
                0x000000000800cae4                . = ALIGN (0x4)
                0x000000000800cae4                __exidx_start = .
 *(.ARM.exidx*)
                0x000000000800cae4                __exidx_end = .
                0x000000000800cae4                . = ALIGN (0x4)

.preinit_array  0x000000000800cae4        0x0
                0x000000000800cae4                . = ALIGN (0x4)
                0x000000000800cae4                PROVIDE (__preinit_array_start = .)
 *(.preinit_array*)
                0x000000000800cae4                PROVIDE (__preinit_array_end = .)
                0x000000000800cae4                . = ALIGN (0x4)

.init_array     0x000000000800cae4        0x4
                0x000000000800cae4                . = ALIGN (0x4)
                0x000000000800cae4                PROVIDE (__init_array_start = .)
 *(SORT_BY_NAME(.init_array.*))
 *(.init_array*)
 .init_array    0x000000000800cae4        0x4 c:/st/stm32cubeide_1.6.1/stm32cubeide/plugins/com.st.stm32cube.ide.mcu.externaltools.gnu-tools-for-stm32.9-2020-q2-update.win32_1.5.0.202011040924/tools/bin/../lib/gcc/arm-none-eabi/9.3.1/thumb/v7-m/nofp/crtbegin.o
                0x000000000800cae8                PROVIDE (__init_array_end = .)
                0x000000000800cae8                . = ALIGN (0x4)

.fini_array     0x000000000800cae8        0x4
                0x000000000800cae8                . = ALIGN (0x4)
                [!provide]                        PROVIDE (__fini_array_start = .)
 *(SORT_BY_NAME(.fini_array.*))
 *(.fini_array*)
 .fini_array    0x000000000800cae8        0x4 c:/st/stm32cubeide_1.6.1/stm32cubeide/plugins/com.st.stm32cube.ide.mcu.externaltools.gnu-tools-for-stm32.9-2020-q2-update.win32_1.5.0.202011040924/tools/bin/../lib/gcc/arm-none-eabi/9.3.1/thumb/v7-m/nofp/crtbegin.o
                [!provide]                        PROVIDE (__fini_array_end = .)
                0x000000000800caec                . = ALIGN (0x4)
                0x000000000800caec                _sidata = LOADADDR (.data)

.data           0x0000000020000000      0x204 load address 0x000000000800caec
                0x0000000020000000                . = ALIGN (0x4)
                0x0000000020000000                _sdata = .
 *(.data)
 *(.data*)
 .data.last_index
                0x0000000020000000        0x1 Core/Src/main.o
                0x0000000020000000                last_index
 *fill*         0x0000000020000001        0x1 
 .data.datalog_count
                0x0000000020000002        0x2 Core/Src/main.o
                0x0000000020000002                datalog_count
 .data.margin_value
                0x0000000020000004        0x4 Core/Src/main.o
                0x0000000020000004                margin_value
 .data.sp_editing
                0x0000000020000008        0x4 Core/Src/main.o
                0x0000000020000008                sp_editing
 .data.kp       0x000000002000000c        0x4 Core/Src/main.o
                0x000000002000000c                kp
 .data.ki       0x0000000020000010        0x4 Core/Src/main.o
                0x0000000020000010                ki
 .data.kd       0x0000000020000014        0x4 Core/Src/main.o
                0x0000000020000014                kd
 .data.pwm_max  0x0000000020000018        0x2 Core/Src/main.o
                0x0000000020000018                pwm_max
 .data.pwm_slow
                0x000000002000001a        0x2 Core/Src/main.o
                0x000000002000001a                pwm_slow
 .data.flashAddress
                0x000000002000001c        0x4 Core/Src/main.o
                0x000000002000001c                flashAddress
 .data.uxCriticalNesting
                0x0000000020000020        0x4 Core/Src/port.o
 .data.SystemCoreClock
                0x0000000020000024        0x4 Core/Src/system_stm32f1xx.o
                0x0000000020000024                SystemCoreClock
 .data.uxTopUsedPriority
                0x0000000020000028        0x4 Core/Src/tasks.o
                0x0000000020000028                uxTopUsedPriority
 .data.uwTickPrio
                0x000000002000002c        0x4 Drivers/STM32F1xx_HAL_Driver/Src/stm32f1xx_hal.o
                0x000000002000002c                uwTickPrio
 .data.uwTickFreq
                0x0000000020000030        0x1 Drivers/STM32F1xx_HAL_Driver/Src/stm32f1xx_hal.o
                0x0000000020000030                uwTickFreq
 *fill*         0x0000000020000031        0x3 
 .data._impure_ptr