Archive member included to satisfy reference by file (symbol)

c:/st/stm32cubeide_1.6.1/stm32cubeide/plugins/com.st.stm32cube.ide.mcu.externaltools.gnu-tools-for-stm32.9-2020-q2-update.win32_1.5.0.202011040924/tools/bin/../lib/gcc/arm-none-eabi/9.3.1/../../../../arm-none-eabi/lib/thumb/v7-m/nofp\libc_nano.a(lib_a-atof.o)
                              Core/Src/main.o (atof)
c:/st/stm32cubeide_1.6.1/stm32cubeide/plugins/com.st.stm32cube.ide.mcu.externaltools.gnu-tools-for-stm32.9-2020-q2-update.win32_1.5.0.202011040924/tools/bin/../lib/gcc/arm-none-eabi/9.3.1/../../../../arm-none-eabi/lib/thumb/v7-m/nofp\libc_nano.a(lib_a-atoi.o)
                              Core/Src/main.o (atoi)
c:/st/stm32cubeide_1.6.1/stm32cubeide/plugins/com.st.stm32cube.ide.mcu.externaltools.gnu-tools-for-stm32.9-2020-q2-update.win32_1.5.0.202011040924/tools/bin/../lib/gcc/arm-none-eabi/9.3.1/../../../../arm-none-eabi/lib/thumb/v7-m/nofp\libc_nano.a(lib_a-errno.o)
                              Core/Src/syscalls.o (__errno)
c:/st/stm32cubeide_1.6.1/stm32cubeide/plugins/com.st.stm32cube.ide.mcu.externaltools.gnu-tools-for-stm32.9-2020-q2-update.win32_1.5.0.202011040924/tools/bin/../lib/gcc/arm-none-eabi/9.3.1/../../../../arm-none-eabi/lib/thumb/v7-m/nofp\libc_nano.a(lib_a-exit.o)
                              c:/st/stm32cubeide_1.6.1/stm32cubeide/plugins/com.st.stm32cube.ide.mcu.externaltools.gnu-tools-for-stm32.9-2020-q2-update.win32_1.5.0.202011040924/tools/bin/../lib/gcc/arm-none-eabi/9.3.1/../../../../arm-none-eabi/lib/thumb/v7-m/nofp/crt0.o (exit)
c:/st/stm32cubeide_1.6.1/stm32cubeide/plugins/com.st.stm32cube.ide.mcu.externaltools.gnu-tools-for-stm32.9-2020-q2-update.win32_1.5.0.202011040924/tools/bin/../lib/gcc/arm-none-eabi/9.3.1/../../../../arm-none-eabi/lib/thumb/v7-m/nofp\libc_nano.a(lib_a-impure.o)
                              c:/st/stm32cubeide_1.6.1/stm32cubeide/plugins/com.st.stm32cube.ide.mcu.externaltools.gnu-tools-for-stm32.9-2020-q2-update.win32_1.5.0.202011040924/tools/bin/../lib/gcc/arm-none-eabi/9.3.1/../../../../arm-none-eabi/lib/thumb/v7-m/nofp\libc_nano.a(lib_a-exit.o) (_global_impure_ptr)
c:/st/stm32cubeide_1.6.1/stm32cubeide/plugins/com.st.stm32cube.ide.mcu.externaltools.gnu-tools-for-stm32.9-2020-q2-update.win32_1.5.0.202011040924/tools/bin/../lib/gcc/arm-none-eabi/9.3.1/../../../../arm-none-eabi/lib/thumb/v7-m/nofp\libc_nano.a(lib_a-init.o)
                              c:/st/stm32cubeide_1.6.1/stm32cubeide/plugins/com.st.stm32cube.ide.mcu.externaltools.gnu-tools-for-stm32.9-2020-q2-update.win32_1.5.0.202011040924/tools/bin/../lib/gcc/arm-none-eabi/9.3.1/../../../../arm-none-eabi/lib/thumb/v7-m/nofp/crt0.o (__libc_init_array)
c:/st/stm32cubeide_1.6.1/stm32cubeide/plugins/com.st.stm32cube.ide.mcu.externaltools.gnu-tools-for-stm32.9-2020-q2-update.win32_1.5.0.202011040924/tools/bin/../lib/gcc/arm-none-eabi/9.3.1/../../../../arm-none-eabi/lib/thumb/v7-m/nofp\libc_nano.a(lib_a-malloc.o)
                              Core/Src/heap_3.o (malloc)
c:/st/stm32cubeide_1.6.1/stm32cubeide/plugins/com.st.stm32cube.ide.mcu.externaltools.gnu-tools-for-stm32.9-2020-q2-update.win32_1.5.0.202011040924/tools/bin/../lib/gcc/arm-none-eabi/9.3.1/../../../../arm-none-eabi/lib/thumb/v7-m/nofp\libc_nano.a(lib_a-memcpy-stub.o)
                              Core/Src/main.o (memcpy)
c:/st/stm32cubeide_1.6.1/stm32cubeide/plugins/com.st.stm32cube.ide.mcu.externaltools.gnu-tools-for-stm32.9-2020-q2-update.win32_1.5.0.202011040924/tools/bin/../lib/gcc/arm-none-eabi/9.3.1/../../../../arm-none-eabi/lib/thumb/v7-m/nofp\libc_nano.a(lib_a-memset.o)
                              c:/st/stm32cubeide_1.6.1/stm32cubeide/plugins/com.st.stm32cube.ide.mcu.externaltools.gnu-tools-for-stm32.9-2020-q2-update.win32_1.5.0.202011040924/tools/bin/../lib/gcc/arm-none-eabi/9.3.1/../../../../arm-none-eabi/lib/thumb/v7-m/nofp/crt0.o (memset)
c:/st/stm32cubeide_1.6.1/stm32cubeide/plugins/com.st.stm32cube.ide.mcu.externaltools.gnu-tools-for-stm32.9-2020-q2-update.win32_1.5.0.202011040924/tools/bin/../lib/gcc/arm-none-eabi/9.3.1/../../../../arm-none-eabi/lib/thumb/v7-m/nofp\libc_nano.a(lib_a-nano-freer.o)
                              c:/st/stm32cubeide_1.6.1/stm32cubeide/plugins/com.st.stm32cube.ide.mcu.externaltools.gnu-tools-for-stm32.9-2020-q2-update.win32_1.5.0.202011040924/tools/bin/../lib/gcc/arm-none-eabi/9.3.1/../../../../arm-none-eabi/lib/thumb/v7-m/nofp\libc_nano.a(lib_a-malloc.o) (_free_r)
c:/st/stm32cubeide_1.6.1/stm32cubeide/plugins/com.st.stm32cube.ide.mcu.externaltools.gnu-tools-for-stm32.9-2020-q2-update.win32_1.5.0.202011040924/tools/bin/../lib/gcc/arm-none-eabi/9.3.1/../../../../arm-none-eabi/lib/thumb/v7-m/nofp\libc_nano.a(lib_a-nano-mallocr.o)
                              c:/st/stm32cubeide_1.6.1/stm32cubeide/plugins/com.st.stm32cube.ide.mcu.externaltools.gnu-tools-for-stm32.9-2020-q2-update.win32_1.5.0.202011040924/tools/bin/../lib/gcc/arm-none-eabi/9.3.1/../../../../arm-none-eabi/lib/thumb/v7-m/nofp\libc_nano.a(lib_a-malloc.o) (_malloc_r)
[...]
Memory Configuration

Name             Origin             Length             Attributes
RAM              0x0000000020000000 0x0000000000005000 xrw
FLASH            0x0000000008000000 0x0000000000010000 xr
*default*        0x0000000000000000 0xffffffffffffffff

Linker script and memory map

LOAD c:/st/stm32cubeide_1.6.1/stm32cubeide/plugins/com.st.stm32cube.ide.mcu.externaltools.gnu-tools-for-stm32.9-2020-q2-update.win32_1.5.0.202011040924/tools/bin/../lib/gcc/arm-none-eabi/9.3.1/thumb/v7-m/nofp/crti.o
LOAD c:/st/stm32cubeide_1.6.1/stm32cubeide/plugins/com.st.stm32cube.ide.mcu.externaltools.gnu-tools-for-stm32.9-2020-q2-update.win32_1.5.0.202011040924/tools/bin/../lib/gcc/arm-none-eabi/9.3.1/thumb/v7-m/nofp/crtbegin.o
LOAD c:/st/stm32cubeide_1.6.1/stm32cubeide/plugins/com.st.stm32cube.ide.mcu.externaltools.gnu-tools-for-stm32.9-2020-q2-update.win32_1.5.0.202011040924/tools/bin/../lib/gcc/arm-none-eabi/9.3.1/../../../../arm-none-eabi/lib/thumb/v7-m/nofp/crt0.o
LOAD Core/Src/croutine.o
LOAD Core/Src/event_groups.o
LOAD Core/Src/heap_3.o
LOAD Core/Src/lcd_i2c.o
LOAD Core/Src/list.o
LOAD Core/Src/main.o
LOAD Core/Src/port.o
LOAD Core/Src/queue.o
LOAD Core/Src/stm32f1xx_hal_msp.o
LOAD Core/Src/stm32f1xx_hal_timebase_tim.o
LOAD Core/Src/stm32f1xx_it.o
LOAD Core/Src/stream_buffer.o
LOAD Core/Src/syscalls.o
LOAD Core/Src/sysmem.o
LOAD Core/Src/system_stm32f1xx.o
LOAD Core/Src/tasks.o
LOAD Core/Src/timers.o
LOAD Core/Startup/startup_stm32f103c8tx.o
LOAD Drivers/STM32F1xx_HAL_Driver/Src/stm32f1xx_hal.o
LOAD Drivers/STM32F1xx_HAL_Driver/Src/stm32f1xx_hal_cortex.o
LOAD Drivers/STM32F1xx_HAL_Driver/Src/stm32f1xx_hal_dma.o
LOAD Drivers/STM32F1xx_HAL_Driver/Src/stm32f1xx_hal_exti.o
LOAD Drivers/STM32F1xx_HAL_Driver/Src/stm32f1xx_hal_flash.o
LOAD Drivers/STM32F1xx_HAL_Driver/Src/stm32f1xx_hal_flash_ex.o
LOAD Drivers/STM32F1xx_HAL_Driver/Src/stm32f1xx_hal_gpio.o
LOAD Drivers/STM32F1xx_HAL_Driver/Src/stm32f1xx_hal_gpio_ex.o
LOAD Drivers/STM32F1xx_HAL_Driver/Src/stm32f1xx_hal_i2c.o
LOAD Drivers/STM32F1xx_HAL_Driver/Src/stm32f1xx_hal_pwr.o
LOAD Drivers/STM32F1xx_HAL_Driver/Src/stm32f1xx_hal_rcc.o
LOAD Drivers/STM32F1xx_HAL_Driver/Src/stm32f1xx_hal_rcc_ex.o
LOAD Drivers/STM32F1xx_HAL_Driver/Src/stm32f1xx_hal_tim.o
LOAD Drivers/STM32F1xx_HAL_Driver/Src/stm32f1xx_hal_tim_ex.o
LOAD Drivers/STM32F1xx_HAL_Driver/Src/stm32f1xx_hal_uart.o
START GROUP
LOAD c:/st/stm32cubeide_1.6.1/stm32cubeide/plugins/com.st.stm32cube.ide.mcu.externaltools.gnu-tools-for-stm32.9-2020-q2-update.win32_1.5.0.202011040924/tools/bin/../lib/gcc/arm-none-eabi/9.3.1/../../../../arm-none-eabi/lib/thumb/v7-m/nofp\libc_nano.a
LOAD c:/st/stm32cubeide_1.6.1/stm32cubeide/plugins/com.st.stm32cube.ide.mcu.externaltools.gnu-tools-for-stm32.9-2020-q2-update.win32_1.5.0.202011040924/tools/bin/../lib/gcc/arm-none-eabi/9.3.1/../../../../arm-none-eabi/lib/thumb/v7-m/nofp\libm.a
END GROUP
START GROUP
LOAD c:/st/stm32cubeide_1.6.1/stm32cubeide/plugins/com.st.stm32cube.ide.mcu.externaltools.gnu-tools-for-stm32.9-2020-q2-update.win32_1.5.0.202011040924/tools/bin/../lib/gcc/arm-none-eabi/9.3.1/thumb/v7-m/nofp\libgcc.a
LOAD c:/st/stm32cubeide_1.6.1/stm32cubeide/plugins/com.st.stm32cube.ide.mcu.externaltools.gnu-tools-for-stm32.9-2020-q2-update.win32_1.5.0.202011040924/tools/bin/../lib/gcc/arm-none-eabi/9.3.1/../../../../arm-none-eabi/lib/thumb/v7-m/nofp\libc_nano.a
END GROUP
START GROUP
LOAD c:/st/stm32cubeide_1.6.1/stm32cubeide/plugins/com.st.stm32cube.ide.mcu.externaltools.gnu-tools-for-stm32.9-2020-q2-update.win32_1.5.0.202011040924/tools/bin/../lib/gcc/arm-none-eabi/9.3.1/thumb/v7-m/nofp\libgcc.a
LOAD c:/st/stm32cubeide_1.6.1/stm32cubeide/plugins/com.st.stm32cube.ide.mcu.externaltools.gnu-tools-for-stm32.9-2020-q2-update.win32_1.5.0.202011040924/tools/bin/../lib/gcc/arm-none-eabi/9.3.1/../../../../arm-none-eabi/lib/thumb/v7-m/nofp\libc_nano.a
LOAD c:/st/stm32cubeide_1.6.1/stm32cubeide/plugins/com.st.stm32cube.ide.mcu.externaltools.gnu-tools-for-stm32.9-2020-q2-update.win32_1.5.0.202011040924/tools/bin/../lib/gcc/arm-none-eabi/9.3.1/../../../../arm-none-eabi/lib/thumb/v7-m/nofp\libnosys.a
END GROUP
START GROUP
LOAD c:/st/stm32cubeide_1.6.1/stm32cubeide/plugins/com.st.stm32cube.ide.mcu.externaltools.gnu-tools-for-stm32.9-2020-q2-update.win32_1.5.0.202011040924/tools/bin/../lib/gcc/arm-none-eabi/9.3.1/thumb/v7-m/nofp\libgcc.a
LOAD c:/st/stm32cubeide_1.6.1/stm32cubeide/plugins/com.st.stm32cube.ide.mcu.externaltools.gnu-tools-for-stm32.9-2020-q2-update.win32_1.5.0.202011040924/tools/bin/../lib/gcc/arm-none-eabi/9.3.1/../../../../arm-none-eabi/lib/thumb/v7-m/nofp\libc_nano.a
LOAD c:/st/stm32cubeide_1.6.1/stm32cubeide/plugins/com.st.stm32cube.ide.mcu.externaltools.gnu-tools-for-stm32.9-2020-q2-update.win32_1.5.0.202011040924/tools/bin/../lib/gcc/arm-none-eabi/9.3.1/../../../../arm-none-eabi/lib/thumb/v7-m/nofp\libnosys.a
END GROUP
LOAD c:/st/stm32cubeide_1.6.1/stm32cubeide/plugins/com.st.stm32cube.ide.mcu.externaltools.gnu-tools-for-stm32.9-2020-q2-update.win32_1.5.0.202011040924/tools/bin/../lib/gcc/arm-none-eabi/9.3.1/thumb/v7-m/nofp/crtend.o
LOAD c:/st/stm32cubeide_1.6.1/stm32cubeide/plugins/com.st.stm32cube.ide.mcu.externaltools.gnu-tools-for-stm32.9-2020-q2-update.win32_1.5.0.202011040924/tools/bin/../lib/gcc/arm-none-eabi/9.3.1/thumb/v7-m/nofp/crtn.o
                0x0000000020005000                _estack = (ORIGIN (RAM) + LENGTH (RAM))
                0x0000000000000200                _Min_Heap_Size = 0x200
                0x0000000000000400                _Min_Stack_Size = 0x400

.isr_vector     0x0000000008000000      0x10c
                0x0000000008000000                . = ALIGN (0x4)
 *(.isr_vector)
 .isr_vector    0x0000000008000000      0x10c Core/Startup/startup_stm32f103c8tx.o
                0x0000000008000000                g_pfnVectors
                0x000000000800010c                . = ALIGN (0x4)

.text           0x0000000008000110     0xf2b0
                0x0000000008000110                . = ALIGN (0x4)
 *(.text)
 .text          0x0000000008000110       0x40 c:/st/stm32cubeide_1.6.1/stm32cubeide/plugins/com.st.stm32cube.ide.mcu.externaltools.gnu-tools-for-stm32.9-2020-q2-update.win32_1.5.0.202011040924/tools/bin/../lib/gcc/arm-none-eabi/9.3.1/thumb/v7-m/nofp/crtbegin.o
 .text          0x0000000008000150       0x14 c:/st/stm32cubeide_1.6.1/stm32cubeide/plugins/com.st.stm32cube.ide.mcu.externaltools.gnu-tools-for-stm32.9-2020-q2-update.win32_1.5.0.202011040924/tools/bin/../lib/gcc/arm-none-eabi/9.3.1/../../../../arm-none-eabi/lib/thumb/v7-m/nofp\libc_nano.a(lib_a-strcmp.o)
                0x0000000008000150                strcmp
 .text          0x0000000008000164       0x10 c:/st/stm32cubeide_1.6.1/stm32cubeide/plugins/com.st.stm32cube.ide.mcu.externaltools.gnu-tools-for-stm32.9-2020-q2-update.win32_1.5.0.202011040924/tools/bin/../lib/gcc/arm-none-eabi/9.3.1/../../../../arm-none-eabi/lib/thumb/v7-m/nofp\libc_nano.a(lib_a-strlen.o)
                0x0000000008000164                strlen
 .text          0x0000000008000174      0x378 c:/st/stm32cubeide_1.6.1/stm32cubeide/plugins/com.st.stm32cube.ide.mcu.externaltools.gnu-tools-for-stm32.9-2020-q2-update.win32_1.5.0.202011040924/tools/bin/../lib/gcc/arm-none-eabi/9.3.1/thumb/v7-m/nofp\libgcc.a(_arm_addsubdf3.o)
                0x0000000008000174                __aeabi_drsub
                0x000000000800017c                __aeabi_dsub
                0x000000000800017c                __subdf3
                0x0000000008000180                __aeabi_dadd
                0x0000000008000180                __adddf3
                0x00000000080003f8                __floatunsidf
                0x00000000080003f8                __aeabi_ui2d
                0x0000000008000418                __floatsidf
                0x0000000008000418                __aeabi_i2d
                0x000000000800043c                __aeabi_f2d
                0x000000000800043c                __extendsfdf2
                0x0000000008000480                __floatundidf
                0x0000000008000480                __aeabi_ul2d
                0x0000000008000490                __floatdidf
                0x0000000008000490                __aeabi_l2d
 .text          0x00000000080004ec      0x424 c:/st/stm32cubeide_1.6.1/stm32cubeide/plugins/com.st.stm32cube.ide.mcu.externaltools.gnu-tools-for-stm32.9-2020-q2-update.win32_1.5.0.202011040924/tools/bin/../lib/gcc/arm-none-eabi/9.3.1/thumb/v7-m/nofp\libgcc.a(_arm_muldivdf3.o)
                0x00000000080004ec                __aeabi_dmul
                0x00000000080004ec                __muldf3
                0x0000000008000740                __divdf3
                0x0000000008000740                __aeabi_ddiv
 .text          0x0000000008000910      0x110 c:/st/stm32cubeide_1.6.1/stm32cubeide/plugins/com.st.stm32cube.ide.mcu.externaltools.gnu-tools-for-stm32.9-2020-q2-update.win32_1.5.0.202011040924/tools/bin/../lib/gcc/arm-none-eabi/9.3.1/thumb/v7-m/nofp\libgcc.a(_arm_cmpdf2.o)
                0x0000000008000910                __gtdf2
                0x0000000008000910                __gedf2
                0x0000000008000918                __ltdf2
                0x0000000008000918                __ledf2
                0x0000000008000920                __nedf2
                0x0000000008000920                __eqdf2
                0x0000000008000920                __cmpdf2
                0x000000000800099c                __aeabi_cdrcmple
                0x00000000080009ac                __aeabi_cdcmpeq
                0x00000000080009ac                __aeabi_cdcmple
                0x00000000080009bc                __aeabi_dcmpeq
                0x00000000080009d0                __aeabi_dcmplt
                0x00000000080009e4                __aeabi_dcmple
                0x00000000080009f8                __aeabi_dcmpge
                0x0000000008000a0c                __aeabi_dcmpgt
 .text          0x0000000008000a20       0x2c c:/st/stm32cubeide_1.6.1/stm32cubeide/plugins/com.st.stm32cube.ide.mcu.externaltools.gnu-tools-for-stm32.9-2020-q2-update.win32_1.5.0.202011040924/tools/bin/../lib/gcc/arm-none-eabi/9.3.1/thumb/v7-m/nofp\libgcc.a(_arm_unorddf2.o)
                0x0000000008000a20                __unorddf2
                0x0000000008000a20                __aeabi_dcmpun
 .text          0x0000000008000a4c       0x50 c:/st/stm32cubeide_1.6.1/stm32cubeide/plugins/com.st.stm32cube.ide.mcu.externaltools.gnu-tools-for-stm32.9-2020-q2-update.win32_1.5.0.202011040924/tools/bin/../lib/gcc/arm-none-eabi/9.3.1/thumb/v7-m/nofp\libgcc.a(_arm_fixdfsi.o)
                0x0000000008000a4c                __aeabi_d2iz
                0x0000000008000a4c                __fixdfsi
 .text          0x0000000008000a9c       0x40 c:/st/stm32cubeide_1.6.1/stm32cubeide/plugins/com.st.stm32cube.ide.mcu.externaltools.gnu-tools-for-stm32.9-2020-q2-update.win32_1.5.0.202011040924/tools/bin/../lib/gcc/arm-none-eabi/9.3.1/thumb/v7-m/nofp\libgcc.a(_arm_fixunsdfsi.o)
                0x0000000008000a9c                __aeabi_d2uiz
                0x0000000008000a9c                __fixunsdfsi
 .text          0x0000000008000adc       0xa0 c:/st/stm32cubeide_1.6.1/stm32cubeide/plugins/com.st.stm32cube.ide.mcu.externaltools.gnu-tools-for-stm32.9-2020-q2-update.win32_1.5.0.202011040924/tools/bin/../lib/gcc/arm-none-eabi/9.3.1/thumb/v7-m/nofp\libgcc.a(_arm_truncdfsf2.o)
                0x0000000008000adc                __truncdfsf2
                0x0000000008000adc                __aeabi_d2f
 .text          0x0000000008000b7c      0x21c c:/st/stm32cubeide_1.6.1/stm32cubeide/plugins/com.st.stm32cube.ide.mcu.externaltools.gnu-tools-for-stm32.9-2020-q2-update.win32_1.5.0.202011040924/tools/bin/../lib/gcc/arm-none-eabi/9.3.1/thumb/v7-m/nofp\libgcc.a(_arm_addsubsf3.o)
                0x0000000008000b7c                __aeabi_frsub
                0x0000000008000b84                __subsf3
                0x0000000008000b84                __aeabi_fsub
                0x0000000008000b88                __aeabi_fadd
                0x0000000008000b88                __addsf3
                0x0000000008000ce8                __aeabi_ui2f
                0x0000000008000ce8                __floatunsisf
                0x0000000008000cf0                __aeabi_i2f
                0x0000000008000cf0                __floatsisf
                0x0000000008000d0c                __aeabi_ul2f
                0x0000000008000d0c                __floatundisf
                0x0000000008000d1c                __aeabi_l2f
                0x0000000008000d1c                __floatdisf
 .text          0x0000000008000d98      0x2a0 c:/st/stm32cubeide_1.6.1/stm32cubeide/plugins/com.st.stm32cube.ide.mcu.externaltools.gnu-tools-for-stm32.9-2020-q2-update.win32_1.5.0.202011040924/tools/bin/../lib/gcc/arm-none-eabi/9.3.1/thumb/v7-m/nofp\libgcc.a(_arm_muldivsf3.o)
                0x0000000008000d98                __mulsf3
                0x0000000008000d98                __aeabi_fmul
                0x0000000008000f00                __aeabi_fdiv
                0x0000000008000f00                __divsf3
 .text          0x0000000008001038       0xec c:/st/stm32cubeide_1.6.1/stm32cubeide/plugins/com.st.stm32cube.ide.mcu.externaltools.gnu-tools-for-stm32.9-2020-q2-update.win32_1.5.0.202011040924/tools/bin/../lib/gcc/arm-none-eabi/9.3.1/thumb/v7-m/nofp\libgcc.a(_arm_cmpsf2.o)
                0x0000000008001038                __gesf2
                0x0000000008001038                __gtsf2
                0x0000000008001040                __lesf2
                0x0000000008001040                __ltsf2
                0x0000000008001048                __nesf2
                0x0000000008001048                __eqsf2
                0x0000000008001048                __cmpsf2
                0x00000000080010a8                __aeabi_cfrcmple
                0x00000000080010b0                __aeabi_cfcmpeq
                0x00000000080010b0                __aeabi_cfcmple
                0x00000000080010c0                __aeabi_fcmpeq
                0x00000000080010d4                __aeabi_fcmplt
                0x00000000080010e8                __aeabi_fcmple
                0x00000000080010fc                __aeabi_fcmpge
                0x0000000008001110                __aeabi_fcmpgt
 .text          0x0000000008001124       0x4c c:/st/stm32cubeide_1.6.1/stm32cubeide/plugins/com.st.stm32cube.ide.mcu.externaltools.gnu-tools-for-stm32.9-2020-q2-update.win32_1.5.0.202011040924/tools/bin/../lib/gcc/arm-none-eabi/9.3.1/thumb/v7-m/nofp\libgcc.a(_arm_fixsfsi.o)
                0x0000000008001124                __aeabi_f2iz
                0x0000000008001124                __fixsfsi
 .text          0x0000000008001170       0x40 c:/st/stm32cubeide_1.6.1/stm32cubeide/plugins/com.st.stm32cube.ide.mcu.externaltools.gnu-tools-for-stm32.9-2020-q2-update.win32_1.5.0.202011040924/tools/bin/../lib/gcc/arm-none-eabi/9.3.1/thumb/v7-m/nofp\libgcc.a(_arm_fixunssfsi.o)
                0x0000000008001170                __fixunssfsi
                0x0000000008001170                __aeabi_f2uiz
 .text          0x00000000080011b0       0x34 c:/st/stm32cubeide_1.6.1/stm32cubeide/plugins/com.st.stm32cube.ide.mcu.externaltools.gnu-tools-for-stm32.9-2020-q2-update.win32_1.5.0.202011040924/tools/bin/../lib/gcc/arm-none-eabi/9.3.1/thumb/v7-m/nofp\libgcc.a(_fixdfdi.o)
                0x00000000080011b0                __fixdfdi
                0x00000000080011b0                __aeabi_d2lz
 .text          0x00000000080011e4       0x3c c:/st/stm32cubeide_1.6.1/stm32cubeide/plugins/com.st.stm32cube.ide.mcu.externaltools.gnu-tools-for-stm32.9-2020-q2-update.win32_1.5.0.202011040924/tools/bin/../lib/gcc/arm-none-eabi/9.3.1/thumb/v7-m/nofp\libgcc.a(_fixunsdfdi.o)
                0x00000000080011e4                __fixunsdfdi
                0x00000000080011e4                __aeabi_d2ulz
 *(.text*)
 .text.pvPortMalloc
                0x0000000008001220       0x24 Core/Src/heap_3.o
                0x0000000008001220                pvPortMalloc
 .text.vPortFree
                0x0000000008001244       0x24 Core/Src/heap_3.o
                0x0000000008001244                vPortFree
 .text.lcd_i2c_send
                0x0000000008001268       0x3c Core/Src/lcd_i2c.o
 .text.lcd_write_4bits
                0x00000000080012a4       0x2e Core/Src/lcd_i2c.o
 .text.lcd_send
                0x00000000080012d2       0x62 Core/Src/lcd_i2c.o
 .text.lcd_send_command
                0x0000000008001334       0x1c Core/Src/lcd_i2c.o
                0x0000000008001334                lcd_send_command
 .text.lcd_send_data
                0x0000000008001350       0x1c Core/Src/lcd_i2c.o
                0x0000000008001350                lcd_send_data
 .text.lcd_send_string
                0x000000000800136c       0x2a Core/Src/lcd_i2c.o
                0x000000000800136c                lcd_send_string
 *fill*         0x0000000008001396        0x2 
 .text.lcd_goto_XY
                0x0000000008001398       0x4c Core/Src/lcd_i2c.o
                0x0000000008001398                lcd_goto_XY
 .text.lcd_clear
                0x00000000080013e4       0x14 Core/Src/lcd_i2c.o
                0x00000000080013e4                lcd_clear
 .text.lcd_init
                0x00000000080013f8       0x5c Core/Src/lcd_i2c.o
                0x00000000080013f8                lcd_init
 .text.vListInitialise
                0x0000000008001454       0x3e Core/Src/list.o
                0x0000000008001454                vListInitialise
 .text.vListInitialiseItem
                0x0000000008001492       0x18 Core/Src/list.o
                0x0000000008001492                vListInitialiseItem
 .text.vListInsertEnd
                0x00000000080014aa       0x46 Core/Src/list.o
                0x00000000080014aa                vListInsertEnd
 .text.vListInsert
                0x00000000080014f0       0x70 Core/Src/list.o
                0x00000000080014f0                vListInsert
 .text.uxListRemove
                0x0000000008001560       0x52 Core/Src/list.o
                0x0000000008001560                uxListRemove
 *fill*         0x00000000080015b2        0x2 
 .text.write_flash
                0x00000000080015b4       0x4c Core/Src/main.o
                0x00000000080015b4                write_flash
 .text.read_flash
                0x0000000008001600       0x2c Core/Src/main.o
                0x0000000008001600                read_flash
 .text.read_time_date
                0x000000000800162c       0xb8 Core/Src/main.o
                0x000000000800162c                read_time_date
 .text.read_saved_sp
                0x00000000080016e4       0x74 Core/Src/main.o
                0x00000000080016e4                read_saved_sp
 .text.read_saved_err
                0x0000000008001758       0x74 Core/Src/main.o
                0x0000000008001758                read_saved_err
 .text.erase_flash
                0x00000000080017cc       0x54 Core/Src/main.o
                0x00000000080017cc                erase_flash
 .text.save_struct_flash
                0x0000000008001820       0x3e Core/Src/main.o
                0x0000000008001820                save_struct_flash
 *fill*         0x000000000800185e        0x2 
 .text.save_time_data
                0x0000000008001860       0x64 Core/Src/main.o
                0x0000000008001860                save_time_data
 .text.save_data_value
                0x00000000080018c4       0xe8 Core/Src/main.o
                0x00000000080018c4                save_data_value
 .text.get_data_offset
                0x00000000080019ac       0x72 Core/Src/main.o
                0x00000000080019ac                get_data_offset
 .text.get_data_offset_line
                0x0000000008001a1e       0x2a Core/Src/main.o
                0x0000000008001a1e                get_data_offset_line
 .text.angle_error
                0x0000000008001a48       0x60 Core/Src/main.o
 .text.motor_stop
                0x0000000008001aa8       0x30 Core/Src/main.o
 .text.I2C_controllerTask
                0x0000000008001ad8       0xb0 Core/Src/main.o
                0x0000000008001ad8                I2C_controllerTask
 .text.as5600_readerTask
                0x0000000008001b88       0x9c Core/Src/main.o
                0x0000000008001b88                as5600_readerTask
 .text.pid_controlTask
                0x0000000008001c24      0x29c Core/Src/main.o
                0x0000000008001c24                pid_controlTask
 .text.buttonHandlerTask
                0x0000000008001ec0      0x988 Core/Src/main.o
                0x0000000008001ec0                buttonHandlerTask
 .text.menuTask
                0x0000000008002848      0x708 Core/Src/main.o
                0x0000000008002848                menuTask
 .text.UART_Command_Task
                0x0000000008002f50      0x3f8 Core/Src/main.o
                0x0000000008002f50                UART_Command_Task
 .text.HAL_UART_RxCpltCallback
                0x0000000008003348       0xd0 Core/Src/main.o
                0x0000000008003348                HAL_UART_RxCpltCallback
 .text.EXTI3_IRQHandler
                0x0000000008003418       0x44 Core/Src/main.o
                0x0000000008003418                EXTI3_IRQHandler
 .text.EXTI4_IRQHandler
                0x000000000800345c       0x44 Core/Src/main.o
                0x000000000800345c                EXTI4_IRQHandler
 .text.EXTI9_5_IRQHandler
                0x00000000080034a0       0x44 Core/Src/main.o
                0x00000000080034a0                EXTI9_5_IRQHandler
 .text.EXTI15_10_IRQHandler
                0x00000000080034e4       0x48 Core/Src/main.o
                0x00000000080034e4                EXTI15_10_IRQHandler
 .text.main     0x000000000800352c      0x1d4 Core/Src/main.o
                0x000000000800352c                main
 .text.SystemClock_Config
                0x0000000008003700       0x8a Core/Src/main.o
                0x0000000008003700                SystemClock_Config
 *fill*         0x000000000800378a        0x2 
 .text.MX_I2C2_Init
                0x000000000800378c       0x5c Core/Src/main.o
 .text.MX_TIM1_Init
                0x00000000080037e8      0x108 Core/Src/main.o
 .text.MX_USART2_UART_Init
                0x00000000080038f0       0x54 Core/Src/main.o
 .text.MX_GPIO_Init
                0x0000000008003944      0x138 Core/Src/main.o
 .text.HAL_TIM_PeriodElapsedCallback
                0x0000000008003a7c       0x1e Core/Src/main.o
                0x0000000008003a7c                HAL_TIM_PeriodElapsedCallback
 .text.Error_Handler
                0x0000000008003a9a        0xa Core/Src/main.o
                0x0000000008003a9a                Error_Handler
 .text.pxPortInitialiseStack
                0x0000000008003aa4       0x58 Core/Src/port.o
                0x0000000008003aa4                pxPortInitialiseStack
 .text.prvTaskExitError
                0x0000000008003afc       0x58 Core/Src/port.o
 *fill*         0x0000000008003b54        0xc 
 .text.SVC_Handler
                0x0000000008003b60       0x28 Core/Src/port.o
                0x0000000008003b60                SVC_Handler
 .text.prvPortStartFirstTask
                0x0000000008003b88       0x24 Core/Src/port.o
 .text.xPortStartScheduler
                0x0000000008003bac       0xe4 Core/Src/port.o
                0x0000000008003bac                xPortStartScheduler
 .text.vPortEnterCritical
                0x0000000008003c90       0x60 Core/Src/port.o
                0x0000000008003c90                vPortEnterCritical
 .text.vPortExitCritical
                0x0000000008003cf0       0x50 Core/Src/port.o
                0x0000000008003cf0                vPortExitCritical
 .text.PendSV_Handler
                0x0000000008003d40       0x48 Core/Src/port.o
                0x0000000008003d40                PendSV_Handler
 .text.SysTick_Handler
                0x0000000008003d88       0x44 Core/Src/port.o
                0x0000000008003d88                SysTick_Handler
 .text.vPortSuppressTicksAndSleep
                0x0000000008003dcc      0x194 Core/Src/port.o
                0x0000000008003dcc                vPortSuppressTicksAndSleep
 .text.vPortSetupTimerInterrupt
                0x0000000008003f60       0x78 Core/Src/port.o
                0x0000000008003f60                vPortSetupTimerInterrupt
 .text.vPortValidateInterruptPriority
                0x0000000008003fd8       0x7c Core/Src/port.o
                0x0000000008003fd8                vPortValidateInterruptPriority
 .text.xQueueGenericReset
                0x0000000008004054      0x120 Core/Src/queue.o
                0x0000000008004054                xQueueGenericReset
 .text.xQueueGenericCreate
                0x0000000008004174       0x9c Core/Src/queue.o
                0x0000000008004174                xQueueGenericCreate
 .text.prvInitialiseNewQueue
                0x0000000008004210       0x46 Core/Src/queue.o
 *fill*         0x0000000008004256        0x2 
 .text.xQueueGenericSend
                0x0000000008004258      0x1fc Core/Src/queue.o
                0x0000000008004258                xQueueGenericSend
 .text.xQueueGenericSendFromISR
                0x0000000008004454      0x164 Core/Src/queue.o
                0x0000000008004454                xQueueGenericSendFromISR
 .text.xQueueGiveFromISR
                0x00000000080045b8      0x148 Core/Src/queue.o
                0x00000000080045b8                xQueueGiveFromISR
 .text.xQueueReceive
                0x0000000008004700      0x1c0 Core/Src/queue.o
                0x0000000008004700                xQueueReceive
 .text.xQueueSemaphoreTake
                0x00000000080048c0      0x1fc Core/Src/queue.o
                0x00000000080048c0                xQueueSemaphoreTake
 .text.xQueuePeek
                0x0000000008004abc      0x1c4 Core/Src/queue.o
                0x0000000008004abc                xQueuePeek
 .text.prvGetDisinheritPriorityAfterTimeout
                0x0000000008004c80       0x2e Core/Src/queue.o
 .text.prvCopyDataToQueue
                0x0000000008004cae       0xd4 Core/Src/queue.o
 .text.prvCopyDataFromQueue
                0x0000000008004d82       0x4c Core/Src/queue.o
 .text.prvUnlockQueue
                0x0000000008004dce       0xa4 Core/Src/queue.o
 .text.prvIsQueueEmpty
                0x0000000008004e72       0x2c Core/Src/queue.o
 .text.prvIsQueueFull
                0x0000000008004e9e       0x30 Core/Src/queue.o
 *fill*         0x0000000008004ece        0x2 
 .text.vQueueAddToRegistry
                0x0000000008004ed0       0x9c Core/Src/queue.o
                0x0000000008004ed0                vQueueAddToRegistry
 .text.vQueueWaitForMessageRestricted
                0x0000000008004f6c       0x68 Core/Src/queue.o
                0x0000000008004f6c                vQueueWaitForMessageRestricted
 .text.HAL_MspInit
                0x0000000008004fd4       0x64 Core/Src/stm32f1xx_hal_msp.o
                0x0000000008004fd4                HAL_MspInit
 .text.HAL_I2C_MspInit
                0x0000000008005038       0x80 Core/Src/stm32f1xx_hal_msp.o
                0x0000000008005038                HAL_I2C_MspInit
 .text.HAL_TIM_PWM_MspInit
                0x00000000080050b8       0x3c Core/Src/stm32f1xx_hal_msp.o
                0x00000000080050b8                HAL_TIM_PWM_MspInit
 .text.HAL_TIM_MspPostInit
                0x00000000080050f4       0x68 Core/Src/stm32f1xx_hal_msp.o
                0x00000000080050f4                HAL_TIM_MspPostInit
 .text.HAL_UART_MspInit
                0x000000000800515c       0xa4 Core/Src/stm32f1xx_hal_msp.o
                0x000000000800515c                HAL_UART_MspInit
 .text.HAL_InitTick
                0x0000000008005200       0xb0 Core/Src/stm32f1xx_hal_timebase_tim.o
                0x0000000008005200                HAL_InitTick
 .text.NMI_Handler
                0x00000000080052b0        0x6 Core/Src/stm32f1xx_it.o
                0x00000000080052b0                NMI_Handler
 .text.HardFault_Handler
                0x00000000080052b6        0x6 Core/Src/stm32f1xx_it.o
                0x00000000080052b6                HardFault_Handler
 .text.MemManage_Handler
                0x00000000080052bc        0x6 Core/Src/stm32f1xx_it.o
                0x00000000080052bc                MemManage_Handler
 .text.BusFault_Handler
                0x00000000080052c2        0x6 Core/Src/stm32f1xx_it.o
                0x00000000080052c2                BusFault_Handler
 .text.UsageFault_Handler
                0x00000000080052c8        0x6 Core/Src/stm32f1xx_it.o
                0x00000000080052c8                UsageFault_Handler
 .text.DebugMon_Handler
                0x00000000080052ce        0xc Core/Src/stm32f1xx_it.o
                0x00000000080052ce                DebugMon_Handler
 *fill*         0x00000000080052da        0x2 
 .text.TIM2_IRQHandler
                0x00000000080052dc       0x14 Core/Src/stm32f1xx_it.o
                0x00000000080052dc                TIM2_IRQHandler
 .text.USART2_IRQHandler
                0x00000000080052f0       0x14 Core/Src/stm32f1xx_it.o
                0x00000000080052f0                USART2_IRQHandler
 .text._getpid  0x0000000008005304        0xe Core/Src/syscalls.o
                0x0000000008005304                _getpid
 .text._kill    0x0000000008005312       0x20 Core/Src/syscalls.o
                0x0000000008005312                _kill
 .text._exit    0x0000000008005332       0x14 Core/Src/syscalls.o
                0x0000000008005332                _exit
 .text._read    0x0000000008005346       0x3a Core/Src/syscalls.o
                0x0000000008005346                _read
 .text._write   0x0000000008005380       0x38 Core/Src/syscalls.o
                0x0000000008005380                _write
 .text._close   0x00000000080053b8       0x16 Core/Src/syscalls.o
                0x00000000080053b8                _close
 .text._fstat   0x00000000080053ce       0x1e Core/Src/syscalls.o
                0x00000000080053ce                _fstat
 .text._isatty  0x00000000080053ec       0x14 Core/Src/syscalls.o
                0x00000000080053ec                _isatty
 .text._lseek   0x0000000008005400       0x18 Core/Src/syscalls.o
                0x0000000008005400                _lseek
 .text._sbrk    0x0000000008005418       0x6c Core/Src/sysmem.o
                0x0000000008005418                _sbrk
 .text.SystemInit
                0x0000000008005484        0xc Core/Src/system_stm32f1xx.o
                0x0000000008005484                SystemInit
 .text.xTaskCreate
                0x0000000008005490       0x8a Core/Src/tasks.o
                0x0000000008005490                xTaskCreate
 .text.prvInitialiseNewTask
                0x000000000800551a      0x11c Core/Src/tasks.o
 *fill*         0x0000000008005636        0x2 
 .text.prvAddNewTaskToReadyList
                0x0000000008005638      0x130 Core/Src/tasks.o
 .text.vTaskDelay
                0x0000000008005768       0x68 Core/Src/tasks.o
                0x0000000008005768                vTaskDelay
 .text.vTaskSuspend
                0x00000000080057d0      0x104 Core/Src/tasks.o
                0x00000000080057d0                vTaskSuspend
 .text.prvTaskIsTaskSuspended
                0x00000000080058d4       0x60 Core/Src/tasks.o
 .text.vTaskResume
                0x0000000008005934      0x10c Core/Src/tasks.o
                0x0000000008005934                vTaskResume
 .text.vTaskStartScheduler
                0x0000000008005a40       0xa4 Core/Src/tasks.o
                0x0000000008005a40                vTaskStartScheduler
 .text.vTaskSuspendAll
                0x0000000008005ae4       0x1c Core/Src/tasks.o
                0x0000000008005ae4                vTaskSuspendAll
 .text.prvGetExpectedIdleTime
                0x0000000008005b00       0x6c Core/Src/tasks.o
 .text.xTaskResumeAll
                0x0000000008005b6c      0x1f8 Core/Src/tasks.o
                0x0000000008005b6c                xTaskResumeAll
 .text.xTaskGetTickCount
                0x0000000008005d64       0x1c Core/Src/tasks.o
                0x0000000008005d64                xTaskGetTickCount
 .text.uxTaskGetNumberOfTasks
                0x0000000008005d80       0x14 Core/Src/tasks.o
                0x0000000008005d80                uxTaskGetNumberOfTasks
 .text.vTaskStepTick
                0x0000000008005d94       0xb4 Core/Src/tasks.o
                0x0000000008005d94                vTaskStepTick
 .text.xTaskIncrementTick
                0x0000000008005e48      0x230 Core/Src/tasks.o
                0x0000000008005e48                xTaskIncrementTick
 .text.vTaskSwitchContext
                0x0000000008006078       0xb8 Core/Src/tasks.o
                0x0000000008006078                vTaskSwitchContext
 .text.vTaskPlaceOnEventList
                0x0000000008006130       0x48 Core/Src/tasks.o
                0x0000000008006130                vTaskPlaceOnEventList
 .text.vTaskPlaceOnEventListRestricted
                0x0000000008006178       0x8c Core/Src/tasks.o
                0x0000000008006178                vTaskPlaceOnEventListRestricted
 .text.xTaskRemoveFromEventList
                0x0000000008006204      0x1b0 Core/Src/tasks.o
                0x0000000008006204                xTaskRemoveFromEventList
 .text.vTaskInternalSetTimeOutState
                0x00000000080063b4       0x2c Core/Src/tasks.o
                0x00000000080063b4                vTaskInternalSetTimeOutState
 .text.xTaskCheckForTimeOut
                0x00000000080063e0       0xcc Core/Src/tasks.o
                0x00000000080063e0                xTaskCheckForTimeOut
 .text.vTaskMissedYield
                0x00000000080064ac       0x18 Core/Src/tasks.o
                0x00000000080064ac                vTaskMissedYield
 .text.prvIdleTask
                0x00000000080064c4       0x80 Core/Src/tasks.o
 .text.eTaskConfirmSleepModeStatus
                0x0000000008006544       0x6c Core/Src/tasks.o
                0x0000000008006544                eTaskConfirmSleepModeStatus
 .text.prvInitialiseTaskLists
                0x00000000080065b0       0x80 Core/Src/tasks.o
 .text.prvCheckTasksWaitingTermination
                0x0000000008006630       0x5c Core/Src/tasks.o
 .text.prvDeleteTCB
                0x000000000800668c       0x20 Core/Src/tasks.o
 .text.prvResetNextTaskUnblockTime
                0x00000000080066ac       0x34 Core/Src/tasks.o
 .text.xTaskGetSchedulerState
                0x00000000080066e0       0x3c Core/Src/tasks.o
                0x00000000080066e0                xTaskGetSchedulerState
 .text.xTaskPriorityInherit
                0x000000000800671c      0x120 Core/Src/tasks.o
                0x000000000800671c                xTaskPriorityInherit
 .text.xTaskPriorityDisinherit
                0x000000000800683c      0x12c Core/Src/tasks.o
                0x000000000800683c                xTaskPriorityDisinherit
 .text.vTaskPriorityDisinheritAfterTimeout
                0x0000000008006968      0x154 Core/Src/tasks.o
                0x0000000008006968                vTaskPriorityDisinheritAfterTimeout
 .text.pvTaskIncrementMutexHeldCount
                0x0000000008006abc       0x28 Core/Src/tasks.o
                0x0000000008006abc                pvTaskIncrementMutexHeldCount
 .text.prvAddCurrentTaskToDelayedList
                0x0000000008006ae4       0xdc Core/Src/tasks.o
 .text.xTimerCreateTimerTask
                0x0000000008006bc0       0x64 Core/Src/timers.o
                0x0000000008006bc0                xTimerCreateTimerTask
 .text.prvReloadTimer
                0x0000000008006c24       0x42 Core/Src/timers.o
 *fill*         0x0000000008006c66        0x2 
 .text.prvProcessExpiredTimer
                0x0000000008006c68       0x60 Core/Src/timers.o
 .text.prvTimerTask
                0x0000000008006cc8       0x24 Core/Src/timers.o
 .text.prvProcessTimerOrBlockTask
                0x0000000008006cec       0x9c Core/Src/timers.o
 .text.prvGetNextExpireTime
                0x0000000008006d88       0x44 Core/Src/timers.o
 .text.prvSampleTimeNow
                0x0000000008006dcc       0x40 Core/Src/timers.o
 .text.prvInsertTimerInActiveList
                0x0000000008006e0c       0x84 Core/Src/timers.o
 .text.prvProcessReceivedCommands
                0x0000000008006e90      0x17c Core/Src/timers.o
 .text.prvSwitchTimerLists
                0x000000000800700c       0x4c Core/Src/timers.o
 .text.prvCheckForValidListAndQueue
                0x0000000008007058       0x6c Core/Src/timers.o
 .text.Reset_Handler
                0x00000000080070c4       0x48 Core/Startup/startup_stm32f103c8tx.o
                0x00000000080070c4                Reset_Handler
 .text.Default_Handler
                0x000000000800710c        0x2 Core/Startup/startup_stm32f103c8tx.o
                0x000000000800710c                RTC_Alarm_IRQHandler
                0x000000000800710c                EXTI2_IRQHandler
                0x000000000800710c                TIM1_CC_IRQHandler
                0x000000000800710c                PVD_IRQHandler
                0x000000000800710c                EXTI0_IRQHandler
                0x000000000800710c                I2C2_EV_IRQHandler
                0x000000000800710c                ADC1_2_IRQHandler
                0x000000000800710c                SPI1_IRQHandler
                0x000000000800710c                TAMPER_IRQHandler
                0x000000000800710c                DMA1_Channel4_IRQHandler
                0x000000000800710c                USART3_IRQHandler
                0x000000000800710c                RTC_IRQHandler
                0x000000000800710c                DMA1_Channel7_IRQHandler
                0x000000000800710c                CAN1_RX1_IRQHandler
                0x000000000800710c                TIM4_IRQHandler
                0x000000000800710c                I2C1_EV_IRQHandler
                0x000000000800710c                DMA1_Channel6_IRQHandler
                0x000000000800710c                TIM3_IRQHandler
                0x000000000800710c                RCC_IRQHandler
                0x000000000800710c                TIM1_TRG_COM_IRQHandler
                0x000000000800710c                DMA1_Channel1_IRQHandler
                0x000000000800710c                Default_Handler
                0x000000000800710c                SPI2_IRQHandler
                0x000000000800710c                DMA1_Channel5_IRQHandler
                0x000000000800710c                USB_LP_CAN1_RX0_IRQHandler
                0x000000000800710c                USB_HP_CAN1_TX_IRQHandler
                0x000000000800710c                DMA1_Channel3_IRQHandler
                0x000000000800710c                TIM1_UP_IRQHandler
                0x000000000800710c                WWDG_IRQHandler
                0x000000000800710c                TIM1_BRK_IRQHandler
                0x000000000800710c                EXTI1_IRQHandler
                0x000000000800710c                I2C2_ER_IRQHandler
                0x000000000800710c                DMA1_Channel2_IRQHandler
                0x000000000800710c                CAN1_SCE_IRQHandler
                0x000000000800710c                FLASH_IRQHandler
                0x000000000800710c                USART1_IRQHandler
                0x000000000800710c                I2C1_ER_IRQHandler
                0x000000000800710c                USBWakeUp_IRQHandler
 *fill*         0x000000000800710e        0x2 
 .text.HAL_Init
                0x0000000008007110       0x2c Drivers/STM32F1xx_HAL_Driver/Src/stm32f1xx_hal.o
                0x0000000008007110                HAL_Init
 .text.HAL_IncTick
                0x000000000800713c       0x24 Drivers/STM32F1xx_HAL_Driver/Src/stm32f1xx_hal.o
                0x000000000800713c                HAL_IncTick
 .text.HAL_GetTick
                0x0000000008007160       0x14 Drivers/STM32F1xx_HAL_Driver/Src/stm32f1xx_hal.o
                0x0000000008007160                HAL_GetTick
 .text.__NVIC_SetPriorityGrouping
                0x0000000008007174       0x48 Drivers/STM32F1xx_HAL_Driver/Src/stm32f1xx_hal_cortex.o
 .text.__NVIC_GetPriorityGrouping
                0x00000000080071bc       0x1c Drivers/STM32F1xx_HAL_Driver/Src/stm32f1xx_hal_cortex.o
 .text.__NVIC_EnableIRQ
                0x00000000080071d8       0x38 Drivers/STM32F1xx_HAL_Driver/Src/stm32f1xx_hal_cortex.o
 .text.__NVIC_SetPriority
                0x0000000008007210       0x54 Drivers/STM32F1xx_HAL_Driver/Src/stm32f1xx_hal_cortex.o
 .text.NVIC_EncodePriority
                0x0000000008007264       0x64 Drivers/STM32F1xx_HAL_Driver/Src/stm32f1xx_hal_cortex.o
 .text.HAL_NVIC_SetPriorityGrouping
                0x00000000080072c8       0x16 Drivers/STM32F1xx_HAL_Driver/Src/stm32f1xx_hal_cortex.o
                0x00000000080072c8                HAL_NVIC_SetPriorityGrouping
 .text.HAL_NVIC_SetPriority
                0x00000000080072de       0x38 Drivers/STM32F1xx_HAL_Driver/Src/stm32f1xx_hal_cortex.o
                0x00000000080072de                HAL_NVIC_SetPriority
 .text.HAL_NVIC_EnableIRQ
                0x0000000008007316       0x1c Drivers/STM32F1xx_HAL_Driver/Src/stm32f1xx_hal_cortex.o
                0x0000000008007316                HAL_NVIC_EnableIRQ
 .text.HAL_DMA_Abort
                0x0000000008007332       0x76 Drivers/STM32F1xx_HAL_Driver/Src/stm32f1xx_hal_dma.o
                0x0000000008007332                HAL_DMA_Abort
 .text.HAL_DMA_Abort_IT
                0x00000000080073a8       0xf0 Drivers/STM32F1xx_HAL_Driver/Src/stm32f1xx_hal_dma.o
                0x00000000080073a8                HAL_DMA_Abort_IT
 .text.HAL_FLASH_Program
                0x0000000008007498       0xe0 Drivers/STM32F1xx_HAL_Driver/Src/stm32f1xx_hal_flash.o
                0x0000000008007498                HAL_FLASH_Program
 .text.HAL_FLASH_Unlock
                0x0000000008007578       0x4c Drivers/STM32F1xx_HAL_Driver/Src/stm32f1xx_hal_flash.o
                0x0000000008007578                HAL_FLASH_Unlock
 .text.HAL_FLASH_Lock
                0x00000000080075c4       0x20 Drivers/STM32F1xx_HAL_Driver/Src/stm32f1xx_hal_flash.o
                0x00000000080075c4                HAL_FLASH_Lock
 .text.FLASH_Program_HalfWord
                0x00000000080075e4       0x38 Drivers/STM32F1xx_HAL_Driver/Src/stm32f1xx_hal_flash.o
 .text.FLASH_WaitForLastOperation
                0x000000000800761c       0x8c Drivers/STM32F1xx_HAL_Driver/Src/stm32f1xx_hal_flash.o
                0x000000000800761c                FLASH_WaitForLastOperation
 .text.FLASH_SetErrorCode
                0x00000000080076a8       0xa0 Drivers/STM32F1xx_HAL_Driver/Src/stm32f1xx_hal_flash.o
 .text.HAL_FLASHEx_Erase
                0x0000000008007748       0xd8 Drivers/STM32F1xx_HAL_Driver/Src/stm32f1xx_hal_flash_ex.o
                0x0000000008007748                HAL_FLASHEx_Erase
 .text.FLASH_MassErase
                0x0000000008007820       0x38 Drivers/STM32F1xx_HAL_Driver/Src/stm32f1xx_hal_flash_ex.o
 .text.FLASH_PageErase
                0x0000000008007858       0x40 Drivers/STM32F1xx_HAL_Driver/Src/stm32f1xx_hal_flash_ex.o
                0x0000000008007858                FLASH_PageErase
 .text.HAL_GPIO_Init
                0x0000000008007898      0x308 Drivers/STM32F1xx_HAL_Driver/Src/stm32f1xx_hal_gpio.o
                0x0000000008007898                HAL_GPIO_Init
 .text.HAL_GPIO_ReadPin
                0x0000000008007ba0       0x2e Drivers/STM32F1xx_HAL_Driver/Src/stm32f1xx_hal_gpio.o
                0x0000000008007ba0                HAL_GPIO_ReadPin
 .text.HAL_GPIO_WritePin
                0x0000000008007bce       0x30 Drivers/STM32F1xx_HAL_Driver/Src/stm32f1xx_hal_gpio.o
                0x0000000008007bce                HAL_GPIO_WritePin
 *fill*         0x0000000008007bfe        0x2 
 .text.HAL_GPIO_EXTI_IRQHandler
                0x0000000008007c00       0x30 Drivers/STM32F1xx_HAL_Driver/Src/stm32f1xx_hal_gpio.o
                0x0000000008007c00                HAL_GPIO_EXTI_IRQHandler
 .text.HAL_GPIO_EXTI_Callback
                0x0000000008007c30       0x14 Drivers/STM32F1xx_HAL_Driver/Src/stm32f1xx_hal_gpio.o
                0x0000000008007c30                HAL_GPIO_EXTI_Callback
 .text.HAL_I2C_Init
                0x0000000008007c44      0x288 Drivers/STM32F1xx_HAL_Driver/Src/stm32f1xx_hal_i2c.o
                0x0000000008007c44                HAL_I2C_Init
 .text.HAL_I2C_Master_Transmit
                0x0000000008007ecc      0x1fc Drivers/STM32F1xx_HAL_Driver/Src/stm32f1xx_hal_i2c.o
                0x0000000008007ecc                HAL_I2C_Master_Transmit
 .text.HAL_I2C_Master_Receive
                0x00000000080080c8      0x4d8 Drivers/STM32F1xx_HAL_Driver/Src/stm32f1xx_hal_i2c.o
                0x00000000080080c8                HAL_I2C_Master_Receive
 .text.I2C_MasterRequestWrite
                0x00000000080085a0      0x104 Drivers/STM32F1xx_HAL_Driver/Src/stm32f1xx_hal_i2c.o
 .text.I2C_MasterRequestRead
                0x00000000080086a4      0x19c Drivers/STM32F1xx_HAL_Driver/Src/stm32f1xx_hal_i2c.o
 .text.I2C_WaitOnFlagUntilTimeout
                0x0000000008008840       0xf4 Drivers/STM32F1xx_HAL_Driver/Src/stm32f1xx_hal_i2c.o
 .text.I2C_WaitOnMasterAddressFlagUntilTimeout
                0x0000000008008934      0x140 Drivers/STM32F1xx_HAL_Driver/Src/stm32f1xx_hal_i2c.o
 .text.I2C_WaitOnTXEFlagUntilTimeout
                0x0000000008008a74       0x90 Drivers/STM32F1xx_HAL_Driver/Src/stm32f1xx_hal_i2c.o
 .text.I2C_WaitOnBTFFlagUntilTimeout
                0x0000000008008b04       0x90 Drivers/STM32F1xx_HAL_Driver/Src/stm32f1xx_hal_i2c.o
 .text.I2C_WaitOnRXNEFlagUntilTimeout
                0x0000000008008b94       0xba Drivers/STM32F1xx_HAL_Driver/Src/stm32f1xx_hal_i2c.o
 .text.I2C_IsAcknowledgeFailed
                0x0000000008008c4e       0x5c Drivers/STM32F1xx_HAL_Driver/Src/stm32f1xx_hal_i2c.o
 *fill*         0x0000000008008caa        0x2 
 .text.HAL_RCC_OscConfig
                0x0000000008008cac      0x500 Drivers/STM32F1xx_HAL_Driver/Src/stm32f1xx_hal_rcc.o
                0x0000000008008cac                HAL_RCC_OscConfig
 .text.HAL_RCC_ClockConfig
                0x00000000080091ac      0x1d4 Drivers/STM32F1xx_HAL_Driver/Src/stm32f1xx_hal_rcc.o
                0x00000000080091ac                HAL_RCC_ClockConfig
 .text.HAL_RCC_GetSysClockFreq
                0x0000000008009380       0xa8 Drivers/STM32F1xx_HAL_Driver/Src/stm32f1xx_hal_rcc.o
                0x0000000008009380                HAL_RCC_GetSysClockFreq
 .text.HAL_RCC_GetHCLKFreq
                0x0000000008009428       0x14 Drivers/STM32F1xx_HAL_Driver/Src/stm32f1xx_hal_rcc.o
                0x0000000008009428                HAL_RCC_GetHCLKFreq
 .text.HAL_RCC_GetPCLK1Freq
                0x000000000800943c       0x28 Drivers/STM32F1xx_HAL_Driver/Src/stm32f1xx_hal_rcc.o
                0x000000000800943c                HAL_RCC_GetPCLK1Freq
 .text.HAL_RCC_GetPCLK2Freq
                0x0000000008009464       0x28 Drivers/STM32F1xx_HAL_Driver/Src/stm32f1xx_hal_rcc.o
                0x0000000008009464                HAL_RCC_GetPCLK2Freq
 .text.HAL_RCC_GetClockConfig
                0x000000000800948c       0x60 Drivers/STM32F1xx_HAL_Driver/Src/stm32f1xx_hal_rcc.o
                0x000000000800948c                HAL_RCC_GetClockConfig
 .text.RCC_Delay
                0x00000000080094ec       0x3c Drivers/STM32F1xx_HAL_Driver/Src/stm32f1xx_hal_rcc.o
 .text.HAL_TIM_Base_Init
                0x0000000008009528       0x9e Drivers/STM32F1xx_HAL_Driver/Src/stm32f1xx_hal_tim.o
                0x0000000008009528                HAL_TIM_Base_Init
 .text.HAL_TIM_Base_MspInit
                0x00000000080095c6       0x12 Drivers/STM32F1xx_HAL_Driver/Src/stm32f1xx_hal_tim.o
                0x00000000080095c6                HAL_TIM_Base_MspInit
 .text.HAL_TIM_Base_Start_IT
                0x00000000080095d8       0xa4 Drivers/STM32F1xx_HAL_Driver/Src/stm32f1xx_hal_tim.o
                0x00000000080095d8                HAL_TIM_Base_Start_IT
 .text.HAL_TIM_PWM_Init
                0x000000000800967c       0x9e Drivers/STM32F1xx_HAL_Driver/Src/stm32f1xx_hal_tim.o
                0x000000000800967c                HAL_TIM_PWM_Init
 *fill*         0x000000000800971a        0x2 
 .text.HAL_TIM_PWM_Start
                0x000000000800971c      0x144 Drivers/STM32F1xx_HAL_Driver/Src/stm32f1xx_hal_tim.o
                0x000000000800971c                HAL_TIM_PWM_Start
 .text.HAL_TIM_IRQHandler
                0x0000000008009860      0x1e0 Drivers/STM32F1xx_HAL_Driver/Src/stm32f1xx_hal_tim.o
                0x0000000008009860                HAL_TIM_IRQHandler
 .text.HAL_TIM_PWM_ConfigChannel
                0x0000000008009a40      0x184 Drivers/STM32F1xx_HAL_Driver/Src/stm32f1xx_hal_tim.o
                0x0000000008009a40                HAL_TIM_PWM_ConfigChannel
 .text.HAL_TIM_OC_DelayElapsedCallback
                0x0000000008009bc4       0x12 Drivers/STM32F1xx_HAL_Driver/Src/stm32f1xx_hal_tim.o
                0x0000000008009bc4                HAL_TIM_OC_DelayElapsedCallback
 .text.HAL_TIM_IC_CaptureCallback
                0x0000000008009bd6       0x12 Drivers/STM32F1xx_HAL_Driver/Src/stm32f1xx_hal_tim.o
                0x0000000008009bd6                HAL_TIM_IC_CaptureCallback
 .text.HAL_TIM_PWM_PulseFinishedCallback
                0x0000000008009be8       0x12 Drivers/STM32F1xx_HAL_Driver/Src/stm32f1xx_hal_tim.o
                0x0000000008009be8                HAL_TIM_PWM_PulseFinishedCallback
 .text.HAL_TIM_TriggerCallback
                0x0000000008009bfa       0x12 Drivers/STM32F1xx_HAL_Driver/Src/stm32f1xx_hal_tim.o
                0x0000000008009bfa                HAL_TIM_TriggerCallback
 .text.TIM_Base_SetConfig
                0x0000000008009c0c       0xdc Drivers/STM32F1xx_HAL_Driver/Src/stm32f1xx_hal_tim.o
                0x0000000008009c0c                TIM_Base_SetConfig
 .text.TIM_OC1_SetConfig
                0x0000000008009ce8       0xcc Drivers/STM32F1xx_HAL_Driver/Src/stm32f1xx_hal_tim.o
 .text.TIM_OC2_SetConfig
                0x0000000008009db4       0xd4 Drivers/STM32F1xx_HAL_Driver/Src/stm32f1xx_hal_tim.o
                0x0000000008009db4                TIM_OC2_SetConfig
 .text.TIM_OC3_SetConfig
                0x0000000008009e88       0xd4 Drivers/STM32F1xx_HAL_Driver/Src/stm32f1xx_hal_tim.o
 .text.TIM_OC4_SetConfig
                0x0000000008009f5c       0x9c Drivers/STM32F1xx_HAL_Driver/Src/stm32f1xx_hal_tim.o
 .text.TIM_CCxChannelCmd
                0x0000000008009ff8       0x48 Drivers/STM32F1xx_HAL_Driver/Src/stm32f1xx_hal_tim.o
                0x0000000008009ff8                TIM_CCxChannelCmd
 .text.HAL_TIMEx_MasterConfigSynchronization
                0x000000000800a040       0xbc Drivers/STM32F1xx_HAL_Driver/Src/stm32f1xx_hal_tim_ex.o
                0x000000000800a040                HAL_TIMEx_MasterConfigSynchronization
 .text.HAL_TIMEx_ConfigBreakDeadTime
                0x000000000800a0fc       0xa2 Drivers/STM32F1xx_HAL_Driver/Src/stm32f1xx_hal_tim_ex.o
                0x000000000800a0fc                HAL_TIMEx_ConfigBreakDeadTime
 .text.HAL_TIMEx_CommutCallback
                0x000000000800a19e       0x12 Drivers/STM32F1xx_HAL_Driver/Src/stm32f1xx_hal_tim_ex.o
                0x000000000800a19e                HAL_TIMEx_CommutCallback
 .text.HAL_TIMEx_BreakCallback
                0x000000000800a1b0       0x12 Drivers/STM32F1xx_HAL_Driver/Src/stm32f1xx_hal_tim_ex.o
                0x000000000800a1b0                HAL_TIMEx_BreakCallback
 .text.HAL_UART_Init
                0x000000000800a1c2       0xa0 Drivers/STM32F1xx_HAL_Driver/Src/stm32f1xx_hal_uart.o
                0x000000000800a1c2                HAL_UART_Init
 .text.HAL_UART_Transmit
                0x000000000800a262      0x116 Drivers/STM32F1xx_HAL_Driver/Src/stm32f1xx_hal_uart.o
                0x000000000800a262                HAL_UART_Transmit
 .text.HAL_UART_Receive_IT
                0x000000000800a378       0x4a Drivers/STM32F1xx_HAL_Driver/Src/stm32f1xx_hal_uart.o
                0x000000000800a378                HAL_UART_Receive_IT
 *fill*         0x000000000800a3c2        0x2 
 .text.HAL_UART_IRQHandler
                0x000000000800a3c4      0x524 Drivers/STM32F1xx_HAL_Driver/Src/stm32f1xx_hal_uart.o
                0x000000000800a3c4                HAL_UART_IRQHandler
 .text.HAL_UART_TxCpltCallback
                0x000000000800a8e8       0x12 Drivers/STM32F1xx_HAL_Driver/Src/stm32f1xx_hal_uart.o
                0x000000000800a8e8                HAL_UART_TxCpltCallback
 .text.HAL_UART_ErrorCallback
                0x000000000800a8fa       0x12 Drivers/STM32F1xx_HAL_Driver/Src/stm32f1xx_hal_uart.o
                0x000000000800a8fa                HAL_UART_ErrorCallback
 .text.HAL_UARTEx_RxEventCallback
                0x000000000800a90c       0x16 Drivers/STM32F1xx_HAL_Driver/Src/stm32f1xx_hal_uart.o
                0x000000000800a90c                HAL_UARTEx_RxEventCallback
 .text.UART_WaitOnFlagUntilTimeout
                0x000000000800a922       0xb2 Drivers/STM32F1xx_HAL_Driver/Src/stm32f1xx_hal_uart.o
 .text.UART_Start_Receive_IT
                0x000000000800a9d4       0x72 Drivers/STM32F1xx_HAL_Driver/Src/stm32f1xx_hal_uart.o
                0x000000000800a9d4                UART_Start_Receive_IT
 .text.UART_EndRxTransfer
                0x000000000800aa46       0xc4 Drivers/STM32F1xx_HAL_Driver/Src/stm32f1xx_hal_uart.o
 .text.UART_DMAAbortOnError
                0x000000000800ab0a       0x28 Drivers/STM32F1xx_HAL_Driver/Src/stm32f1xx_hal_uart.o
 .text.UART_Transmit_IT
                0x000000000800ab32       0x9e Drivers/STM32F1xx_HAL_Driver/Src/stm32f1xx_hal_uart.o
 .text.UART_EndTransmit_IT
                0x000000000800abd0       0x30 Drivers/STM32F1xx_HAL_Driver/Src/stm32f1xx_hal_uart.o
 .text.UART_Receive_IT
                0x000000000800ac00      0x17c Drivers/STM32F1xx_HAL_Driver/Src/stm32f1xx_hal_uart.o
 .text.UART_SetConfig
                0x000000000800ad7c      0x11c Drivers/STM32F1xx_HAL_Driver/Src/stm32f1xx_hal_uart.o
 .text.atof     0x000000000800ae98        0x6 c:/st/stm32cubeide_1.6.1/stm32cubeide/plugins/com.st.stm32cube.ide.mcu.externaltools.gnu-tools-for-stm32.9-2020-q2-update.win32_1.5.0.202011040924/tools/bin/../lib/gcc/arm-none-eabi/9.3.1/../../../../arm-none-eabi/lib/thumb/v7-m/nofp\libc_nano.a(lib_a-atof.o)
                0x000000000800ae98                atof
 .text.atoi     0x000000000800ae9e        0x8 c:/st/stm32cubeide_1.6.1/stm32cubeide/plugins/com.st.stm32cube.ide.mcu.externaltools.gnu-tools-for-stm32.9-2020-q2-update.win32_1.5.0.202011040924/tools/bin/../lib/gcc/arm-none-eabi/9.3.1/../../../../arm-none-eabi/lib/thumb/v7-m/nofp\libc_nano.a(lib_a-atoi.o)
                0x000000000800ae9e                atoi
 *fill*         0x000000000800aea6        0x2 
 .text.__errno  0x000000000800aea8        0xc c:/st/stm32cubeide_1.6.1/stm32cubeide/plugins/com.st.stm32cube.ide.mcu.externaltools.gnu-tools-for-stm32.9-2020-q2-update.win32_1.5.0.202011040924/tools/bin/../lib/gcc/arm-none-eabi/9.3.1/../../../../arm-none-eabi/lib/thumb/v7-m/nofp\libc_nano.a(lib_a-errno.o)
                0x000000000800aea8                __errno
 .text.__libc_init_array
                0x000000000800aeb4       0x48 c:/st/stm32cubeide_1.6.1/stm32cubeide/plugins/com.st.stm32cube.ide.mcu.externaltools.gnu-tools-for-stm32.9-2020-q2-update.win32_1.5.0.202011040924/tools/bin/../lib/gcc/arm-none-eabi/9.3.1/../../../../arm-none-eabi/lib/thumb/v7-m/nofp\libc_nano.a(lib_a-init.o)
                0x000000000800aeb4                __libc_init_array
 .text.malloc   0x000000000800aefc       0x10 c:/st/stm32cubeide_1.6.1/stm32cubeide/plugins/com.st.stm32cube.ide.mcu.externaltools.gnu-tools-for-stm32.9-2020-q2-update.win32_1.5.0.202011040924/tools/bin/../lib/gcc/arm-none-eabi/9.3.1/../../../../arm-none-eabi/lib/thumb/v7-m/nofp\libc_nano.a(lib_a-malloc.o)
                0x000000000800aefc                malloc
 .text.free     0x000000000800af0c       0x10 c:/st/stm32cubeide_1.6.1/stm32cubeide/plugins/com.st.stm32cube.ide.mcu.externaltools.gnu-tools-for-stm32.9-2020-q2-update.win32_1.5.0.202011040924/tools/bin/../lib/gcc/arm-none-eabi/9.3.1/../../../../arm-none-eabi/lib/thumb/v7-m/nofp\libc_nano.a(lib_a-malloc.o)
                0x000000000800af0c                free
 .text.memcpy   0x000000000800af1c       0x1c c:/st/stm32cubeide_1.6.1/stm32cubeide/plugins/com.st.stm32cube.ide.mcu.externaltools.gnu-tools-for-stm32.9-2020-q2-update.win32_1.5.0.202011040924/tools/bin/../lib/gcc/arm-none-eabi/9.3.1/../../../../arm-none-eabi/lib/thumb/v7-m/nofp\libc_nano.a(lib_a-memcpy-stub.o)
                0x000000000800af1c                memcpy
 .text.memset   0x000000000800af38       0x10 c:/st/stm32cubeide_1.6.1/stm32cubeide/plugins/com.st.stm32cube.ide.mcu.externaltools.gnu-tools-for-stm32.9-2020-q2-update.win32_1.5.0.202011040924/tools/bin/../lib/gcc/arm-none-eabi/9.3.1/../../../../arm-none-eabi/lib/thumb/v7-m/nofp\libc_nano.a(lib_a-memset.o)
                0x000000000800af38                memset
 .text._free_r  0x000000000800af48       0x98 c:/st/stm32cubeide_1.6.1/stm32cubeide/plugins/com.st.stm32cube.ide.mcu.externaltools.gnu-tools-for-stm32.9-2020-q2-update.win32_1.5.0.202011040924/tools/bin/../lib/gcc/arm-none-eabi/9.3.1/../../../../arm-none-eabi/lib/thumb/v7-m/nofp\libc_nano.a(lib_a-nano-freer.o)
                0x000000000800af48                _free_r
 .text._malloc_r
                0x000000000800afe0       0xb4 c:/st/stm32cubeide_1.6.1/stm32cubeide/plugins/com.st.stm32cube.ide.mcu.externaltools.gnu-tools-for-stm32.9-2020-q2-update.win32_1.5.0.202011040924/tools/bin/../lib/gcc/arm-none-eabi/9.3.1/../../../../arm-none-eabi/lib/thumb/v7-m/nofp\libc_nano.a(lib_a-nano-mallocr.o)
                0x000000000800afe0                _malloc_r
 .text.__cvt    0x000000000800b094       0xbe c:/st/stm32cubeide_1.6.1/stm32cubeide/plugins/com.st.stm32cube.ide.mcu.externaltools.gnu-tools-for-stm32.9-2020-q2-update.win32_1.5.0.202011040924/tools/bin/../lib/gcc/arm-none-eabi/9.3.1/../../../../arm-none-eabi/lib/thumb/v7-m/nofp\libc_nano.a(lib_a-nano-vfprintf_float.o)
                0x000000000800b094                __cvt
 .text.__exponent
                0x000000000800b152       0x7c c:/st/stm32cubeide_1.6.1/stm32cubeide/plugins/com.st.stm32cube.ide.mcu.externaltools.gnu-tools-for-stm32.9-2020-q2-update.win32_1.5.0.202011040924/tools/bin/../lib/gcc/arm-none-eabi/9.3.1/../../../../arm-none-eabi/lib/thumb/v7-m/nofp\libc_nano.a(lib_a-nano-vfprintf_float.o)
                0x000000000800b152                __exponent
 *fill*         0x000000000800b1ce        0x2 
 .text._printf_float
                0x000000000800b1d0      0x458 c:/st/stm32cubeide_1.6.1/stm32cubeide/plugins/com.st.stm32cube.ide.mcu.externaltools.gnu-tools-for-stm32.9-2020-q2-update.win32_1.5.0.202011040924/tools/bin/../lib/gcc/arm-none-eabi/9.3.1/../../../../arm-none-eabi/lib/thumb/v7-m/nofp\libc_nano.a(lib_a-nano-vfprintf_float.o)
                0x000000000800b1d0                _printf_float
 .text._printf_common
                0x000000000800b628       0xde c:/st/stm32cubeide_1.6.1/stm32cubeide/plugins/com.st.stm32cube.ide.mcu.externaltools.gnu-tools-for-stm32.9-2020-q2-update.win32_1.5.0.202011040924/tools/bin/../lib/gcc/arm-none-eabi/9.3.1/../../../../arm-none-eabi/lib/thumb/v7-m/nofp\libc_nano.a(lib_a-nano-vfprintf_i.o)
                0x000000000800b628                _printf_common
 *fill*         0x000000000800b706        0x2 
 .text._printf_i
                0x000000000800b708      0x24c c:/st/stm32cubeide_1.6.1/stm32cubeide/plugins/com.st.stm32cube.ide.mcu.externaltools.gnu-tools-for-stm32.9-2020-q2-update.win32_1.5.0.202011040924/tools/bin/../lib/gcc/arm-none-eabi/9.3.1/../../../../arm-none-eabi/lib/thumb/v7-m/nofp\libc_nano.a(lib_a-nano-vfprintf_i.o)
                0x000000000800b708                _printf_i
 .text._sbrk_r  0x000000000800b954       0x20 c:/st/stm32cubeide_1.6.1/stm32cubeide/plugins/com.st.stm32cube.ide.mcu.externaltools.gnu-tools-for-stm32.9-2020-q2-update.win32_1.5.0.202011040924/tools/bin/../lib/gcc/arm-none-eabi/9.3.1/../../../../arm-none-eabi/lib/thumb/v7-m/nofp\libc_nano.a(lib_a-sbrkr.o)
                0x000000000800b954                _sbrk_r
 .text.snprintf
                0x000000000800b974       0x68 c:/st/stm32cubeide_1.6.1/stm32cubeide/plugins/com.st.stm32cube.ide.mcu.externaltools.gnu-tools-for-stm32.9-2020-q2-update.win32_1.5.0.202011040924/tools/bin/../lib/gcc/arm-none-eabi/9.3.1/../../../../arm-none-eabi/lib/thumb/v7-m/nofp\libc_nano.a(lib_a-snprintf.o)
                0x000000000800b974                sniprintf
                0x000000000800b974                snprintf
 .text.sprintf  0x000000000800b9dc       0x40 c:/st/stm32cubeide_1.6.1/stm32cubeide/plugins/com.st.stm32cube.ide.mcu.externaltools.gnu-tools-for-stm32.9-2020-q2-update.win32_1.5.0.202011040924/tools/bin/../lib/gcc/arm-none-eabi/9.3.1/../../../../arm-none-eabi/lib/thumb/v7-m/nofp\libc_nano.a(lib_a-sprintf.o)
                0x000000000800b9dc                siprintf
                0x000000000800b9dc                sprintf
 .text.strcspn  0x000000000800ba1c       0x22 c:/st/stm32cubeide_1.6.1/stm32cubeide/plugins/com.st.stm32cube.ide.mcu.externaltools.gnu-tools-for-stm32.9-2020-q2-update.win32_1.5.0.202011040924/tools/bin/../lib/gcc/arm-none-eabi/9.3.1/../../../../arm-none-eabi/lib/thumb/v7-m/nofp\libc_nano.a(lib_a-strcspn.o)
                0x000000000800ba1c                strcspn
 .text.strncmp  0x000000000800ba3e       0x24 c:/st/stm32cubeide_1.6.1/stm32cubeide/plugins/com.st.stm32cube.ide.mcu.externaltools.gnu-tools-for-stm32.9-2020-q2-update.win32_1.5.0.202011040924/tools/bin/../lib/gcc/arm-none-eabi/9.3.1/../../../../arm-none-eabi/lib/thumb/v7-m/nofp\libc_nano.a(lib_a-strncmp.o)
                0x000000000800ba3e                strncmp
 .text.sulp     0x000000000800ba62       0x42 c:/st/stm32cubeide_1.6.1/stm32cubeide/plugins/com.st.stm32cube.ide.mcu.externaltools.gnu-tools-for-stm32.9-2020-q2-update.win32_1.5.0.202011040924/tools/bin/../lib/gcc/arm-none-eabi/9.3.1/../../../../arm-none-eabi/lib/thumb/v7-m/nofp\libc_nano.a(lib_a-strtod.o)
 *fill*         0x000000000800baa4        0x4 
 .text._strtod_l
                0x000000000800baa8      0xbe8 c:/st/stm32cubeide_1.6.1/stm32cubeide/plugins/com.st.stm32cube.ide.mcu.externaltools.gnu-tools-for-stm32.9-2020-q2-update.win32_1.5.0.202011040924/tools/bin/../lib/gcc/arm-none-eabi/9.3.1/../../../../arm-none-eabi/lib/thumb/v7-m/nofp\libc_nano.a(lib_a-strtod.o)
                0x000000000800baa8                _strtod_l
 .text.strtod   0x000000000800c690       0x18 c:/st/stm32cubeide_1.6.1/stm32cubeide/plugins/com.st.stm32cube.ide.mcu.externaltools.gnu-tools-for-stm32.9-2020-q2-update.win32_1.5.0.202011040924/tools/bin/../lib/gcc/arm-none-eabi/9.3.1/../../../../arm-none-eabi/lib/thumb/v7-m/nofp\libc_nano.a(lib_a-strtod.o)
                0x000000000800c690                strtod
 .text._strtol_l.isra.0
                0x000000000800c6a8      0x10c c:/st/stm32cubeide_1.6.1/stm32cubeide/plugins/com.st.stm32cube.ide.mcu.externaltools.gnu-tools-for-stm32.9-2020-q2-update.win32_1.5.0.202011040924/tools/bin/../lib/gcc/arm-none-eabi/9.3.1/../../../../arm-none-eabi/lib/thumb/v7-m/nofp\libc_nano.a(lib_a-strtol.o)
 .text.strtol   0x000000000800c7b4       0x14 c:/st/stm32cubeide_1.6.1/stm32cubeide/plugins/com.st.stm32cube.ide.mcu.externaltools.gnu-tools-for-stm32.9-2020-q2-update.win32_1.5.0.202011040924/tools/bin/../lib/gcc/arm-none-eabi/9.3.1/../../../../arm-none-eabi/lib/thumb/v7-m/nofp\libc_nano.a(lib_a-strtol.o)
                0x000000000800c7b4                strtol
 .text.quorem   0x000000000800c7c8      0x11a c:/st/stm32cubeide_1.6.1/stm32cubeide/plugins/com.st.stm32cube.ide.mcu.externaltools.gnu-tools-for-stm32.9-2020-q2-update.win32_1.5.0.202011040924/tools/bin/../lib/gcc/arm-none-eabi/9.3.1/../../../../arm-none-eabi/lib/thumb/v7-m/nofp\libc_nano.a(lib_a-dtoa.o)
 *fill*         0x000000000800c8e2        0x6 
 .text._dtoa_r  0x000000000800c8e8      0xbdc c:/st/stm32cubeide_1.6.1/stm32cubeide/plugins/com.st.stm32cube.ide.mcu.externaltools.gnu-tools-for-stm32.9-2020-q2-update.win32_1.5.0.202011040924/tools/bin/../lib/gcc/arm-none-eabi/9.3.1/../../../../arm-none-eabi/lib/thumb/v7-m/nofp\libc_nano.a(lib_a-dtoa.o)
                0x000000000800c8e8                _dtoa_r
 .text.rshift   0x000000000800d4c4       0xa6 c:/st/stm32cubeide_1.6.1/stm32cubeide/plugins/com.st.stm32cube.ide.mcu.externaltools.gnu-tools-for-stm32.9-2020-q2-update.win32_1.5.0.202011040924/tools/bin/../lib/gcc/arm-none-eabi/9.3.1/../../../../arm-none-eabi/lib/thumb/v7-m/nofp\libc_nano.a(lib_a-gdtoa-gethex.o)
 .text.__hexdig_fun
                0x000000000800d56a       0x2a c:/st/stm32cubeide_1.6.1/stm32cubeide/plugins/com.st.stm32cube.ide.mcu.externaltools.gnu-tools-for-stm32.9-2020-q2-update.win32_1.5.0.202011040924/tools/bin/../lib/gcc/arm-none-eabi/9.3.1/../../../../arm-none-eabi/lib/thumb/v7-m/nofp\libc_nano.a(lib_a-gdtoa-gethex.o)
                0x000000000800d56a                __hexdig_fun
 .text.__gethex
                0x000000000800d594      0x478 c:/st/stm32cubeide_1.6.1/stm32cubeide/plugins/com.st.stm32cube.ide.mcu.externaltools.gnu-tools-for-stm32.9-2020-q2-update.win32_1.5.0.202011040924/tools/bin/../lib/gcc/arm-none-eabi/9.3.1/../../../../arm-none-eabi/lib/thumb/v7-m/nofp\libc_nano.a(lib_a-gdtoa-gethex.o)
                0x000000000800d594                __gethex
 .text.L_shift  0x000000000800da0c       0x24 c:/st/stm32cubeide_1.6.1/stm32cubeide/plugins/com.st.stm32cube.ide.mcu.externaltools.gnu-tools-for-stm32.9-2020-q2-update.win32_1.5.0.202011040924/tools/bin/../lib/gcc/arm-none-eabi/9.3.1/../../../../arm-none-eabi/lib/thumb/v7-m/nofp\libc_nano.a(lib_a-gdtoa-hexnan.o)
 .text.__match  0x000000000800da30       0x28 c:/st/stm32cubeide_1.6.1/stm32cubeide/plugins/com.st.stm32cube.ide.mcu.externaltools.gnu-tools-for-stm32.9-2020-q2-update.win32_1.5.0.202011040924/tools/bin/../lib/gcc/arm-none-eabi/9.3.1/../../../../arm-none-eabi/lib/thumb/v7-m/nofp\libc_nano.a(lib_a-gdtoa-hexnan.o)
                0x000000000800da30                __match
 .text.__hexnan
                0x000000000800da58      0x138 c:/st/stm32cubeide_1.6.1/stm32cubeide/plugins/com.st.stm32cube.ide.mcu.externaltools.gnu-tools-for-stm32.9-2020-q2-update.win32_1.5.0.202011040924/tools/bin/../lib/gcc/arm-none-eabi/9.3.1/../../../../arm-none-eabi/lib/thumb/v7-m/nofp\libc_nano.a(lib_a-gdtoa-hexnan.o)
                0x000000000800da58                __hexnan
 .text._localeconv_r
                0x000000000800db90        0x8 c:/st/stm32cubeide_1.6.1/stm32cubeide/plugins/com.st.stm32cube.ide.mcu.externaltools.gnu-tools-for-stm32.9-2020-q2-update.win32_1.5.0.202011040924/tools/bin/../lib/gcc/arm-none-eabi/9.3.1/../../../../arm-none-eabi/lib/thumb/v7-m/nofp\libc_nano.a(lib_a-localeconv.o)
                0x000000000800db90                _localeconv_r
 .text.__ascii_mbtowc
                0x000000000800db98       0x24 c:/st/stm32cubeide_1.6.1/stm32cubeide/plugins/com.st.stm32cube.ide.mcu.externaltools.gnu-tools-for-stm32.9-2020-q2-update.win32_1.5.0.202011040924/tools/bin/../lib/gcc/arm-none-eabi/9.3.1/../../../../arm-none-eabi/lib/thumb/v7-m/nofp\libc_nano.a(lib_a-mbtowc_r.o)
                0x000000000800db98                __ascii_mbtowc
 .text.memchr   0x000000000800dbbc       0x1c c:/st/stm32cubeide_1.6.1/stm32cubeide/plugins/com.st.stm32cube.ide.mcu.externaltools.gnu-tools-for-stm32.9-2020-q2-update.win32_1.5.0.202011040924/tools/bin/../lib/gcc/arm-none-eabi/9.3.1/../../../../arm-none-eabi/lib/thumb/v7-m/nofp\libc_nano.a(lib_a-memchr-stub.o)
                0x000000000800dbbc                memchr
 .text.__malloc_lock
                0x000000000800dbd8        0xc c:/st/stm32cubeide_1.6.1/stm32cubeide/plugins/com.st.stm32cube.ide.mcu.externaltools.gnu-tools-for-stm32.9-2020-q2-update.win32_1.5.0.202011040924/tools/bin/../lib/gcc/arm-none-eabi/9.3.1/../../../../arm-none-eabi/lib/thumb/v7-m/nofp\libc_nano.a(lib_a-mlock.o)
                0x000000000800dbd8                __malloc_lock
 .text.__malloc_unlock
                0x000000000800dbe4        0xc c:/st/stm32cubeide_1.6.1/stm32cubeide/plugins/com.st.stm32cube.ide.mcu.externaltools.gnu-tools-for-stm32.9-2020-q2-update.win32_1.5.0.202011040924/tools/bin/../lib/gcc/arm-none-eabi/9.3.1/../../../../arm-none-eabi/lib/thumb/v7-m/nofp\libc_nano.a(lib_a-mlock.o)
                0x000000000800dbe4                __malloc_unlock
 .text._Balloc  0x000000000800dbf0       0x80 c:/st/stm32cubeide_1.6.1/stm32cubeide/plugins/com.st.stm32cube.ide.mcu.externaltools.gnu-tools-for-stm32.9-2020-q2-update.win32_1.5.0.202011040924/tools/bin/../lib/gcc/arm-none-eabi/9.3.1/../../../../arm-none-eabi/lib/thumb/v7-m/nofp\libc_nano.a(lib_a-mprec.o)
                0x000000000800dbf0                _Balloc
 .text._Bfree   0x000000000800dc70       0x44 c:/st/stm32cubeide_1.6.1/stm32cubeide/plugins/com.st.stm32cube.ide.mcu.externaltools.gnu-tools-for-stm32.9-2020-q2-update.win32_1.5.0.202011040924/tools/bin/../lib/gcc/arm-none-eabi/9.3.1/../../../../arm-none-eabi/lib/thumb/v7-m/nofp\libc_nano.a(lib_a-mprec.o)
                0x000000000800dc70                _Bfree
 .text.__multadd
                0x000000000800dcb4       0x94 c:/st/stm32cubeide_1.6.1/stm32cubeide/plugins/com.st.stm32cube.ide.mcu.externaltools.gnu-tools-for-stm32.9-2020-q2-update.win32_1.5.0.202011040924/tools/bin/../lib/gcc/arm-none-eabi/9.3.1/../../../../arm-none-eabi/lib/thumb/v7-m/nofp\libc_nano.a(lib_a-mprec.o)
                0x000000000800dcb4                __multadd
 .text.__s2b    0x000000000800dd48       0x94 c:/st/stm32cubeide_1.6.1/stm32cubeide/plugins/com.st.stm32cube.ide.mcu.externaltools.gnu-tools-for-stm32.9-2020-q2-update.win32_1.5.0.202011040924/tools/bin/../lib/gcc/arm-none-eabi/9.3.1/../../../../arm-none-eabi/lib/thumb/v7-m/nofp\libc_nano.a(lib_a-mprec.o)
                0x000000000800dd48                __s2b
 .text.__hi0bits
                0x000000000800dddc       0x40 c:/st/stm32cubeide_1.6.1/stm32cubeide/plugins/com.st.stm32cube.ide.mcu.externaltools.gnu-tools-for-stm32.9-2020-q2-update.win32_1.5.0.202011040924/tools/bin/../lib/gcc/arm-none-eabi/9.3.1/../../../../arm-none-eabi/lib/thumb/v7-m/nofp\libc_nano.a(lib_a-mprec.o)
                0x000000000800dddc                __hi0bits
 .text.__lo0bits
                0x000000000800de1c       0x5c c:/st/stm32cubeide_1.6.1/stm32cubeide/plugins/com.st.stm32cube.ide.mcu.externaltools.gnu-tools-for-stm32.9-2020-q2-update.win32_1.5.0.202011040924/tools/bin/../lib/gcc/arm-none-eabi/9.3.1/../../../../arm-none-eabi/lib/thumb/v7-m/nofp\libc_nano.a(lib_a-mprec.o)
                0x000000000800de1c                __lo0bits
 .text.__i2b    0x000000000800de78       0x2c c:/st/stm32cubeide_1.6.1/stm32cubeide/plugins/com.st.stm32cube.ide.mcu.externaltools.gnu-tools-for-stm32.9-2020-q2-update.win32_1.5.0.202011040924/tools/bin/../lib/gcc/arm-none-eabi/9.3.1/../../../../arm-none-eabi/lib/thumb/v7-m/nofp\libc_nano.a(lib_a-mprec.o)
                0x000000000800de78                __i2b
 .text.__multiply
                0x000000000800dea4      0x148 c:/st/stm32cubeide_1.6.1/stm32cubeide/plugins/com.st.stm32cube.ide.mcu.externaltools.gnu-tools-for-stm32.9-2020-q2-update.win32_1.5.0.202011040924/tools/bin/../lib/gcc/arm-none-eabi/9.3.1/../../../../arm-none-eabi/lib/thumb/v7-m/nofp\libc_nano.a(lib_a-mprec.o)
                0x000000000800dea4                __multiply
 .text.__pow5mult
                0x000000000800dfec       0xb4 c:/st/stm32cubeide_1.6.1/stm32cubeide/plugins/com.st.stm32cube.ide.mcu.externaltools.gnu-tools-for-stm32.9-2020-q2-update.win32_1.5.0.202011040924/tools/bin/../lib/gcc/arm-none-eabi/9.3.1/../../../../arm-none-eabi/lib/thumb/v7-m/nofp\libc_nano.a(lib_a-mprec.o)
                0x000000000800dfec                __pow5mult
 .text.__lshift
                0x000000000800e0a0       0xd8 c:/st/stm32cubeide_1.6.1/stm32cubeide/plugins/com.st.stm32cube.ide.mcu.externaltools.gnu-tools-for-stm32.9-2020-q2-update.win32_1.5.0.202011040924/tools/bin/../lib/gcc/arm-none-eabi/9.3.1/../../../../arm-none-eabi/lib/thumb/v7-m/nofp\libc_nano.a(lib_a-mprec.o)
                0x000000000800e0a0                __lshift
 .text.__mcmp   0x000000000800e178       0x36 c:/st/stm32cubeide_1.6.1/stm32cubeide/plugins/com.st.stm32cube.ide.mcu.externaltools.gnu-tools-for-stm32.9-2020-q2-update.win32_1.5.0.202011040924/tools/bin/../lib/gcc/arm-none-eabi/9.3.1/../../../../arm-none-eabi/lib/thumb/v7-m/nofp\libc_nano.a(lib_a-mprec.o)
                0x000000000800e178                __mcmp
 *fill*         0x000000000800e1ae        0x2 
 .text.__mdiff  0x000000000800e1b0      0x120 c:/st/stm32cubeide_1.6.1/stm32cubeide/plugins/com.st.stm32cube.ide.mcu.externaltools.gnu-tools-for-stm32.9-2020-q2-update.win32_1.5.0.202011040924/tools/bin/../lib/gcc/arm-none-eabi/9.3.1/../../../../arm-none-eabi/lib/thumb/v7-m/nofp\libc_nano.a(lib_a-mprec.o)
                0x000000000800e1b0                __mdiff
 .text.__ulp    0x000000000800e2d0       0x4c c:/st/stm32cubeide_1.6.1/stm32cubeide/plugins/com.st.stm32cube.ide.mcu.externaltools.gnu-tools-for-stm32.9-2020-q2-update.win32_1.5.0.202011040924/tools/bin/../lib/gcc/arm-none-eabi/9.3.1/../../../../arm-none-eabi/lib/thumb/v7-m/nofp\libc_nano.a(lib_a-mprec.o)
                0x000000000800e2d0                __ulp
 .text.__b2d    0x000000000800e31c       0xa8 c:/st/stm32cubeide_1.6.1/stm32cubeide/plugins/com.st.stm32cube.ide.mcu.externaltools.gnu-tools-for-stm32.9-2020-q2-update.win32_1.5.0.202011040924/tools/bin/../lib/gcc/arm-none-eabi/9.3.1/../../../../arm-none-eabi/lib/thumb/v7-m/nofp\libc_nano.a(lib_a-mprec.o)
                0x000000000800e31c                __b2d
 .text.__d2b    0x000000000800e3c4       0xb8 c:/st/stm32cubeide_1.6.1/stm32cubeide/plugins/com.st.stm32cube.ide.mcu.externaltools.gnu-tools-for-stm32.9-2020-q2-update.win32_1.5.0.202011040924/tools/bin/../lib/gcc/arm-none-eabi/9.3.1/../../../../arm-none-eabi/lib/thumb/v7-m/nofp\libc_nano.a(lib_a-mprec.o)
                0x000000000800e3c4                __d2b
 .text.__ratio  0x000000000800e47c       0x5c c:/st/stm32cubeide_1.6.1/stm32cubeide/plugins/com.st.stm32cube.ide.mcu.externaltools.gnu-tools-for-stm32.9-2020-q2-update.win32_1.5.0.202011040924/tools/bin/../lib/gcc/arm-none-eabi/9.3.1/../../../../arm-none-eabi/lib/thumb/v7-m/nofp\libc_nano.a(lib_a-mprec.o)
                0x000000000800e47c                __ratio
 .text.__copybits
                0x000000000800e4d8       0x46 c:/st/stm32cubeide_1.6.1/stm32cubeide/plugins/com.st.stm32cube.ide.mcu.externaltools.gnu-tools-for-stm32.9-2020-q2-update.win32_1.5.0.202011040924/tools/bin/../lib/gcc/arm-none-eabi/9.3.1/../../../../arm-none-eabi/lib/thumb/v7-m/nofp\libc_nano.a(lib_a-mprec.o)
                0x000000000800e4d8                __copybits
 .text.__any_on
                0x000000000800e51e       0x42 c:/st/stm32cubeide_1.6.1/stm32cubeide/plugins/com.st.stm32cube.ide.mcu.externaltools.gnu-tools-for-stm32.9-2020-q2-update.win32_1.5.0.202011040924/tools/bin/../lib/gcc/arm-none-eabi/9.3.1/../../../../arm-none-eabi/lib/thumb/v7-m/nofp\libc_nano.a(lib_a-mprec.o)
                0x000000000800e51e                __any_on
 .text._calloc_r
                0x000000000800e560       0x1c c:/st/stm32cubeide_1.6.1/stm32cubeide/plugins/com.st.stm32cube.ide.mcu.externaltools.gnu-tools-for-stm32.9-2020-q2-update.win32_1.5.0.202011040924/tools/bin/../lib/gcc/arm-none-eabi/9.3.1/../../../../arm-none-eabi/lib/thumb/v7-m/nofp\libc_nano.a(lib_a-nano-callocr.o)
                0x000000000800e560                _calloc_r
 .text.__ssputs_r
                0x000000000800e57c       0xb6 c:/st/stm32cubeide_1.6.1/stm32cubeide/plugins/com.st.stm32cube.ide.mcu.externaltools.gnu-tools-for-stm32.9-2020-q2-update.win32_1.5.0.202011040924/tools/bin/../lib/gcc/arm-none-eabi/9.3.1/../../../../arm-none-eabi/lib/thumb/v7-m/nofp\libc_nano.a(lib_a-nano-svfprintf.o)
                0x000000000800e57c                __ssputs_r
 *fill*         0x000000000800e632        0x2 
 .text._svfprintf_r
                0x000000000800e634      0x200 c:/st/stm32cubeide_1.6.1/stm32cubeide/plugins/com.st.stm32cube.ide.mcu.externaltools.gnu-tools-for-stm32.9-2020-q2-update.win32_1.5.0.202011040924/tools/bin/../lib/gcc/arm-none-eabi/9.3.1/../../../../arm-none-eabi/lib/thumb/v7-m/nofp\libc_nano.a(lib_a-nano-svfprintf.o)
                0x000000000800e634                _svfiprintf_r
                0x000000000800e634                _svfprintf_r
 .text.nan      0x000000000800e834        0xc c:/st/stm32cubeide_1.6.1/stm32cubeide/plugins/com.st.stm32cube.ide.mcu.externaltools.gnu-tools-for-stm32.9-2020-q2-update.win32_1.5.0.202011040924/tools/bin/../lib/gcc/arm-none-eabi/9.3.1/../../../../arm-none-eabi/lib/thumb/v7-m/nofp\libc_nano.a(lib_a-s_nan.o)
                0x000000000800e834                nan
 .text.__ascii_wctomb
                0x000000000800e840       0x1a c:/st/stm32cubeide_1.6.1/stm32cubeide/plugins/com.st.stm32cube.ide.mcu.externaltools.gnu-tools-for-stm32.9-2020-q2-update.win32_1.5.0.202011040924/tools/bin/../lib/gcc/arm-none-eabi/9.3.1/../../../../arm-none-eabi/lib/thumb/v7-m/nofp\libc_nano.a(lib_a-wctomb_r.o)
                0x000000000800e840                __ascii_wctomb
 *fill*         0x000000000800e85a        0x2 
 .text.__assert_func
                0x000000000800e85c       0x3c c:/st/stm32cubeide_1.6.1/stm32cubeide/plugins/com.st.stm32cube.ide.mcu.externaltools.gnu-tools-for-stm32.9-2020-q2-update.win32_1.5.0.202011040924/tools/bin/../lib/gcc/arm-none-eabi/9.3.1/../../../../arm-none-eabi/lib/thumb/v7-m/nofp\libc_nano.a(lib_a-assert.o)
                0x000000000800e85c                __assert_func
 .text.fprintf  0x000000000800e898       0x24 c:/st/stm32cubeide_1.6.1/stm32cubeide/plugins/com.st.stm32cube.ide.mcu.externaltools.gnu-tools-for-stm32.9-2020-q2-update.win32_1.5.0.202011040924/tools/bin/../lib/gcc/arm-none-eabi/9.3.1/../../../../arm-none-eabi/lib/thumb/v7-m/nofp\libc_nano.a(lib_a-fprintf.o)
                0x000000000800e898                fiprintf
                0x000000000800e898                fprintf
 .text.__retarget_lock_init_recursive
                0x000000000800e8bc        0x2 c:/st/stm32cubeide_1.6.1/stm32cubeide/plugins/com.st.stm32cube.ide.mcu.externaltools.gnu-tools-for-stm32.9-2020-q2-update.win32_1.5.0.202011040924/tools/bin/../lib/gcc/arm-none-eabi/9.3.1/../../../../arm-none-eabi/lib/thumb/v7-m/nofp\libc_nano.a(lib_a-lock.o)
                0x000000000800e8bc                __retarget_lock_init_recursive
 .text.__retarget_lock_acquire_recursive
                0x000000000800e8be        0x2 c:/st/stm32cubeide_1.6.1/stm32cubeide/plugins/com.st.stm32cube.ide.mcu.externaltools.gnu-tools-for-stm32.9-2020-q2-update.win32_1.5.0.202011040924/tools/bin/../lib/gcc/arm-none-eabi/9.3.1/../../../../arm-none-eabi/lib/thumb/v7-m/nofp\libc_nano.a(lib_a-lock.o)
                0x000000000800e8be                __retarget_lock_acquire_recursive
 .text.__retarget_lock_release_recursive
                0x000000000800e8c0        0x2 c:/st/stm32cubeide_1.6.1/stm32cubeide/plugins/com.st.stm32cube.ide.mcu.externaltools.gnu-tools-for-stm32.9-2020-q2-update.win32_1.5.0.202011040924/tools/bin/../lib/gcc/arm-none-eabi/9.3.1/../../../../arm-none-eabi/lib/thumb/v7-m/nofp\libc_nano.a(lib_a-lock.o)
                0x000000000800e8c0                __retarget_lock_release_recursive
 .text.memmove  0x000000000800e8c2       0x34 c:/st/stm32cubeide_1.6.1/stm32cubeide/plugins/com.st.stm32cube.ide.mcu.externaltools.gnu-tools-for-stm32.9-2020-q2-update.win32_1.5.0.202011040924/tools/bin/../lib/gcc/arm-none-eabi/9.3.1/../../../../arm-none-eabi/lib/thumb/v7-m/nofp\libc_nano.a(lib_a-memmove.o)
                0x000000000800e8c2                memmove
 .text._realloc_r
                0x000000000800e8f6       0x4c c:/st/stm32cubeide_1.6.1/stm32cubeide/plugins/com.st.stm32cube.ide.mcu.externaltools.gnu-tools-for-stm32.9-2020-q2-update.win32_1.5.0.202011040924/tools/bin/../lib/gcc/arm-none-eabi/9.3.1/../../../../arm-none-eabi/lib/thumb/v7-m/nofp\libc_nano.a(lib_a-nano-reallocr.o)
                0x000000000800e8f6                _realloc_r
 .text.__sfputc_r
                0x000000000800e942       0x2a c:/st/stm32cubeide_1.6.1/stm32cubeide/plugins/com.st.stm32cube.ide.mcu.externaltools.gnu-tools-for-stm32.9-2020-q2-update.win32_1.5.0.202011040924/tools/bin/../lib/gcc/arm-none-eabi/9.3.1/../../../../arm-none-eabi/lib/thumb/v7-m/nofp\libc_nano.a(lib_a-nano-vfprintf.o)
 .text.__sfputs_r
                0x000000000800e96c       0x24 c:/st/stm32cubeide_1.6.1/stm32cubeide/plugins/com.st.stm32cube.ide.mcu.externaltools.gnu-tools-for-stm32.9-2020-q2-update.win32_1.5.0.202011040924/tools/bin/../lib/gcc/arm-none-eabi/9.3.1/../../../../arm-none-eabi/lib/thumb/v7-m/nofp\libc_nano.a(lib_a-nano-vfprintf.o)
                0x000000000800e96c                __sfputs_r
 .text._vfprintf_r
                0x000000000800e990      0x260 c:/st/stm32cubeide_1.6.1/stm32cubeide/plugins/com.st.stm32cube.ide.mcu.externaltools.gnu-tools-for-stm32.9-2020-q2-update.win32_1.5.0.202011040924/tools/bin/../lib/gcc/arm-none-eabi/9.3.1/../../../../arm-none-eabi/lib/thumb/v7-m/nofp\libc_nano.a(lib_a-nano-vfprintf.o)
                0x000000000800e990                _vfprintf_r
                0x000000000800e990                _vfiprintf_r
 .text.__swbuf_r
                0x000000000800ebf0       0xa4 c:/st/stm32cubeide_1.6.1/stm32cubeide/plugins/com.st.stm32cube.ide.mcu.externaltools.gnu-tools-for-stm32.9-2020-q2-update.win32_1.5.0.202011040924/tools/bin/../lib/gcc/arm-none-eabi/9.3.1/../../../../arm-none-eabi/lib/thumb/v7-m/nofp\libc_nano.a(lib_a-wbuf.o)
                0x000000000800ebf0                __swbuf_r
 .text.__swsetup_r
                0x000000000800ec94       0xdc c:/st/stm32cubeide_1.6.1/stm32cubeide/plugins/com.st.stm32cube.ide.mcu.externaltools.gnu-tools-for-stm32.9-2020-q2-update.win32_1.5.0.202011040924/tools/bin/../lib/gcc/arm-none-eabi/9.3.1/../../../../arm-none-eabi/lib/thumb/v7-m/nofp\libc_nano.a(lib_a-wsetup.o)
                0x000000000800ec94                __swsetup_r
 .text.abort    0x000000000800ed70        0xe c:/st/stm32cubeide_1.6.1/stm32cubeide/plugins/com.st.stm32cube.ide.mcu.externaltools.gnu-tools-for-stm32.9-2020-q2-update.win32_1.5.0.202011040924/tools/bin/../lib/gcc/arm-none-eabi/9.3.1/../../../../arm-none-eabi/lib/thumb/v7-m/nofp\libc_nano.a(lib_a-abort.o)
                0x000000000800ed70                abort
 *fill*         0x000000000800ed7e        0x2 
 .text.__sflush_r
                0x000000000800ed80      0x10c c:/st/stm32cubeide_1.6.1/stm32cubeide/plugins/com.st.stm32cube.ide.mcu.externaltools.gnu-tools-for-stm32.9-2020-q2-update.win32_1.5.0.202011040924/tools/bin/../lib/gcc/arm-none-eabi/9.3.1/../../../../arm-none-eabi/lib/thumb/v7-m/nofp\libc_nano.a(lib_a-fflush.o)
                0x000000000800ed80                __sflush_r
 .text._fflush_r
                0x000000000800ee8c       0x78 c:/st/stm32cubeide_1.6.1/stm32cubeide/plugins/com.st.stm32cube.ide.mcu.externaltools.gnu-tools-for-stm32.9-2020-q2-update.win32_1.5.0.202011040924/tools/bin/../lib/gcc/arm-none-eabi/9.3.1/../../../../arm-none-eabi/lib/thumb/v7-m/nofp\libc_nano.a(lib_a-fflush.o)
                0x000000000800ee8c                _fflush_r
 .text.std      0x000000000800ef04       0x48 c:/st/stm32cubeide_1.6.1/stm32cubeide/plugins/com.st.stm32cube.ide.mcu.externaltools.gnu-tools-for-stm32.9-2020-q2-update.win32_1.5.0.202011040924/tools/bin/../lib/gcc/arm-none-eabi/9.3.1/../../../../arm-none-eabi/lib/thumb/v7-m/nofp\libc_nano.a(lib_a-findfp.o)
 .text._cleanup_r
                0x000000000800ef4c        0xc c:/st/stm32cubeide_1.6.1/stm32cubeide/plugins/com.st.stm32cube.ide.mcu.externaltools.gnu-tools-for-stm32.9-2020-q2-update.win32_1.5.0.202011040924/tools/bin/../lib/gcc/arm-none-eabi/9.3.1/../../../../arm-none-eabi/lib/thumb/v7-m/nofp\libc_nano.a(lib_a-findfp.o)
                0x000000000800ef4c                _cleanup_r
 .text.__sfmoreglue
                0x000000000800ef58       0x2c c:/st/stm32cubeide_1.6.1/stm32cubeide/plugins/com.st.stm32cube.ide.mcu.externaltools.gnu-tools-for-stm32.9-2020-q2-update.win32_1.5.0.202011040924/tools/bin/../lib/gcc/arm-none-eabi/9.3.1/../../../../arm-none-eabi/lib/thumb/v7-m/nofp\libc_nano.a(lib_a-findfp.o)
                0x000000000800ef58                __sfmoreglue
 .text.__sfp_lock_acquire
                0x000000000800ef84        0xc c:/st/stm32cubeide_1.6.1/stm32cubeide/plugins/com.st.stm32cube.ide.mcu.externaltools.gnu-tools-for-stm32.9-2020-q2-update.win32_1.5.0.202011040924/tools/bin/../lib/gcc/arm-none-eabi/9.3.1/../../../../arm-none-eabi/lib/thumb/v7-m/nofp\libc_nano.a(lib_a-findfp.o)
                0x000000000800ef84                __sfp_lock_acquire
 .text.__sfp_lock_release
                0x000000000800ef90        0xc c:/st/stm32cubeide_1.6.1/stm32cubeide/plugins/com.st.stm32cube.ide.mcu.externaltools.gnu-tools-for-stm32.9-2020-q2-update.win32_1.5.0.202011040924/tools/bin/../lib/gcc/arm-none-eabi/9.3.1/../../../../arm-none-eabi/lib/thumb/v7-m/nofp\libc_nano.a(lib_a-findfp.o)
                0x000000000800ef90                __sfp_lock_release
 .text.__sinit_lock_acquire
                0x000000000800ef9c        0xc c:/st/stm32cubeide_1.6.1/stm32cubeide/plugins/com.st.stm32cube.ide.mcu.externaltools.gnu-tools-for-stm32.9-2020-q2-update.win32_1.5.0.202011040924/tools/bin/../lib/gcc/arm-none-eabi/9.3.1/../../../../arm-none-eabi/lib/thumb/v7-m/nofp\libc_nano.a(lib_a-findfp.o)
                0x000000000800ef9c                __sinit_lock_acquire
 .text.__sinit_lock_release
                0x000000000800efa8        0xc c:/st/stm32cubeide_1.6.1/stm32cubeide/plugins/com.st.stm32cube.ide.mcu.externaltools.gnu-tools-for-stm32.9-2020-q2-update.win32_1.5.0.202011040924/tools/bin/../lib/gcc/arm-none-eabi/9.3.1/../../../../arm-none-eabi/lib/thumb/v7-m/nofp\libc_nano.a(lib_a-findfp.o)
                0x000000000800efa8                __sinit_lock_release
 .text.__sinit  0x000000000800efb4       0x70 c:/st/stm32cubeide_1.6.1/stm32cubeide/plugins/com.st.stm32cube.ide.mcu.externaltools.gnu-tools-for-stm32.9-2020-q2-update.win32_1.5.0.202011040924/tools/bin/../lib/gcc/arm-none-eabi/9.3.1/../../../../arm-none-eabi/lib/thumb/v7-m/nofp\libc_nano.a(lib_a-findfp.o)
                0x000000000800efb4                __sinit
 .text.__sfp    0x000000000800f024       0x8c c:/st/stm32cubeide_1.6.1/stm32cubeide/plugins/com.st.stm32cube.ide.mcu.externaltools.gnu-tools-for-stm32.9-2020-q2-update.win32_1.5.0.202011040924/tools/bin/../lib/gcc/arm-none-eabi/9.3.1/../../../../arm-none-eabi/lib/thumb/v7-m/nofp\libc_nano.a(lib_a-findfp.o)
                0x000000000800f024                __sfp
 .text._fwalk_reent
                0x000000000800f0b0       0x3e c:/st/stm32cubeide_1.6.1/stm32cubeide/plugins/com.st.stm32cube.ide.mcu.externaltools.gnu-tools-for-stm32.9-2020-q2-update.win32_1.5.0.202011040924/tools/bin/../lib/gcc/arm-none-eabi/9.3.1/../../../../arm-none-eabi/lib/thumb/v7-m/nofp\libc_nano.a(lib_a-fwalk.o)
                0x000000000800f0b0                _fwalk_reent
 .text.__swhatbuf_r
                0x000000000800f0ee       0x48 c:/st/stm32cubeide_1.6.1/stm32cubeide/plugins/com.st.stm32cube.ide.mcu.externaltools.gnu-tools-for-stm32.9-2020-q2-update.win32_1.5.0.202011040924/tools/bin/../lib/gcc/arm-none-eabi/9.3.1/../../../../arm-none-eabi/lib/thumb/v7-m/nofp\libc_nano.a(lib_a-makebuf.o)
                0x000000000800f0ee                __swhatbuf_r
 *fill*         0x000000000800f136        0x2 
 .text.__smakebuf_r
                0x000000000800f138       0x80 c:/st/stm32cubeide_1.6.1/stm32cubeide/plugins/com.st.stm32cube.ide.mcu.externaltools.gnu-tools-for-stm32.9-2020-q2-update.win32_1.5.0.202011040924/tools/bin/../lib/gcc/arm-none-eabi/9.3.1/../../../../arm-none-eabi/lib/thumb/v7-m/nofp\libc_nano.a(lib_a-makebuf.o)
                0x000000000800f138                __smakebuf_r
 .text._malloc_usable_size_r
                0x000000000800f1b8       0x10 c:/st/stm32cubeide_1.6.1/stm32cubeide/plugins/com.st.stm32cube.ide.mcu.externaltools.gnu-tools-for-stm32.9-2020-q2-update.win32_1.5.0.202011040924/tools/bin/../lib/gcc/arm-none-eabi/9.3.1/../../../../arm-none-eabi/lib/thumb/v7-m/nofp\libc_nano.a(lib_a-nano-msizer.o)
                0x000000000800f1b8                _malloc_usable_size_r
 .text._raise_r
                0x000000000800f1c8       0x50 c:/st/stm32cubeide_1.6.1/stm32cubeide/plugins/com.st.stm32cube.ide.mcu.externaltools.gnu-tools-for-stm32.9-2020-q2-update.win32_1.5.0.202011040924/tools/bin/../lib/gcc/arm-none-eabi/9.3.1/../../../../arm-none-eabi/lib/thumb/v7-m/nofp\libc_nano.a(lib_a-signal.o)
                0x000000000800f1c8                _raise_r
 .text.raise    0x000000000800f218       0x10 c:/st/stm32cubeide_1.6.1/stm32cubeide/plugins/com.st.stm32cube.ide.mcu.externaltools.gnu-tools-for-stm32.9-2020-q2-update.win32_1.5.0.202011040924/tools/bin/../lib/gcc/arm-none-eabi/9.3.1/../../../../arm-none-eabi/lib/thumb/v7-m/nofp\libc_nano.a(lib_a-signal.o)
                0x000000000800f218                raise
 .text._kill_r  0x000000000800f228       0x24 c:/st/stm32cubeide_1.6.1/stm32cubeide/plugins/com.st.stm32cube.ide.mcu.externaltools.gnu-tools-for-stm32.9-2020-q2-update.win32_1.5.0.202011040924/tools/bin/../lib/gcc/arm-none-eabi/9.3.1/../../../../arm-none-eabi/lib/thumb/v7-m/nofp\libc_nano.a(lib_a-signalr.o)
                0x000000000800f228                _kill_r
 .text._getpid_r
                0x000000000800f24c        0x4 c:/st/stm32cubeide_1.6.1/stm32cubeide/plugins/com.st.stm32cube.ide.mcu.externaltools.gnu-tools-for-stm32.9-2020-q2-update.win32_1.5.0.202011040924/tools/bin/../lib/gcc/arm-none-eabi/9.3.1/../../../../arm-none-eabi/lib/thumb/v7-m/nofp\libc_nano.a(lib_a-signalr.o)
                0x000000000800f24c                _getpid_r
 .text.__sread  0x000000000800f250       0x22 c:/st/stm32cubeide_1.6.1/stm32cubeide/plugins/com.st.stm32cube.ide.mcu.externaltools.gnu-tools-for-stm32.9-2020-q2-update.win32_1.5.0.202011040924/tools/bin/../lib/gcc/arm-none-eabi/9.3.1/../../../../arm-none-eabi/lib/thumb/v7-m/nofp\libc_nano.a(lib_a-stdio.o)
                0x000000000800f250                __sread
 .text.__swrite
                0x000000000800f272       0x38 c:/st/stm32cubeide_1.6.1/stm32cubeide/plugins/com.st.stm32cube.ide.mcu.externaltools.gnu-tools-for-stm32.9-2020-q2-update.win32_1.5.0.202011040924/tools/bin/../lib/gcc/arm-none-eabi/9.3.1/../../../../arm-none-eabi/lib/thumb/v7-m/nofp\libc_nano.a(lib_a-stdio.o)
                0x000000000800f272                __swrite
 .text.__sseek  0x000000000800f2aa       0x24 c:/st/stm32cubeide_1.6.1/stm32cubeide/plugins/com.st.stm32cube.ide.mcu.externaltools.gnu-tools-for-stm32.9-2020-q2-update.win32_1.5.0.202011040924/tools/bin/../lib/gcc/arm-none-eabi/9.3.1/../../../../arm-none-eabi/lib/thumb/v7-m/nofp\libc_nano.a(lib_a-stdio.o)
                0x000000000800f2aa                __sseek
 .text.__sclose
                0x000000000800f2ce        0x8 c:/st/stm32cubeide_1.6.1/stm32cubeide/plugins/com.st.stm32cube.ide.mcu.externaltools.gnu-tools-for-stm32.9-2020-q2-update.win32_1.5.0.202011040924/tools/bin/../lib/gcc/arm-none-eabi/9.3.1/../../../../arm-none-eabi/lib/thumb/v7-m/nofp\libc_nano.a(lib_a-stdio.o)
                0x000000000800f2ce                __sclose
 *fill*         0x000000000800f2d6        0x2 
 .text._write_r
                0x000000000800f2d8       0x24 c:/st/stm32cubeide_1.6.1/stm32cubeide/plugins/com.st.stm32cube.ide.mcu.externaltools.gnu-tools-for-stm32.9-2020-q2-update.win32_1.5.0.202011040924/tools/bin/../lib/gcc/arm-none-eabi/9.3.1/../../../../arm-none-eabi/lib/thumb/v7-m/nofp\libc_nano.a(lib_a-writer.o)
                0x000000000800f2d8                _write_r
 .text._close_r
                0x000000000800f2fc       0x20 c:/st/stm32cubeide_1.6.1/stm32cubeide/plugins/com.st.stm32cube.ide.mcu.externaltools.gnu-tools-for-stm32.9-2020-q2-update.win32_1.5.0.202011040924/tools/bin/../lib/gcc/arm-none-eabi/9.3.1/../../../../arm-none-eabi/lib/thumb/v7-m/nofp\libc_nano.a(lib_a-closer.o)
                0x000000000800f2fc                _close_r
 .text._fstat_r
                0x000000000800f31c       0x24 c:/st/stm32cubeide_1.6.1/stm32cubeide/plugins/com.st.stm32cube.ide.mcu.externaltools.gnu-tools-for-stm32.9-2020-q2-update.win32_1.5.0.202011040924/tools/bin/../lib/gcc/arm-none-eabi/9.3.1/../../../../arm-none-eabi/lib/thumb/v7-m/nofp\libc_nano.a(lib_a-fstatr.o)
                0x000000000800f31c                _fstat_r
 .text._isatty_r
                0x000000000800f340       0x20 c:/st/stm32cubeide_1.6.1/stm32cubeide/plugins/com.st.stm32cube.ide.mcu.externaltools.gnu-tools-for-stm32.9-2020-q2-update.win32_1.5.0.202011040924/tools/bin/../lib/gcc/arm-none-eabi/9.3.1/../../../../arm-none-eabi/lib/thumb/v7-m/nofp\libc_nano.a(lib_a-isattyr.o)
                0x000000000800f340                _isatty_r
 .text._lseek_r
                0x000000000800f360       0x24 c:/st/stm32cubeide_1.6.1/stm32cubeide/plugins/com.st.stm32cube.ide.mcu.externaltools.gnu-tools-for-stm32.9-2020-q2-update.win32_1.5.0.202011040924/tools/bin/../lib/gcc/arm-none-eabi/9.3.1/../../../../arm-none-eabi/lib/thumb/v7-m/nofp\libc_nano.a(lib_a-lseekr.o)
                0x000000000800f360                _lseek_r
 .text._read_r  0x000000000800f384       0x24 c:/st/stm32cubeide_1.6.1/stm32cubeide/plugins/com.st.stm32cube.ide.mcu.externaltools.gnu-tools-for-stm32.9-2020-q2-update.win32_1.5.0.202011040924/tools/bin/../lib/gcc/arm-none-eabi/9.3.1/../../../../arm-none-eabi/lib/thumb/v7-m/nofp\libc_nano.a(lib_a-readr.o)
                0x000000000800f384                _read_r
 *(.glue_7)
 .glue_7        0x000000000800f3a8        0x0 linker stubs
 *(.glue_7t)
 .glue_7t       0x000000000800f3a8        0x0 linker stubs
 *(.eh_frame)
 .eh_frame      0x000000000800f3a8        0x0 c:/st/stm32cubeide_1.6.1/stm32cubeide/plugins/com.st.stm32cube.ide.mcu.externaltools.gnu-tools-for-stm32.9-2020-q2-update.win32_1.5.0.202011040924/tools/bin/../lib/gcc/arm-none-eabi/9.3.1/thumb/v7-m/nofp/crtbegin.o
 *(.init)
 .init          0x000000000800f3a8        0x4 c:/st/stm32cubeide_1.6.1/stm32cubeide/plugins/com.st.stm32cube.ide.mcu.externaltools.gnu-tools-for-stm32.9-2020-q2-update.win32_1.5.0.202011040924/tools/bin/../lib/gcc/arm-none-eabi/9.3.1/thumb/v7-m/nofp/crti.o
                0x000000000800f3a8                _init
 .init          0x000000000800f3ac        0x8 c:/st/stm32cubeide_1.6.1/stm32cubeide/plugins/com.st.stm32cube.ide.mcu.externaltools.gnu-tools-for-stm32.9-2020-q2-update.win32_1.5.0.202011040924/tools/bin/../lib/gcc/arm-none-eabi/9.3.1/thumb/v7-m/nofp/crtn.o
 *(.fini)