main.c:136:6:PWM_SetSpeed	24	static
main.c:144:6:PWM_Stop	8	static
main.c:147:6:PWM_Start	8	static
main.c:150:6:sentido	16	static
main.c:162:6:speed	32	static
main.c:177:6:I2C_controllerTask	48	static
main.c:194:6:buttonHandlerTask	64	static
main.c:299:6:menuTask	56	static
main.c:414:6:PID_Task	136	static
main.c:528:6:as5600_readerTask	40	static
main.c:552:6:EXTI3_IRQHandler	16	static,ignoring_inline_asm
main.c:558:6:EXTI4_IRQHandler	16	static,ignoring_inline_asm
main.c:564:6:EXTI9_5_IRQHandler	16	static,ignoring_inline_asm
main.c:570:6:EXTI15_10_IRQHandler	16	static,ignoring_inline_asm
main.c:602:5:main	16	static
main.c:690:6:SystemClock_Config	72	static
main.c:729:13:MX_I2C2_Init	8	static
main.c:763:13:MX_TIM1_Init	80	static
main.c:828:13:MX_GPIO_Init	40	static
main.c:896:6:HAL_TIM_PeriodElapsedCallback	16	static
main.c:913:6:Error_Handler	4	static,ignoring_inline_asm
